Component: ARM Compiler 5.06 update 7 (build 960) Tool: armlink [4d3601]

==============================================================================

Section Cross References

    main.o(i.Process_Data) refers to rt_cmsis.o(i.osSignalWait) for osSignalWait
    main.o(i.Process_Data) refers to gpio.o(i.Allumer_1LED) for Allumer_1LED
    main.o(i.Process_Data) refers to lidar.o(i.arrayToAngle) for arrayToAngle
    main.o(i.Process_Data) refers to lidar.o(i.arrayToRange) for arrayToRange
    main.o(i.Process_Data) refers to gpio.o(i.Eteindre_1LED) for Eteindre_1LED
    main.o(i.Process_Data) refers to rt_cmsis.o(i.osSignalSet) for osSignalSet
    main.o(i.Process_Data) refers to main.o(.bss) for process1
    main.o(i.Process_Data) refers to main.o(.data) for passage2
    main.o(i.Receive_Data) refers to rt_cmsis.o(i.osSignalWait) for osSignalWait
    main.o(i.Receive_Data) refers to gpio.o(i.Allumer_1LED) for Allumer_1LED
    main.o(i.Receive_Data) refers to main.o(i.synchro_LIDAR) for synchro_LIDAR
    main.o(i.Receive_Data) refers to gpio.o(i.Eteindre_1LED) for Eteindre_1LED
    main.o(i.Receive_Data) refers to rt_cmsis.o(i.osSignalSet) for osSignalSet
    main.o(i.Receive_Data) refers to uart_lpc17xx.o(.constdata) for Driver_USART1
    main.o(i.Receive_Data) refers to main.o(.bss) for value
    main.o(i.Receive_Data) refers to main.o(.data) for ID_Process_Data
    main.o(i.main) refers to gpio.o(i.Initialise_GPIO) for Initialise_GPIO
    main.o(i.main) refers to lidar.o(i.Init_UART1) for Init_UART1
    main.o(i.main) refers to lidar.o(i.initPwm) for initPwm
    main.o(i.main) refers to glcd_mcb1700.o(i.GLCD_Initialize) for GLCD_Initialize
    main.o(i.main) refers to glcd_mcb1700.o(i.GLCD_ClearScreen) for GLCD_ClearScreen
    main.o(i.main) refers to glcd_mcb1700.o(i.GLCD_SetFont) for GLCD_SetFont
    main.o(i.main) refers to rt_cmsis.o(i.osDelay) for osDelay
    main.o(i.main) refers to rt_cmsis.o(i.osKernelInitialize) for osKernelInitialize
    main.o(i.main) refers to rt_cmsis.o(i.osThreadCreate) for osThreadCreate
    main.o(i.main) refers to rt_cmsis.o(i.osKernelStart) for osKernelStart
    main.o(i.main) refers to lidar.o(i.Start_LIDAR) for Start_LIDAR
    main.o(i.main) refers to rt_cmsis.o(i.osSignalSet) for osSignalSet
    main.o(i.main) refers to glcd_fonts.o(.constdata) for GLCD_Font_16x24
    main.o(i.main) refers to main.o(.constdata) for os_thread_def_Receive_Data
    main.o(i.main) refers to main.o(.data) for ID_Receive_Data
    main.o(i.synchro_LIDAR) refers to uart_lpc17xx.o(.constdata) for Driver_USART1
    main.o(.constdata) refers to main.o(i.Receive_Data) for Receive_Data
    main.o(.constdata) refers to main.o(i.Process_Data) for Process_Data
    lidar.o(i.Init_UART1) refers to uart_lpc17xx.o(.constdata) for Driver_USART1
    lidar.o(i.Start_LIDAR) refers to uart_lpc17xx.o(.constdata) for Driver_USART1
    lidar.o(i.Stop_LIDAR) refers to uart_lpc17xx.o(.constdata) for Driver_USART1
    lidar.o(i.initPwm) refers to gpio.o(i.Initialise_GPIO) for Initialise_GPIO
    gpio.o(i.Ecriture_GPIO2) refers to gpio.o(i.Allumer_1LED) for Allumer_1LED
    gpio.o(i.Ecriture_GPIO2) refers to gpio.o(i.Eteindre_1LED) for Eteindre_1LED
    glcd_mcb1700.o(i.GLCD_ClearScreen) refers to glcd_mcb1700.o(i.GLCD_SetWindow) for GLCD_SetWindow
    glcd_mcb1700.o(i.GLCD_ClearScreen) refers to glcd_mcb1700.o(i.wr_cmd) for wr_cmd
    glcd_mcb1700.o(i.GLCD_ClearScreen) refers to glcd_mcb1700.o(i.wr_dat_start) for wr_dat_start
    glcd_mcb1700.o(i.GLCD_ClearScreen) refers to glcd_mcb1700.o(i.wr_dat_only) for wr_dat_only
    glcd_mcb1700.o(i.GLCD_ClearScreen) refers to glcd_mcb1700.o(i.wr_dat_stop) for wr_dat_stop
    glcd_mcb1700.o(i.GLCD_ClearScreen) refers to glcd_mcb1700.o(.data) for background_color
    glcd_mcb1700.o(i.GLCD_DrawBargraph) refers to glcd_mcb1700.o(i.GLCD_SetWindow) for GLCD_SetWindow
    glcd_mcb1700.o(i.GLCD_DrawBargraph) refers to glcd_mcb1700.o(i.wr_cmd) for wr_cmd
    glcd_mcb1700.o(i.GLCD_DrawBargraph) refers to glcd_mcb1700.o(i.wr_dat_start) for wr_dat_start
    glcd_mcb1700.o(i.GLCD_DrawBargraph) refers to glcd_mcb1700.o(i.wr_dat_only) for wr_dat_only
    glcd_mcb1700.o(i.GLCD_DrawBargraph) refers to glcd_mcb1700.o(i.wr_dat_stop) for wr_dat_stop
    glcd_mcb1700.o(i.GLCD_DrawBargraph) refers to glcd_mcb1700.o(.data) for background_color
    glcd_mcb1700.o(i.GLCD_DrawBitmap) refers to glcd_mcb1700.o(i.GLCD_SetWindow) for GLCD_SetWindow
    glcd_mcb1700.o(i.GLCD_DrawBitmap) refers to glcd_mcb1700.o(i.wr_cmd) for wr_cmd
    glcd_mcb1700.o(i.GLCD_DrawBitmap) refers to glcd_mcb1700.o(i.wr_dat_start) for wr_dat_start
    glcd_mcb1700.o(i.GLCD_DrawBitmap) refers to glcd_mcb1700.o(i.wr_dat_only) for wr_dat_only
    glcd_mcb1700.o(i.GLCD_DrawBitmap) refers to glcd_mcb1700.o(i.wr_dat_stop) for wr_dat_stop
    glcd_mcb1700.o(i.GLCD_DrawChar) refers to glcd_mcb1700.o(i.GLCD_SetWindow) for GLCD_SetWindow
    glcd_mcb1700.o(i.GLCD_DrawChar) refers to glcd_mcb1700.o(i.wr_cmd) for wr_cmd
[...]
    USART_GetStatus                          0x00002e91   Thumb Code    94  uart_lpc17xx.o(i.USART_GetStatus)
    i.USART_GetTxCount                       0x00002eee   Section        0  uart_lpc17xx.o(i.USART_GetTxCount)
    USART_GetTxCount                         0x00002eef   Thumb Code    28  uart_lpc17xx.o(i.USART_GetTxCount)
    i.USART_IRQHandler                       0x00002f0a   Section        0  uart_lpc17xx.o(i.USART_IRQHandler)
    USART_IRQHandler                         0x00002f0b   Thumb Code   624  uart_lpc17xx.o(i.USART_IRQHandler)
    i.USART_Initialize                       0x0000317a   Section        0  uart_lpc17xx.o(i.USART_Initialize)
    USART_Initialize                         0x0000317b   Thumb Code   254  uart_lpc17xx.o(i.USART_Initialize)
    i.USART_PIN_Configure                    0x00003278   Section        0  uart_lpc17xx.o(i.USART_PIN_Configure)
    USART_PIN_Configure                      0x00003279   Thumb Code   246  uart_lpc17xx.o(i.USART_PIN_Configure)
    i.USART_PowerControl                     0x00003370   Section        0  uart_lpc17xx.o(i.USART_PowerControl)
    USART_PowerControl                       0x00003371   Thumb Code   586  uart_lpc17xx.o(i.USART_PowerControl)
    i.USART_Receive                          0x000035c0   Section        0  uart_lpc17xx.o(i.USART_Receive)
    USART_Receive                            0x000035c1   Thumb Code   272  uart_lpc17xx.o(i.USART_Receive)
    i.USART_RxLineIntHandler                 0x000036d0   Section        0  uart_lpc17xx.o(i.USART_RxLineIntHandler)
    USART_RxLineIntHandler                   0x000036d1   Thumb Code   104  uart_lpc17xx.o(i.USART_RxLineIntHandler)
    i.USART_Send                             0x00003738   Section        0  uart_lpc17xx.o(i.USART_Send)
    USART_Send                               0x00003739   Thumb Code   412  uart_lpc17xx.o(i.USART_Send)
    i.USART_SetBaudrate                      0x000038d4   Section        0  uart_lpc17xx.o(i.USART_SetBaudrate)
    i.USART_SetModemControl                  0x00003a14   Section        0  uart_lpc17xx.o(i.USART_SetModemControl)
    USART_SetModemControl                    0x00003a15   Thumb Code   160  uart_lpc17xx.o(i.USART_SetModemControl)
    i.USART_Transfer                         0x00003ab4   Section        0  uart_lpc17xx.o(i.USART_Transfer)
    USART_Transfer                           0x00003ab5   Thumb Code   122  uart_lpc17xx.o(i.USART_Transfer)
    i.USART_Uninitialize                     0x00003b2e   Section        0  uart_lpc17xx.o(i.USART_Uninitialize)
    USART_Uninitialize                       0x00003b2f   Thumb Code   226  uart_lpc17xx.o(i.USART_Uninitialize)
    i.USARTx_GetVersion                      0x00003c10   Section        0  uart_lpc17xx.o(i.USARTx_GetVersion)
    USARTx_GetVersion                        0x00003c11   Thumb Code    10  uart_lpc17xx.o(i.USARTx_GetVersion)
    i.__NVIC_ClearPendingIRQ                 0x00003c20   Section        0  ssp_lpc17xx.o(i.__NVIC_ClearPendingIRQ)
    __NVIC_ClearPendingIRQ                   0x00003c21   Thumb Code    22  ssp_lpc17xx.o(i.__NVIC_ClearPendingIRQ)
    i.__NVIC_ClearPendingIRQ                 0x00003c3c   Section        0  uart_lpc17xx.o(i.__NVIC_ClearPendingIRQ)
    __NVIC_ClearPendingIRQ                   0x00003c3d   Thumb Code    22  uart_lpc17xx.o(i.__NVIC_ClearPendingIRQ)
    i.__NVIC_ClearPendingIRQ                 0x00003c58   Section        0  gpdma_lpc17xx.o(i.__NVIC_ClearPendingIRQ)
    __NVIC_ClearPendingIRQ                   0x00003c59   Thumb Code    22  gpdma_lpc17xx.o(i.__NVIC_ClearPendingIRQ)
    i._init_box                              0x00003c74   Section        0  rt_membox.o(i._init_box)
    i._mutex_acquire                         0x00003cbc   Section        0  rtx_conf_cm.o(i._mutex_acquire)
    __tagsym$$used                           0x00003cbd   Number         0  rtx_conf_cm.o(i._mutex_acquire)
    i._mutex_release                         0x00003cdc   Section        0  rtx_conf_cm.o(i._mutex_release)
    __tagsym$$used                           0x00003cdd   Number         0  rtx_conf_cm.o(i._mutex_release)
    i.arrayToAngle                           0x00003cf8   Section        0  lidar.o(i.arrayToAngle)
    i.arrayToRange                           0x00003d02   Section        0  lidar.o(i.arrayToRange)
    i.dbg_init                               0x00003d0c   Section        0  hal_cm.o(i.dbg_init)
    i.dbg_task_notify                        0x00003d3c   Section        0  hal_cm.o(i.dbg_task_notify)
    i.dbg_task_switch                        0x00003d5c   Section        0  hal_cm.o(i.dbg_task_switch)
    i.delay_ms                               0x00003d6c   Section        0  glcd_mcb1700.o(i.delay_ms)
    delay_ms                                 0x00003d6d   Thumb Code    42  glcd_mcb1700.o(i.delay_ms)
    i.initPwm                                0x00003d9c   Section        0  lidar.o(i.initPwm)
    i.isrMessageGet                          0x00003dfc   Section        0  rt_cmsis.o(i.isrMessageGet)
    i.isrMessagePut                          0x00003e26   Section        0  rt_cmsis.o(i.isrMessagePut)
    i.isrSignalSet                           0x00003e52   Section        0  rt_cmsis.o(i.isrSignalSet)
    i.isr_evt_set                            0x00003e78   Section        0  rt_event.o(i.isr_evt_set)
    i.isr_mbx_receive                        0x00003ea0   Section        0  rt_mailbox.o(i.isr_mbx_receive)
    i.isr_mbx_send                           0x00003ef6   Section        0  rt_mailbox.o(i.isr_mbx_send)
    i.main                                   0x00003f04   Section        0  main.o(i.main)
    i.osDelay                                0x00003f88   Section        0  rt_cmsis.o(i.osDelay)
    i.osKernelInitialize                     0x00003fa0   Section        0  rt_cmsis.o(i.osKernelInitialize)
    i.osKernelStart                          0x00003fc4   Section        0  rt_cmsis.o(i.osKernelStart)
    i.osMessageGet                           0x00004030   Section        0  rt_cmsis.o(i.osMessageGet)
    i.osSignalSet                            0x00004048   Section        0  rt_cmsis.o(i.osSignalSet)
    i.osSignalWait                           0x00004060   Section        0  rt_cmsis.o(i.osSignalWait)
    i.osThreadCreate                         0x00004078   Section        0  rt_cmsis.o(i.osThreadCreate)
    i.osThreadExit                           0x000040a4   Section        0  rt_cmsis.o(i.osThreadExit)
    i.osTimerCall                            0x000040bc   Section        0  rt_cmsis.o(i.osTimerCall)
    i.osTimerThread                          0x000040c8   Section        0  rt_cmsis.o(i.osTimerThread)
    i.os_error                               0x000040f4   Section        0  rtx_conf_cm.o(i.os_error)
    i.os_idle_demon                          0x00004116   Section        0  rtx_conf_cm.o(i.os_idle_demon)
    i.os_tick_init                           0x0000411c   Section        0  rt_system.o(i.os_tick_init)
    i.rd_id_man                              0x00004144   Section        0  glcd_mcb1700.o(i.rd_id_man)
    rd_id_man                                0x00004145   Thumb Code   196  glcd_mcb1700.o(i.rd_id_man)
    i.rt_alloc_box                           0x0000420c   Section        0  rt_membox.o(i.rt_alloc_box)
    i.rt_alloc_mem                           0x00004226   Section        0  rt_memory.o(i.rt_alloc_mem)
    i.rt_block                               0x00004264   Section        0  rt_task.o(i.rt_block)
    i.rt_chk_robin                           0x0000429c   Section        0  rt_robin.o(i.rt_chk_robin)
    i.rt_dec_dly                             0x000042e4   Section        0  rt_list.o(i.rt_dec_dly)
    i.rt_dispatch                            0x00004354   Section        0  rt_task.o(i.rt_dispatch)
    i.rt_dly_wait                            0x00004398   Section        0  rt_time.o(i.rt_dly_wait)
    i.rt_evt_psh                             0x000043a0   Section        0  rt_event.o(i.rt_evt_psh)
    i.rt_evt_set                             0x000043f0   Section        0  rt_event.o(i.rt_evt_set)
    i.rt_evt_wait                            0x0000444c   Section        0  rt_event.o(i.rt_evt_wait)
    i.rt_free_box                            0x00004488   Section        0  rt_membox.o(i.rt_free_box)
    i.rt_free_mem                            0x000044b4   Section        0  rt_memory.o(i.rt_free_mem)
    i.rt_get_first                           0x000044dc   Section        0  rt_list.o(i.rt_get_first)
    i.rt_id2obj                              0x00004504   Section        0  rt_cmsis.o(i.rt_id2obj)
    rt_id2obj                                0x00004505   Thumb Code     8  rt_cmsis.o(i.rt_id2obj)
    i.rt_init_context                        0x0000450c   Section        0  rt_task.o(i.rt_init_context)
    rt_init_context                          0x0000450d   Thumb Code    66  rt_task.o(i.rt_init_context)
    i.rt_init_mem                            0x00004554   Section        0  rt_memory.o(i.rt_init_mem)
    i.rt_init_robin                          0x00004570   Section        0  rt_robin.o(i.rt_init_robin)
    i.rt_init_stack                          0x00004588   Section        0  hal_cm.o(i.rt_init_stack)
    i.rt_mbx_check                           0x00004608   Section        0  rt_mailbox.o(i.rt_mbx_check)
    i.rt_mbx_init                            0x00004610   Section        0  rt_mailbox.o(i.rt_mbx_init)
    i.rt_mbx_psh                             0x0000462c   Section        0  rt_mailbox.o(i.rt_mbx_psh)
    i.rt_mbx_wait                            0x0000471c   Section        0  rt_mailbox.o(i.rt_mbx_wait)
    i.rt_ms2tick                             0x000047d0   Section        0  rt_cmsis.o(i.rt_ms2tick)
    rt_ms2tick                               0x000047d1   Thumb Code    58  rt_cmsis.o(i.rt_ms2tick)
    i.rt_mut_release                         0x00004814   Section        0  rt_mutex.o(i.rt_mut_release)
    i.rt_mut_wait                            0x000048ec   Section        0  rt_mutex.o(i.rt_mut_wait)
    i.rt_pop_req                             0x00004964   Section        0  rt_system.o(i.rt_pop_req)
    i.rt_psh_req                             0x000049e0   Section        0  rt_system.o(i.rt_psh_req)
    i.rt_psq_enq                             0x00004a00   Section        0  rt_list.o(i.rt_psq_enq)
    i.rt_put_dly                             0x00004a5c   Section        0  rt_list.o(i.rt_put_dly)
    i.rt_put_prio                            0x00004aa4   Section        0  rt_list.o(i.rt_put_prio)
    i.rt_put_rdy_first                       0x00004adc   Section        0  rt_list.o(i.rt_put_rdy_first)
    i.rt_resort_prio                         0x00004af0   Section        0  rt_list.o(i.rt_resort_prio)
    i.rt_ret_val                             0x00004b24   Section        0  hal_cm.o(i.rt_ret_val)
    i.rt_ret_val2                            0x00004b2a   Section        0  hal_cm.o(i.rt_ret_val2)
    i.rt_rmv_dly                             0x00004b32   Section        0  rt_list.o(i.rt_rmv_dly)
    i.rt_rmv_list                            0x00004b5c   Section        0  rt_list.o(i.rt_rmv_list)
    i.rt_sem_psh                             0x00004b8c   Section        0  rt_semaphore.o(i.rt_sem_psh)
    i.rt_stk_check                           0x00004bc0   Section        0  rt_system.o(i.rt_stk_check)
    i.rt_switch_req                          0x00004be4   Section        0  rt_task.o(i.rt_switch_req)
    i.rt_sys_init                            0x00004c0c   Section        0  rt_task.o(i.rt_sys_init)
    i.rt_sys_start                           0x00004cd8   Section        0  rt_task.o(i.rt_sys_start)
    i.rt_systick                             0x00004d50   Section        0  rt_system.o(i.rt_systick)
    i.rt_tid2ptcb                            0x00004d90   Section        0  rt_cmsis.o(i.rt_tid2ptcb)
    rt_tid2ptcb                              0x00004d91   Thumb Code    18  rt_cmsis.o(i.rt_tid2ptcb)
    i.rt_timer_insert                        0x00004da4   Section        0  rt_cmsis.o(i.rt_timer_insert)
    rt_timer_insert                          0x00004da5   Thumb Code    48  rt_cmsis.o(i.rt_timer_insert)
    i.rt_tsk_create                          0x00004dd8   Section        0  rt_task.o(i.rt_tsk_create)
    i.rt_tsk_delete                          0x00004e60   Section        0  rt_task.o(i.rt_tsk_delete)
    i.rt_tsk_prio                            0x00004fdc   Section        0  rt_task.o(i.rt_tsk_prio)
    i.rt_tsk_self                            0x00005058   Section        0  rt_task.o(i.rt_tsk_self)
    i.spi_tran                               0x00005068   Section        0  glcd_mcb1700.o(i.spi_tran)
    spi_tran                                 0x00005069   Thumb Code    40  glcd_mcb1700.o(i.spi_tran)
    i.spi_tran_man                           0x00005094   Section        0  glcd_mcb1700.o(i.spi_tran_man)
    spi_tran_man                             0x00005095   Thumb Code   132  glcd_mcb1700.o(i.spi_tran_man)
    i.svcDelay                               0x0000511c   Section        0  rt_cmsis.o(i.svcDelay)
    i.svcKernelInitialize                    0x00005130   Section        0  rt_cmsis.o(i.svcKernelInitialize)
    i.svcKernelStart                         0x000051a0   Section        0  rt_cmsis.o(i.svcKernelStart)
    i.svcMessageCreate                       0x000051e8   Section        0  rt_cmsis.o(i.svcMessageCreate)
    i.svcMessageGet                          0x0000520c   Section        0  rt_cmsis.o(i.svcMessageGet)
    i.svcSignalSet                           0x00005246   Section        0  rt_cmsis.o(i.svcSignalSet)
    i.svcSignalWait                          0x0000526c   Section        0  rt_cmsis.o(i.svcSignalWait)
    i.svcThreadCreate                        0x000052c0   Section        0  rt_cmsis.o(i.svcThreadCreate)
    i.svcThreadGetId                         0x0000532c   Section        0  rt_cmsis.o(i.svcThreadGetId)
    i.svcThreadTerminate                     0x00005348   Section        0  rt_cmsis.o(i.svcThreadTerminate)
    i.svcTimerCall                           0x00005380   Section        0  rt_cmsis.o(i.svcTimerCall)
    i.synchro_LIDAR                          0x00005398   Section        0  main.o(i.synchro_LIDAR)
    i.sysTimerTick                           0x00005440   Section        0  rt_cmsis.o(i.sysTimerTick)
    i.wr_cmd                                 0x0000549c   Section        0  glcd_mcb1700.o(i.wr_cmd)
    wr_cmd                                   0x0000549d   Thumb Code    70  glcd_mcb1700.o(i.wr_cmd)
    i.wr_dat_only                            0x000054e8   Section        0  glcd_mcb1700.o(i.wr_dat_only)
    wr_dat_only                              0x000054e9   Thumb Code    46  glcd_mcb1700.o(i.wr_dat_only)
    i.wr_dat_start                           0x0000551c   Section        0  glcd_mcb1700.o(i.wr_dat_start)
    wr_dat_start                             0x0000551d   Thumb Code    20  glcd_mcb1700.o(i.wr_dat_start)
    i.wr_dat_stop                            0x00005534   Section        0  glcd_mcb1700.o(i.wr_dat_stop)
    wr_dat_stop                              0x00005535   Thumb Code    14  glcd_mcb1700.o(i.wr_dat_stop)
    i.wr_reg                                 0x00005548   Section        0  glcd_mcb1700.o(i.wr_reg)
    wr_reg                                   0x00005549   Thumb Code   140  glcd_mcb1700.o(i.wr_reg)
    .constdata                               0x000055d8   Section       32  main.o(.constdata)
    .constdata                               0x000055f8   Section     6304  glcd_fonts.o(.constdata)
    Font_6x8_h                               0x000055f8   Data         896  glcd_fonts.o(.constdata)
    Font_16x24_h                             0x00005978   Data        5376  glcd_fonts.o(.constdata)
    .constdata                               0x00006e98   Section        8  glcd_mcb1700.o(.constdata)
    spi1_pins                                0x00006e98   Data           8  glcd_mcb1700.o(.constdata)
    .constdata                               0x00006ea0   Section      104  rtx_conf_cm.o(.constdata)
    __tagsym$$used                           0x00006ebc   Number         0  rtx_conf_cm.o(.constdata)
    __tagsym$$used                           0x00006ec0   Number         0  rtx_conf_cm.o(.constdata)
    __tagsym$$used                           0x00006ec4   Number         0  rtx_conf_cm.o(.constdata)
    __tagsym$$used                           0x00006ec8   Number         0  rtx_conf_cm.o(.constdata)
    .constdata                               0x00006f08   Section      132  ssp_lpc17xx.o(.constdata)
    DriverVersion                            0x00006f08   Data           4  ssp_lpc17xx.o(.constdata)
    DriverCapabilities                       0x00006f0c   Data           4  ssp_lpc17xx.o(.constdata)
    SSP1_pin_sck                             0x00006f10   Data           2  ssp_lpc17xx.o(.constdata)
    SSP1_pin_miso                            0x00006f12   Data           2  ssp_lpc17xx.o(.constdata)
    SSP1_pin_mosi                            0x00006f14   Data           2  ssp_lpc17xx.o(.constdata)
    SSP1_pin_ssel                            0x00006f16   Data           2  ssp_lpc17xx.o(.constdata)
    SSP1_Resources                           0x00006f18   Data          72  ssp_lpc17xx.o(.constdata)
    .constdata                               0x00006f8c   Section      468  uart_lpc17xx.o(.constdata)
    usart_driver_version                     0x00006f8c   Data           4  uart_lpc17xx.o(.constdata)
    fract_div_lookup_table                   0x00006f90   Data         288  uart_lpc17xx.o(.constdata)
    USART1_pin_tx                            0x000070b0   Data           2  uart_lpc17xx.o(.constdata)
    USART1_pin_rx                            0x000070b2   Data           2  uart_lpc17xx.o(.constdata)
    USART1_DMA_Tx                            0x000070b4   Data           8  uart_lpc17xx.o(.constdata)
    USART1_DMA_Rx                            0x000070bc   Data           8  uart_lpc17xx.o(.constdata)
    USART1_Resources                         0x000070c4   Data         100  uart_lpc17xx.o(.constdata)
    .data                                    0x10000000   Section       12  main.o(.data)
    .data                                    0x1000000c   Section        9  glcd_mcb1700.o(.data)
    foreground_color                         0x1000000c   Data           2  glcd_mcb1700.o(.data)
    background_color                         0x1000000e   Data           2  glcd_mcb1700.o(.data)
    active_font                              0x10000010   Data           4  glcd_mcb1700.o(.data)
    Himax                                    0x10000014   Data           1  glcd_mcb1700.o(.data)
    .data                                    0x10000018   Section       20  rtx_conf_cm.o(.data)
    nr_mutex                                 0x10000028   Data           4  rtx_conf_cm.o(.data)
    .data                                    0x1000002c   Section        8  ssp_lpc17xx.o(.data)
    dummy_data                               0x1000002c   Data           4  ssp_lpc17xx.o(.data)
    dummy_data                               0x10000030   Data           4  ssp_lpc17xx.o(.data)
    .data                                    0x10000034   Section        8  gpdma_lpc17xx.o(.data)
    Channel_active                           0x10000034   Data           4  gpdma_lpc17xx.o(.data)
    Init_cnt                                 0x10000038   Data           4  gpdma_lpc17xx.o(.data)
    .data                                    0x1000003c   Section        4  system_lpc17xx.o(.data)
    .data                                    0x10000040   Section        8  rt_cmsis.o(.data)
    .data                                    0x10000048   Section        8  rt_task.o(.data)
    .data                                    0x10000050   Section        8  rt_system.o(.data)
    os_lock                                  0x10000050   Data           1  rt_system.o(.data)
    os_psh_flag                              0x10000051   Data           1  rt_system.o(.data)
    pend_flags                               0x10000052   Data           1  rt_system.o(.data)
    .data                                    0x10000058   Section        4  rt_time.o(.data)
    .data                                    0x1000005c   Section        8  rt_robin.o(.data)
    .data                                    0x10000064   Section        1  hal_cm.o(.data)
    .bss                                     0x10000068   Section     9320  main.o(.bss)
    .bss                                     0x100024d0   Section     3016  rtx_conf_cm.o(.bss)
    std_libspace                             0x10002d78   Data         672  rtx_conf_cm.o(.bss)
    std_libmutex                             0x10003018   Data         128  rtx_conf_cm.o(.bss)
    .bss                                     0x10003098   Section       44  ssp_lpc17xx.o(.bss)
    SSP1_Info                                0x10003098   Data          16  ssp_lpc17xx.o(.bss)
    SSP1_Xfer                                0x100030a8   Data          28  ssp_lpc17xx.o(.bss)
    .bss                                     0x100030c4   Section       52  uart_lpc17xx.o(.bss)
    USART1_Info                              0x100030c4   Data          52  uart_lpc17xx.o(.bss)
    .bss                                     0x100030f8   Section      160  gpdma_lpc17xx.o(.bss)
    Channel_info                             0x100030f8   Data         160  gpdma_lpc17xx.o(.bss)
    .bss                                     0x10003198   Section       52  rt_task.o(.bss)
    .bss                                     0x100031cc   Section       48  rt_list.o(.bss)
    .bss                                     0x100031fc   Section       96  libspace.o(.bss)
    HEAP                                     0x10003260   Section        0  startup_lpc17xx.o(HEAP)
    STACK                                    0x10003260   Section      512  startup_lpc17xx.o(STACK)
    Heap_Mem                                 0x10003260   Data           0  startup_lpc17xx.o(HEAP)
    Stack_Mem                                0x10003260   Data         512  startup_lpc17xx.o(STACK)
    __initial_sp                             0x10003460   Data           0  startup_lpc17xx.o(STACK)

    Global Symbols

    Symbol Name                              Value     Ov Type        Size  Object(Section)

    BuildAttributes$$THM_ISAv4$P$D$K$B$S$PE$A:L22UL41UL21$X:L11$S22US41US21$IEEE1$IW$USESV6$~STKCKD$USESV7$~SHL$OSPACE$ROPI$EBA8$UX$STANDARDLIB$REQ8$PRES8$EABIv2 0x00000000   Number         0  anon$$obj.o ABSOLUTE
    __ARM_use_no_argv                        0x00000000   Number         0  main.o ABSOLUTE
    __Vectors                                0x00000000   Data           4  startup_lpc17xx.o(RESET)
    __ARM_exceptions_init                     - Undefined Weak Reference
    __alloca_initialize                       - Undefined Weak Reference
    __arm_fini_                               - Undefined Weak Reference
    __arm_preinit_                            - Undefined Weak Reference
    __cpp_initialize__aeabi_                  - Undefined Weak Reference
    __cxa_finalize                            - Undefined Weak Reference
    __rt_locale                               - Undefined Weak Reference
    __sigvec_lookup                           - Undefined Weak Reference
    _atexit_init                              - Undefined Weak Reference
    _call_atexit_fns                          - Undefined Weak Reference
    _clock_init                               - Undefined Weak Reference
    _fp_trap_init                             - Undefined Weak Reference
    _fp_trap_shutdown                         - Undefined Weak Reference
    _get_lc_collate                           - Undefined Weak Reference
    _get_lc_ctype                             - Undefined Weak Reference
    _get_lc_monetary                          - Undefined Weak Reference
    _get_lc_numeric                           - Undefined Weak Reference
    _get_lc_time                              - Undefined Weak Reference
    _getenv_init                              - Undefined Weak Reference
    _handle_redirection                       - Undefined Weak Reference
    _init_alloc                               - Undefined Weak Reference
    _init_user_alloc                          - Undefined Weak Reference
    _initio                                   - Undefined Weak Reference
    _rand_init                                - Undefined Weak Reference
    _signal_finish                            - Undefined Weak Reference
    _signal_init                              - Undefined Weak Reference
    _terminate_alloc                          - Undefined Weak Reference
    _terminate_user_alloc                     - Undefined Weak Reference
    _terminateio                              - Undefined Weak Reference
    __main                                   0x000000cd   Thumb Code     8  __main.o(!!!main)
    __scatterload                            0x000000d5   Thumb Code     0  __scatter.o(!!!scatter)
    __scatterload_rt2                        0x000000d5   Thumb Code    44  __scatter.o(!!!scatter)
    __scatterload_rt2_thumb_only             0x000000d5   Thumb Code     0  __scatter.o(!!!scatter)
    __scatterload_null                       0x000000e3   Thumb Code     0  __scatter.o(!!!scatter)
    __scatterload_copy                       0x00000109   Thumb Code    26  __scatter_copy.o(!!handler_copy)
    __scatterload_zeroinit                   0x00000125   Thumb Code    28  __scatter_zi.o(!!handler_zi)
    __rt_lib_init                            0x00000141   Thumb Code     0  libinit.o(.ARM.Collect$$libinit$$00000000)
    __rt_lib_init_alloca_1                   0x00000143   Thumb Code     0  libinit2.o(.ARM.Collect$$libinit$$0000002E)
    __rt_lib_init_argv_1                     0x00000143   Thumb Code     0  libinit2.o(.ARM.Collect$$libinit$$0000002C)
    __rt_lib_init_atexit_1                   0x00000143   Thumb Code     0  libinit2.o(.ARM.Collect$$libinit$$0000001B)
    __rt_lib_init_clock_1                    0x00000143   Thumb Code     0  libinit2.o(.ARM.Collect$$libinit$$00000021)
    __rt_lib_init_cpp_1                      0x00000143   Thumb Code     0  libinit2.o(.ARM.Collect$$libinit$$00000032)
    __rt_lib_init_exceptions_1               0x00000143   Thumb Code     0  libinit2.o(.ARM.Collect$$libinit$$00000030)
    __rt_lib_init_fp_1                       0x00000143   Thumb Code     0  libinit2.o(.ARM.Collect$$libinit$$00000002)
    __rt_lib_init_fp_trap_1                  0x00000143   Thumb Code     0  libinit2.o(.ARM.Collect$$libinit$$0000001F)
    __rt_lib_init_getenv_1                   0x00000143   Thumb Code     0  libinit2.o(.ARM.Collect$$libinit$$00000023)
    __rt_lib_init_heap_1                     0x00000143   Thumb Code     0  libinit2.o(.ARM.Collect$$libinit$$0000000A)
    __rt_lib_init_lc_collate_1               0x00000143   Thumb Code     0  libinit2.o(.ARM.Collect$$libinit$$00000011)
    __rt_lib_init_lc_ctype_1                 0x00000143   Thumb Code     0  libinit2.o(.ARM.Collect$$libinit$$00000013)
    __rt_lib_init_lc_monetary_1              0x00000143   Thumb Code     0  libinit2.o(.ARM.Collect$$libinit$$00000015)
    __rt_lib_init_lc_numeric_1               0x00000143   Thumb Code     0  libinit2.o(.ARM.Collect$$libinit$$00000017)
    __rt_lib_init_lc_time_1                  0x00000143   Thumb Code     0  libinit2.o(.ARM.Collect$$libinit$$00000019)
    __rt_lib_init_preinit_1                  0x00000143   Thumb Code     0  libinit2.o(.ARM.Collect$$libinit$$00000004)
    __rt_lib_init_rand_1                     0x00000143   Thumb Code     0  libinit2.o(.ARM.Collect$$libinit$$0000000E)
    __rt_lib_init_return                     0x00000143   Thumb Code     0  libinit2.o(.ARM.Collect$$libinit$$00000033)
    __rt_lib_init_signal_1                   0x00000143   Thumb Code     0  libinit2.o(.ARM.Collect$$libinit$$0000001D)
    __rt_lib_init_stdio_1                    0x00000143   Thumb Code     0  libinit2.o(.ARM.Collect$$libinit$$00000025)
    __rt_lib_init_user_alloc_1               0x00000143   Thumb Code     0  libinit2.o(.ARM.Collect$$libinit$$0000000C)
    __rt_lib_shutdown                        0x00000145   Thumb Code     0  libshutdown.o(.ARM.Collect$$libshutdown$$00000000)
    __rt_lib_shutdown_cpp_1                  0x00000147   Thumb Code     0  libshutdown2.o(.ARM.Collect$$libshutdown$$00000004)
    __rt_lib_shutdown_fini_1                 0x00000147   Thumb Code     0  libshutdown2.o(.ARM.Collect$$libshutdown$$00000002)
    __rt_lib_shutdown_fp_trap_1              0x00000147   Thumb Code     0  libshutdown2.o(.ARM.Collect$$libshutdown$$00000009)
    __rt_lib_shutdown_heap_1                 0x00000147   Thumb Code     0  libshutdown2.o(.ARM.Collect$$libshutdown$$00000011)
    __rt_lib_shutdown_return                 0x00000147   Thumb Code     0  libshutdown2.o(.ARM.Collect$$libshutdown$$00000012)
    __rt_lib_shutdown_signal_1               0x00000147   Thumb Code     0  libshutdown2.o(.ARM.Collect$$libshutdown$$0000000C)
    __rt_lib_shutdown_stdio_1                0x00000147   Thumb Code     0  libshutdown2.o(.ARM.Collect$$libshutdown$$00000006)
    __rt_lib_shutdown_user_alloc_1           0x00000147   Thumb Code     0  libshutdown2.o(.ARM.Collect$$libshutdown$$0000000E)
    __rt_entry                               0x00000149   Thumb Code     0  __rtentry.o(.ARM.Collect$$rtentry$$00000000)
    __rt_entry_presh_1                       0x00000149   Thumb Code     0  __rtentry2.o(.ARM.Collect$$rtentry$$00000002)
    __rt_entry_sh                            0x00000149   Thumb Code     0  __rtentry4.o(.ARM.Collect$$rtentry$$00000004)
    __rt_entry_li                            0x0000014f   Thumb Code     0  __rtentry2.o(.ARM.Collect$$rtentry$$0000000A)
    __rt_entry_postsh_1                      0x0000014f   Thumb Code     0  __rtentry2.o(.ARM.Collect$$rtentry$$00000009)
    __rt_entry_postli_1                      0x00000153   Thumb Code     0  __rtentry2.o(.ARM.Collect$$rtentry$$0000000B)
    __rt_entry_main                          0x0000015b   Thumb Code     0  __rtentry2.o(.ARM.Collect$$rtentry$$0000000D)
    __rt_exit                                0x00000163   Thumb Code     0  rtexit.o(.ARM.Collect$$rtexit$$00000000)
    __rt_exit_ls                             0x00000165   Thumb Code     0  rtexit2.o(.ARM.Collect$$rtexit$$00000003)
    __rt_exit_prels_1                        0x00000165   Thumb Code     0  rtexit2.o(.ARM.Collect$$rtexit$$00000002)
    __rt_exit_exit                           0x00000169   Thumb Code     0  rtexit2.o(.ARM.Collect$$rtexit$$00000004)
    _platform_post_lib_init                  0x00000171   Thumb Code    24  rtx_conf_cm.o(.emb_text)
    rt_set_PSP                               0x0000018d   Thumb Code     6  hal_cm3.o(.emb_text)
    rt_get_PSP                               0x00000193   Thumb Code     6  hal_cm3.o(.emb_text)
    os_set_env                               0x00000199   Thumb Code    24  hal_cm3.o(.emb_text)
    _alloc_box                               0x000001b5   Thumb Code    28  hal_cm3.o(.emb_text)
    _free_box                                0x000001d5   Thumb Code    28  hal_cm3.o(.emb_text)
    SVC_Handler                              0x000001f5   Thumb Code   108  hal_cm3.o(.emb_text)
    PendSV_Handler                           0x0000026d   Thumb Code    56  hal_cm3.o(.emb_text)
    SysTick_Handler                          0x000002a9   Thumb Code     8  hal_cm3.o(.emb_text)
    OS_Tick_Handler                          0x000002b1   Thumb Code    12  hal_cm3.o(.emb_text)
    Reset_Handler                            0x000002bd   Thumb Code     8  startup_lpc17xx.o(.text)
    NMI_Handler                              0x000002c5   Thumb Code     2  startup_lpc17xx.o(.text)
    HardFault_Handler                        0x000002c7   Thumb Code     2  startup_lpc17xx.o(.text)
    MemManage_Handler                        0x000002c9   Thumb Code     2  startup_lpc17xx.o(.text)
    BusFault_Handler                         0x000002cb   Thumb Code     2  startup_lpc17xx.o(.text)
    UsageFault_Handler                       0x000002cd   Thumb Code     2  startup_lpc17xx.o(.text)
    DebugMon_Handler                         0x000002d1   Thumb Code     2  startup_lpc17xx.o(.text)
    ADC_IRQHandler                           0x000002d7   Thumb Code     0  startup_lpc17xx.o(.text)
    BOD_IRQHandler                           0x000002d7   Thumb Code     0  startup_lpc17xx.o(.text)
    CANActivity_IRQHandler                   0x000002d7   Thumb Code     0  startup_lpc17xx.o(.text)
    CAN_IRQHandler                           0x000002d7   Thumb Code     0  startup_lpc17xx.o(.text)
    EINT0_IRQHandler                         0x000002d7   Thumb Code     0  startup_lpc17xx.o(.text)
    EINT1_IRQHandler                         0x000002d7   Thumb Code     0  startup_lpc17xx.o(.text)
    EINT2_IRQHandler                         0x000002d7   Thumb Code     0  startup_lpc17xx.o(.text)
    EINT3_IRQHandler                         0x000002d7   Thumb Code     0  startup_lpc17xx.o(.text)
    ENET_IRQHandler                          0x000002d7   Thumb Code     0  startup_lpc17xx.o(.text)
    I2C0_IRQHandler                          0x000002d7   Thumb Code     0  startup_lpc17xx.o(.text)
    I2C1_IRQHandler                          0x000002d7   Thumb Code     0  startup_lpc17xx.o(.text)
    I2C2_IRQHandler                          0x000002d7   Thumb Code     0  startup_lpc17xx.o(.text)
    I2S_IRQHandler                           0x000002d7   Thumb Code     0  startup_lpc17xx.o(.text)
    MCPWM_IRQHandler                         0x000002d7   Thumb Code     0  startup_lpc17xx.o(.text)
    PLL0_IRQHandler                          0x000002d7   Thumb Code     0  startup_lpc17xx.o(.text)
    PLL1_IRQHandler                          0x000002d7   Thumb Code     0  startup_lpc17xx.o(.text)
    PWM1_IRQHandler                          0x000002d7   Thumb Code     0  startup_lpc17xx.o(.text)
    QEI_IRQHandler                           0x000002d7   Thumb Code     0  startup_lpc17xx.o(.text)
    RIT_IRQHandler                           0x000002d7   Thumb Code     0  startup_lpc17xx.o(.text)
    RTC_IRQHandler                           0x000002d7   Thumb Code     0  startup_lpc17xx.o(.text)
    SPI_IRQHandler                           0x000002d7   Thumb Code     0  startup_lpc17xx.o(.text)
    SSP0_IRQHandler                          0x000002d7   Thumb Code     0  startup_lpc17xx.o(.text)
    TIMER0_IRQHandler                        0x000002d7   Thumb Code     0  startup_lpc17xx.o(.text)
    TIMER1_IRQHandler                        0x000002d7   Thumb Code     0  startup_lpc17xx.o(.text)
    TIMER2_IRQHandler                        0x000002d7   Thumb Code     0  startup_lpc17xx.o(.text)
    TIMER3_IRQHandler                        0x000002d7   Thumb Code     0  startup_lpc17xx.o(.text)
    UART0_IRQHandler                         0x000002d7   Thumb Code     0  startup_lpc17xx.o(.text)
    UART2_IRQHandler                         0x000002d7   Thumb Code     0  startup_lpc17xx.o(.text)
    UART3_IRQHandler                         0x000002d7   Thumb Code     0  startup_lpc17xx.o(.text)
    USBActivity_IRQHandler                   0x000002d7   Thumb Code     0  startup_lpc17xx.o(.text)
    USB_IRQHandler                           0x000002d7   Thumb Code     0  startup_lpc17xx.o(.text)
    WDT_IRQHandler                           0x000002d7   Thumb Code     0  startup_lpc17xx.o(.text)
    __user_initial_stackheap                 0x000002d9   Thumb Code     0  startup_lpc17xx.o(.text)
    __I$use$semihosting                      0x000002f9   Thumb Code     0  use_no_semi.o(.text)
    __use_no_semihosting_swi                 0x000002f9   Thumb Code     2  use_no_semi.o(.text)
    __semihosting_library_function           0x000002fb   Thumb Code     0  indicate_semi.o(.text)
    os_tick_irqack                           0x000002fb   Thumb Code     2  rt_system.o(i.os_tick_irqack)
    __user_libspace                          0x00000301   Thumb Code     8  libspace.o(.text)
    __user_perproc_libspace                  0x00000301   Thumb Code     0  libspace.o(.text)
    __aeabi_uldivmod                         0x00000309   Thumb Code     0  lludivv7m.o(.text)
    _ll_udiv                                 0x00000309   Thumb Code   238  lludivv7m.o(.text)
    exit                                     0x000003f7   Thumb Code    18  exit.o(.text)
    __aeabi_memclr4                          0x00000409   Thumb Code     0  rt_memclr_w.o(.text)
    __aeabi_memclr8                          0x00000409   Thumb Code     0  rt_memclr_w.o(.text)
    __rt_memclr_w                            0x00000409   Thumb Code    78  rt_memclr_w.o(.text)
    _memset_w                                0x0000040d   Thumb Code     0  rt_memclr_w.o(.text)
    __use_two_region_memory                  0x00000457   Thumb Code     2  heapauxi.o(.text)
    __rt_heap_escrow$2region                 0x00000459   Thumb Code     2  heapauxi.o(.text)
    __rt_heap_expand$2region                 0x0000045b   Thumb Code     2  heapauxi.o(.text)
    _sys_exit                                0x0000045d   Thumb Code     8  sys_exit.o(.text)
    __user_setup_stackheap                   0x00000469   Thumb Code    74  sys_stackheap_outer.o(.text)
    __RL_RTX_VER                             0x00000482   Number         0  rt_system.o ABSOLUTE
    SVC_Count                                0x000004b4   Data           4  svc_table.o(SVC_TABLE)
    Allumer_1LED                             0x000004b9   Thumb Code   164  gpio.o(i.Allumer_1LED)
    SVC_Table                                0x000004b8   Data           0  svc_table.o(SVC_TABLE)
    DMA_IRQHandler                           0x00000581   Thumb Code   372  gpdma_lpc17xx.o(i.DMA_IRQHandler)
    Eteindre_1LED                            0x00000701   Thumb Code   164  gpio.o(i.Eteindre_1LED)
    GLCD_ClearScreen                         0x000007a9   Thumb Code    54  glcd_mcb1700.o(i.GLCD_ClearScreen)
    GLCD_Initialize                          0x000007e5   Thumb Code  1534  glcd_mcb1700.o(i.GLCD_Initialize)
    GLCD_SetFont                             0x00000de5   Thumb Code    10  glcd_mcb1700.o(i.GLCD_SetFont)
    GPDMA_ChannelConfigure                   0x00000e95   Thumb Code   232  gpdma_lpc17xx.o(i.GPDMA_ChannelConfigure)
    GPDMA_ChannelDisable                     0x00000f89   Thumb Code    44  gpdma_lpc17xx.o(i.GPDMA_ChannelDisable)
    GPDMA_ChannelGetCount                    0x00000fb9   Thumb Code    38  gpdma_lpc17xx.o(i.GPDMA_ChannelGetCount)
    GPDMA_Initialize                         0x00000fe9   Thumb Code   154  gpdma_lpc17xx.o(i.GPDMA_Initialize)
    GPDMA_PeripheralSelect                   0x00001099   Thumb Code    62  gpdma_lpc17xx.o(i.GPDMA_PeripheralSelect)
    GPDMA_Uninitialize                       0x000010dd   Thumb Code    92  gpdma_lpc17xx.o(i.GPDMA_Uninitialize)
    GPIO_PinRead                             0x00001145   Thumb Code    28  gpio_lpc17xx.o(i.GPIO_PinRead)
    GPIO_PinWrite                            0x00001165   Thumb Code    36  gpio_lpc17xx.o(i.GPIO_PinWrite)
    GPIO_PortClock                           0x0000118d   Thumb Code    38  gpio_lpc17xx.o(i.GPIO_PortClock)
    GPIO_SetDir                              0x000011b9   Thumb Code    52  gpio_lpc17xx.o(i.GPIO_SetDir)
    Init_UART1                               0x00001279   Thumb Code    52  lidar.o(i.Init_UART1)
    Initialise_GPIO                          0x000012b1   Thumb Code    96  gpio.o(i.Initialise_GPIO)
    PIN_Configure                            0x00001319   Thumb Code   246  pin_lpc17xx.o(i.PIN_Configure)
    Process_Data                             0x00001415   Thumb Code   250  main.o(i.Process_Data)
    Receive_Data                             0x00001531   Thumb Code    86  main.o(i.Receive_Data)
    SSP1_GPDMA_Rx_SignalEvent                0x000015ad   Thumb Code    14  ssp_lpc17xx.o(i.SSP1_GPDMA_Rx_SignalEvent)
    SSP1_GPDMA_Tx_SignalEvent                0x000015c1   Thumb Code    14  ssp_lpc17xx.o(i.SSP1_GPDMA_Tx_SignalEvent)
    SSP1_IRQHandler                          0x000015f5   Thumb Code    10  ssp_lpc17xx.o(i.SSP1_IRQHandler)
    SSPx_GPDMA_Rx_SignalEvent                0x00001bc3   Thumb Code    54  ssp_lpc17xx.o(i.SSPx_GPDMA_Rx_SignalEvent)
    SSPx_GPDMA_Tx_SignalEvent                0x00001bf9   Thumb Code    28  ssp_lpc17xx.o(i.SSPx_GPDMA_Tx_SignalEvent)
    Start_LIDAR                              0x00002485   Thumb Code   110  lidar.o(i.Start_LIDAR)
    SystemInit                               0x000024fd   Thumb Code   302  system_lpc17xx.o(i.SystemInit)
    UART1_IRQHandler                         0x0000263d   Thumb Code    10  uart_lpc17xx.o(i.UART1_IRQHandler)
    USART1_GPDMA_Rx_Event                    0x00002665   Thumb Code    14  uart_lpc17xx.o(i.USART1_GPDMA_Rx_Event)
    USART1_GPDMA_Tx_Event                    0x00002679   Thumb Code    14  uart_lpc17xx.o(i.USART1_GPDMA_Tx_Event)
    USART_SetBaudrate                        0x000038d5   Thumb Code   314  uart_lpc17xx.o(i.USART_SetBaudrate)
    _init_box                                0x00003c75   Thumb Code    70  rt_membox.o(i._init_box)
    _mutex_acquire                           0x00003cbd   Thumb Code    22  rtx_conf_cm.o(i._mutex_acquire)
    _mutex_release                           0x00003cdd   Thumb Code    18  rtx_conf_cm.o(i._mutex_release)
    arrayToAngle                             0x00003cf9   Thumb Code    10  lidar.o(i.arrayToAngle)
    arrayToRange                             0x00003d03   Thumb Code     8  lidar.o(i.arrayToRange)
    dbg_init                                 0x00003d0d   Thumb Code    34  hal_cm.o(i.dbg_init)
    dbg_task_notify                          0x00003d3d   Thumb Code    32  hal_cm.o(i.dbg_task_notify)
    dbg_task_switch                          0x00003d5d   Thumb Code    16  hal_cm.o(i.dbg_task_switch)
    initPwm                                  0x00003d9d   Thumb Code    84  lidar.o(i.initPwm)
    isrMessageGet                            0x00003dfd   Thumb Code    42  rt_cmsis.o(i.isrMessageGet)
    isrMessagePut                            0x00003e27   Thumb Code    44  rt_cmsis.o(i.isrMessagePut)
    isrSignalSet                             0x00003e53   Thumb Code    36  rt_cmsis.o(i.isrSignalSet)
    isr_evt_set                              0x00003e79   Thumb Code    34  rt_event.o(i.isr_evt_set)
    isr_mbx_receive                          0x00003ea1   Thumb Code    86  rt_mailbox.o(i.isr_mbx_receive)
    isr_mbx_send                             0x00003ef7   Thumb Code    14  rt_mailbox.o(i.isr_mbx_send)
    main                                     0x00003f05   Thumb Code   106  main.o(i.main)
    osDelay                                  0x00003f89   Thumb Code    18  rt_cmsis.o(i.osDelay)
    osKernelInitialize                       0x00003fa1   Thumb Code    30  rt_cmsis.o(i.osKernelInitialize)
    osKernelStart                            0x00003fc5   Thumb Code    98  rt_cmsis.o(i.osKernelStart)
    osMessageGet                             0x00004031   Thumb Code    18  rt_cmsis.o(i.osMessageGet)
    osSignalSet                              0x00004049   Thumb Code    18  rt_cmsis.o(i.osSignalSet)
    osSignalWait                             0x00004061   Thumb Code    18  rt_cmsis.o(i.osSignalWait)
    osThreadCreate                           0x00004079   Thumb Code    36  rt_cmsis.o(i.osThreadCreate)
    osThreadExit                             0x000040a5   Thumb Code    14  rt_cmsis.o(i.osThreadExit)
    osTimerCall                              0x000040bd   Thumb Code     8  rt_cmsis.o(i.osTimerCall)
    osTimerThread                            0x000040c9   Thumb Code    38  rt_cmsis.o(i.osTimerThread)
    os_error                                 0x000040f5   Thumb Code    34  rtx_conf_cm.o(i.os_error)
    os_idle_demon                            0x00004117   Thumb Code     4  rtx_conf_cm.o(i.os_idle_demon)
    os_tick_init                             0x0000411d   Thumb Code    32  rt_system.o(i.os_tick_init)
    rt_alloc_box                             0x0000420d   Thumb Code    26  rt_membox.o(i.rt_alloc_box)
    rt_alloc_mem                             0x00004227   Thumb Code    62  rt_memory.o(i.rt_alloc_mem)
    rt_block                                 0x00004265   Thumb Code    48  rt_task.o(i.rt_block)
    rt_chk_robin                             0x0000429d   Thumb Code    60  rt_robin.o(i.rt_chk_robin)
    rt_dec_dly                               0x000042e5   Thumb Code   102  rt_list.o(i.rt_dec_dly)
    rt_dispatch                              0x00004355   Thumb Code    60  rt_task.o(i.rt_dispatch)
    rt_dly_wait                              0x00004399   Thumb Code     6  rt_time.o(i.rt_dly_wait)
    rt_evt_psh                               0x000043a1   Thumb Code    76  rt_event.o(i.rt_evt_psh)
    rt_evt_set                               0x000043f1   Thumb Code    88  rt_event.o(i.rt_evt_set)
    rt_evt_wait                              0x0000444d   Thumb Code    56  rt_event.o(i.rt_evt_wait)
    rt_free_box                              0x00004489   Thumb Code    44  rt_membox.o(i.rt_free_box)
    rt_free_mem                              0x000044b5   Thumb Code    40  rt_memory.o(i.rt_free_mem)
    rt_get_first                             0x000044dd   Thumb Code    40  rt_list.o(i.rt_get_first)
    rt_init_mem                              0x00004555   Thumb Code    26  rt_memory.o(i.rt_init_mem)
    rt_init_robin                            0x00004571   Thumb Code    14  rt_robin.o(i.rt_init_robin)
    rt_init_stack                            0x00004589   Thumb Code   118  hal_cm.o(i.rt_init_stack)
    rt_mbx_check                             0x00004609   Thumb Code     8  rt_mailbox.o(i.rt_mbx_check)
    rt_mbx_init                              0x00004611   Thumb Code    26  rt_mailbox.o(i.rt_mbx_init)
    rt_mbx_psh                               0x0000462d   Thumb Code   236  rt_mailbox.o(i.rt_mbx_psh)
    rt_mbx_wait                              0x0000471d   Thumb Code   174  rt_mailbox.o(i.rt_mbx_wait)
    rt_mut_release                           0x00004815   Thumb Code   208  rt_mutex.o(i.rt_mut_release)
    rt_mut_wait                              0x000048ed   Thumb Code   114  rt_mutex.o(i.rt_mut_wait)
    rt_pop_req                               0x00004965   Thumb Code   112  rt_system.o(i.rt_pop_req)
    rt_psh_req                               0x000049e1   Thumb Code    22  rt_system.o(i.rt_psh_req)
    rt_psq_enq                               0x00004a01   Thumb Code    88  rt_list.o(i.rt_psq_enq)
    rt_put_dly                               0x00004a5d   Thumb Code    68  rt_list.o(i.rt_put_dly)
    rt_put_prio                              0x00004aa5   Thumb Code    54  rt_list.o(i.rt_put_prio)
    rt_put_rdy_first                         0x00004add   Thumb Code    14  rt_list.o(i.rt_put_rdy_first)
    rt_resort_prio                           0x00004af1   Thumb Code    46  rt_list.o(i.rt_resort_prio)
    rt_ret_val                               0x00004b25   Thumb Code     6  hal_cm.o(i.rt_ret_val)
    rt_ret_val2                              0x00004b2b   Thumb Code     8  hal_cm.o(i.rt_ret_val2)
    rt_rmv_dly                               0x00004b33   Thumb Code    40  rt_list.o(i.rt_rmv_dly)
    rt_rmv_list                              0x00004b5d   Thumb Code    44  rt_list.o(i.rt_rmv_list)
    rt_sem_psh                               0x00004b8d   Thumb Code    48  rt_semaphore.o(i.rt_sem_psh)
    rt_stk_check                             0x00004bc1   Thumb Code    28  rt_system.o(i.rt_stk_check)
    rt_switch_req                            0x00004be5   Thumb Code    30  rt_task.o(i.rt_switch_req)
    rt_sys_init                              0x00004c0d   Thumb Code   138  rt_task.o(i.rt_sys_init)
    rt_sys_start                             0x00004cd9   Thumb Code   110  rt_task.o(i.rt_sys_start)
    rt_systick                               0x00004d51   Thumb Code    50  rt_system.o(i.rt_systick)
    rt_tsk_create                            0x00004dd9   Thumb Code   118  rt_task.o(i.rt_tsk_create)
    rt_tsk_delete                            0x00004e61   Thumb Code   352  rt_task.o(i.rt_tsk_delete)
    rt_tsk_prio                              0x00004fdd   Thumb Code   108  rt_task.o(i.rt_tsk_prio)
    rt_tsk_self                              0x00005059   Thumb Code    12  rt_task.o(i.rt_tsk_self)
    svcDelay                                 0x0000511d   Thumb Code    18  rt_cmsis.o(i.svcDelay)
    svcKernelInitialize                      0x00005131   Thumb Code    80  rt_cmsis.o(i.svcKernelInitialize)
    svcKernelStart                           0x000051a1   Thumb Code    62  rt_cmsis.o(i.svcKernelStart)
    svcMessageCreate                         0x000051e9   Thumb Code    36  rt_cmsis.o(i.svcMessageCreate)
    svcMessageGet                            0x0000520d   Thumb Code    58  rt_cmsis.o(i.svcMessageGet)
    svcSignalSet                             0x00005247   Thumb Code    36  rt_cmsis.o(i.svcSignalSet)
    svcSignalWait                            0x0000526d   Thumb Code    80  rt_cmsis.o(i.svcSignalWait)
    svcThreadCreate                          0x000052c1   Thumb Code    96  rt_cmsis.o(i.svcThreadCreate)
    svcThreadGetId                           0x0000532d   Thumb Code    22  rt_cmsis.o(i.svcThreadGetId)
    svcThreadTerminate                       0x00005349   Thumb Code    50  rt_cmsis.o(i.svcThreadTerminate)
    svcTimerCall                             0x00005381   Thumb Code    24  rt_cmsis.o(i.svcTimerCall)
    synchro_LIDAR                            0x00005399   Thumb Code   164  main.o(i.synchro_LIDAR)
    sysTimerTick                             0x00005441   Thumb Code    84  rt_cmsis.o(i.sysTimerTick)
    os_thread_def_Receive_Data               0x000055d8   Data          16  main.o(.constdata)
    os_thread_def_Process_Data               0x000055e8   Data          16  main.o(.constdata)
    GLCD_Font_6x8                            0x00006e78   Data          16  glcd_fonts.o(.constdata)
    GLCD_Font_16x24                          0x00006e88   Data          16  glcd_fonts.o(.constdata)
    os_maxtaskrun                            0x00006ea0   Data           2  rtx_conf_cm.o(.constdata)
    os_stackinfo                             0x00006ea4   Data           4  rtx_conf_cm.o(.constdata)
    os_rrobin                                0x00006ea8   Data           4  rtx_conf_cm.o(.constdata)
    os_tickfreq                              0x00006eac   Data           4  rtx_conf_cm.o(.constdata)
    os_tickus_i                              0x00006eb0   Data           2  rtx_conf_cm.o(.constdata)
    os_tickus_f                              0x00006eb2   Data           2  rtx_conf_cm.o(.constdata)
    os_trv                                   0x00006eb4   Data           4  rtx_conf_cm.o(.constdata)
    os_flags                                 0x00006eb8   Data           1  rtx_conf_cm.o(.constdata)
    CMSIS_RTOS_API_Version                   0x00006ebc   Data           4  rtx_conf_cm.o(.constdata)
    CMSIS_RTOS_RTX_Version                   0x00006ec0   Data           4  rtx_conf_cm.o(.constdata)
    os_clockrate                             0x00006ec4   Data           4  rtx_conf_cm.o(.constdata)
    os_timernum                              0x00006ec8   Data           4  rtx_conf_cm.o(.constdata)
    mp_tcb_size                              0x00006ecc   Data           2  rtx_conf_cm.o(.constdata)
    mp_stk_size                              0x00006ed0   Data           4  rtx_conf_cm.o(.constdata)
    os_stack_sz                              0x00006ed4   Data           4  rtx_conf_cm.o(.constdata)
    os_fifo_size                             0x00006ed8   Data           1  rtx_conf_cm.o(.constdata)
    os_thread_def_osTimerThread              0x00006edc   Data          16  rtx_conf_cm.o(.constdata)
    os_messageQ_def_osTimerMessageQ          0x00006eec   Data           8  rtx_conf_cm.o(.constdata)
    mp_tmr_size                              0x00006ef4   Data           2  rtx_conf_cm.o(.constdata)
    os_thread_def_main                       0x00006ef8   Data          16  rtx_conf_cm.o(.constdata)
    Driver_SPI1                              0x00006f60   Data          44  ssp_lpc17xx.o(.constdata)
    Driver_USART1                            0x00007128   Data          56  uart_lpc17xx.o(.constdata)
    Region$$Table$$Base                      0x00007160   Number         0  anon$$obj.o(Region$$Table)
    Region$$Table$$Limit                     0x00007180   Number         0  anon$$obj.o(Region$$Table)
    ID_Receive_Data                          0x10000000   Data           4  main.o(.data)
    ID_Process_Data                          0x10000004   Data           4  main.o(.data)
    passage2                                 0x10000008   Data           4  main.o(.data)
    osThreadId_osTimerThread                 0x10000018   Data           4  rtx_conf_cm.o(.data)
    osMessageQId_osTimerMessageQ             0x1000001c   Data           4  rtx_conf_cm.o(.data)
    os_tmr                                   0x10000020   Data           4  rtx_conf_cm.o(.data)
    m_tmr                                    0x10000024   Data           4  rtx_conf_cm.o(.data)
    SystemCoreClock                          0x1000003c   Data           4  system_lpc17xx.o(.data)
    os_initialized                           0x10000040   Data           1  rt_cmsis.o(.data)
    os_running                               0x10000041   Data           1  rt_cmsis.o(.data)
    os_timer_head                            0x10000044   Data           4  rt_cmsis.o(.data)
    os_tsk                                   0x10000048   Data           8  rt_task.o(.data)
    os_tick_irqn                             0x10000054   Data           4  rt_system.o(.data)
    os_time                                  0x10000058   Data           4  rt_time.o(.data)
    os_robin                                 0x1000005c   Data           8  rt_robin.o(.data)
    dbg_msg                                  0x10000064   Data           1  hal_cm.o(.data)
    value                                    0x10000068   Data        5000  main.o(.bss)
    process2                                 0x100013f0   Data        1440  main.o(.bss)
    process1                                 0x10001990   Data        2880  main.o(.bss)
    mp_tcb                                   0x100024d0   Data         376  rtx_conf_cm.o(.bss)
    mp_stk                                   0x10002648   Data        1216  rtx_conf_cm.o(.bss)
    os_stack_mem                             0x10002b08   Data         432  rtx_conf_cm.o(.bss)
    os_fifo                                  0x10002cb8   Data         132  rtx_conf_cm.o(.bss)
    os_active_TCB                            0x10002d3c   Data          28  rtx_conf_cm.o(.bss)
    os_messageQ_q_osTimerMessageQ            0x10002d58   Data          32  rtx_conf_cm.o(.bss)
    os_idle_TCB                              0x10003198   Data          52  rt_task.o(.bss)
    os_rdy                                   0x100031cc   Data          24  rt_list.o(.bss)
    os_dly                                   0x100031e4   Data          24  rt_list.o(.bss)
    __libspace_start                         0x100031fc   Data          96  libspace.o(.bss)
    __temporary_stack_top$libspace           0x1000325c   Data           0  libspace.o(.bss)



==============================================================================

Memory Map of the image

  Image Entry point : 0x000002bd

  Load Region LR_1 (Base: 0x00000000, Size: 0x000071e8, Max: 0xffffffff, ABSOLUTE)

    Execution Region ER_RO (Exec base: 0x00000000, Load base: 0x00000000, Size: 0x00007180, Max: 0xffffffff, ABSOLUTE)

    Exec Addr    Load Addr    Size         Type   Attr      Idx    E Section Name        Object

    0x00000000   0x00000000   0x000000cc   Data   RO         1105    RESET               startup_lpc17xx.o
    0x000000cc   0x000000cc   0x00000008   Code   RO         2373  * !!!main             c_w.l(__main.o)
    0x000000d4   0x000000d4   0x00000034   Code   RO         2536    !!!scatter          c_w.l(__scatter.o)
    0x00000108   0x00000108   0x0000001a   Code   RO         2538    !!handler_copy      c_w.l(__scatter_copy.o)
    0x00000122   0x00000122   0x00000002   PAD
    0x00000124   0x00000124   0x0000001c   Code   RO         2540    !!handler_zi        c_w.l(__scatter_zi.o)
    0x00000140   0x00000140   0x00000002   Code   RO         2420    .ARM.Collect$$libinit$$00000000  c_w.l(libinit.o)
    0x00000142   0x00000142   0x00000000   Code   RO         2432    .ARM.Collect$$libinit$$00000002  c_w.l(libinit2.o)
    0x00000142   0x00000142   0x00000000   Code   RO         2434    .ARM.Collect$$libinit$$00000004  c_w.l(libinit2.o)
    0x00000142   0x00000142   0x00000000   Code   RO         2437    .ARM.Collect$$libinit$$0000000A  c_w.l(libinit2.o)
    0x00000142   0x00000142   0x00000000   Code   RO         2439    .ARM.Collect$$libinit$$0000000C  c_w.l(libinit2.o)
    0x00000142   0x00000142   0x00000000   Code   RO         2441    .ARM.Collect$$libinit$$0000000E  c_w.l(libinit2.o)
    0x00000142   0x00000142   0x00000000   Code   RO         2444    .ARM.Collect$$libinit$$00000011  c_w.l(libinit2.o)
    0x00000142   0x00000142   0x00000000   Code   RO         2446    .ARM.Collect$$libinit$$00000013  c_w.l(libinit2.o)
    0x00000142   0x00000142   0x00000000   Code   RO         2448    .ARM.Collect$$libinit$$00000015  c_w.l(libinit2.o)
    0x00000142   0x00000142   0x00000000   Code   RO         2450    .ARM.Collect$$libinit$$00000017  c_w.l(libinit2.o)
    0x00000142   0x00000142   0x00000000   Code   RO         2452    .ARM.Collect$$libinit$$00000019  c_w.l(libinit2.o)
    0x00000142   0x00000142   0x00000000   Code   RO         2454    .ARM.Collect$$libinit$$0000001B  c_w.l(libinit2.o)
    0x00000142   0x00000142   0x00000000   Code   RO         2456    .ARM.Collect$$libinit$$0000001D  c_w.l(libinit2.o)
    0x00000142   0x00000142   0x00000000   Code   RO         2458    .ARM.Collect$$libinit$$0000001F  c_w.l(libinit2.o)
    0x00000142   0x00000142   0x00000000   Code   RO         2460    .ARM.Collect$$libinit$$00000021  c_w.l(libinit2.o)
    0x00000142   0x00000142   0x00000000   Code   RO         2462    .ARM.Collect$$libinit$$00000023  c_w.l(libinit2.o)
    0x00000142   0x00000142   0x00000000   Code   RO         2464    .ARM.Collect$$libinit$$00000025  c_w.l(libinit2.o)
    0x00000142   0x00000142   0x00000000   Code   RO         2468    .ARM.Collect$$libinit$$0000002C  c_w.l(libinit2.o)
    0x00000142   0x00000142   0x00000000   Code   RO         2470    .ARM.Collect$$libinit$$0000002E  c_w.l(libinit2.o)
    0x00000142   0x00000142   0x00000000   Code   RO         2472    .ARM.Collect$$libinit$$00000030  c_w.l(libinit2.o)
    0x00000142   0x00000142   0x00000000   Code   RO         2474    .ARM.Collect$$libinit$$00000032  c_w.l(libinit2.o)
    0x00000142   0x00000142   0x00000002   Code   RO         2475    .ARM.Collect$$libinit$$00000033  c_w.l(libinit2.o)
    0x00000144   0x00000144   0x00000002   Code   RO         2421    .ARM.Collect$$libshutdown$$00000000  c_w.l(libshutdown.o)
    0x00000146   0x00000146   0x00000000   Code   RO         2477    .ARM.Collect$$libshutdown$$00000002  c_w.l(libshutdown2.o)
    0x00000146   0x00000146   0x00000000   Code   RO         2479    .ARM.Collect$$libshutdown$$00000004  c_w.l(libshutdown2.o)
    0x00000146   0x00000146   0x00000000   Code   RO         2481    .ARM.Collect$$libshutdown$$00000006  c_w.l(libshutdown2.o)
    0x00000146   0x00000146   0x00000000   Code   RO         2484    .ARM.Collect$$libshutdown$$00000009  c_w.l(libshutdown2.o)
    0x00000146   0x00000146   0x00000000   Code   RO         2487    .ARM.Collect$$libshutdown$$0000000C  c_w.l(libshutdown2.o)
    0x00000146   0x00000146   0x00000000   Code   RO         2489    .ARM.Collect$$libshutdown$$0000000E  c_w.l(libshutdown2.o)
    0x00000146   0x00000146   0x00000000   Code   RO         2492    .ARM.Collect$$libshutdown$$00000011  c_w.l(libshutdown2.o)
    0x00000146   0x00000146   0x00000002   Code   RO         2493    .ARM.Collect$$libshutdown$$00000012  c_w.l(libshutdown2.o)
    0x00000148   0x00000148   0x00000000   Code   RO         2375    .ARM.Collect$$rtentry$$00000000  c_w.l(__rtentry.o)
    0x00000148   0x00000148   0x00000000   Code   RO         2383    .ARM.Collect$$rtentry$$00000002  c_w.l(__rtentry2.o)
    0x00000148   0x00000148   0x00000006   Code   RO         2395    .ARM.Collect$$rtentry$$00000004  c_w.l(__rtentry4.o)
    0x0000014e   0x0000014e   0x00000000   Code   RO         2385    .ARM.Collect$$rtentry$$00000009  c_w.l(__rtentry2.o)
    0x0000014e   0x0000014e   0x00000004   Code   RO         2386    .ARM.Collect$$rtentry$$0000000A  c_w.l(__rtentry2.o)
    0x00000152   0x00000152   0x00000008   Code   RO         2387    .ARM.Collect$$rtentry$$0000000B  c_w.l(__rtentry2.o)
    0x0000015a   0x0000015a   0x00000008   Code   RO         2389    .ARM.Collect$$rtentry$$0000000D  c_w.l(__rtentry2.o)
    0x00000162   0x00000162   0x00000002   Code   RO         2376    .ARM.Collect$$rtexit$$00000000  c_w.l(rtexit.o)
    0x00000164   0x00000164   0x00000000   Code   RO         2398    .ARM.Collect$$rtexit$$00000002  c_w.l(rtexit2.o)
    0x00000164   0x00000164   0x00000004   Code   RO         2399    .ARM.Collect$$rtexit$$00000003  c_w.l(rtexit2.o)
    0x00000168   0x00000168   0x00000006   Code   RO         2400    .ARM.Collect$$rtexit$$00000004  c_w.l(rtexit2.o)
    0x0000016e   0x0000016e   0x00000002   PAD
    0x00000170   0x00000170   0x0000001c   Code   RO          455    .emb_text           rtx_conf_cm.o
    0x0000018c   0x0000018c   0x00000130   Code   RO         2347    .emb_text           RTX_CM3.lib(hal_cm3.o)
    0x000002bc   0x000002bc   0x0000003c   Code   RO         1107  * .text               startup_lpc17xx.o
    0x000002f8   0x000002f8   0x00000002   Code   RO         2422    .text               c_w.l(use_no_semi.o)
    0x000002fa   0x000002fa   0x00000000   Code   RO         2424    .text               c_w.l(indicate_semi.o)
    0x000002fa   0x000002fa   0x00000002   Code   RO         1894    i.os_tick_irqack    RTX_CM3.lib(rt_system.o)
    0x000002fc   0x000002fc   0x00000004   Code   RO         1106    .ARM.__at_0x02FC    startup_lpc17xx.o
    0x00000300   0x00000300   0x00000008   Code   RO         2362    .text               c_w.l(libspace.o)
    0x00000308   0x00000308   0x000000ee   Code   RO         2365    .text               c_w.l(lludivv7m.o)
    0x000003f6   0x000003f6   0x00000012   Code   RO         2367    .text               c_w.l(exit.o)
    0x00000408   0x00000408   0x0000004e   Code   RO         2369    .text               c_w.l(rt_memclr_w.o)
    0x00000456   0x00000456   0x00000006   Code   RO         2371    .text               c_w.l(heapauxi.o)
    0x0000045c   0x0000045c   0x0000000c   Code   RO         2406    .text               c_w.l(sys_exit.o)
    0x00000468   0x00000468   0x0000004a   Code   RO         2408    .text               c_w.l(sys_stackheap_outer.o)
    0x000004b2   0x000004b2   0x00000002   PAD
    0x000004b4   0x000004b4   0x00000004   Code   RO         2357    SVC_TABLE           RTX_CM3.lib(svc_table.o)
    0x000004b8   0x000004b8   0x000000a8   Code   RO          179    i.Allumer_1LED      gpio.o
    0x00000560   0x00000560   0x00000020   Code   RO          926    i.Clear_Channel_active_flag  gpdma_lpc17xx.o
    0x00000580   0x00000580   0x00000180   Code   RO          927    i.DMA_IRQHandler    gpdma_lpc17xx.o
    0x00000700   0x00000700   0x000000a8   Code   RO          182    i.Eteindre_1LED     gpio.o
    0x000007a8   0x000007a8   0x0000003c   Code   RO          281    i.GLCD_ClearScreen  glcd_mcb1700.o
    0x000007e4   0x000007e4   0x000005fe   Code   RO          292    i.GLCD_Initialize   glcd_mcb1700.o
    0x00000de2   0x00000de2   0x00000002   PAD
    0x00000de4   0x00000de4   0x00000010   Code   RO          294    i.GLCD_SetFont      glcd_mcb1700.o
    0x00000df4   0x00000df4   0x000000a0   Code   RO          296    i.GLCD_SetWindow    glcd_mcb1700.o
    0x00000e94   0x00000e94   0x000000f4   Code   RO          928    i.GPDMA_ChannelConfigure  gpdma_lpc17xx.o
    0x00000f88   0x00000f88   0x00000030   Code   RO          929    i.GPDMA_ChannelDisable  gpdma_lpc17xx.o
    0x00000fb8   0x00000fb8   0x00000030   Code   RO          931    i.GPDMA_ChannelGetCount  gpdma_lpc17xx.o
    0x00000fe8   0x00000fe8   0x000000b0   Code   RO          933    i.GPDMA_Initialize  gpdma_lpc17xx.o
    0x00001098   0x00001098   0x00000044   Code   RO          934    i.GPDMA_PeripheralSelect  gpdma_lpc17xx.o
    0x000010dc   0x000010dc   0x00000068   Code   RO          935    i.GPDMA_Uninitialize  gpdma_lpc17xx.o
    0x00001144   0x00001144   0x00000020   Code   RO         1016    i.GPIO_PinRead      gpio_lpc17xx.o
    0x00001164   0x00001164   0x00000028   Code   RO         1017    i.GPIO_PinWrite     gpio_lpc17xx.o
    0x0000118c   0x0000118c   0x0000002c   Code   RO         1018    i.GPIO_PortClock    gpio_lpc17xx.o
    0x000011b8   0x000011b8   0x00000038   Code   RO         1021    i.GPIO_SetDir       gpio_lpc17xx.o
    0x000011f0   0x000011f0   0x00000044   Code   RO          516    i.GetSSPClockFreq   ssp_lpc17xx.o
    0x00001234   0x00001234   0x00000044   Code   RO          707    i.GetUsartClockFreq  uart_lpc17xx.o
    0x00001278   0x00001278   0x00000038   Code   RO          115    i.Init_UART1        lidar.o
    0x000012b0   0x000012b0   0x00000068   Code   RO          183    i.Initialise_GPIO   gpio.o
    0x00001318   0x00001318   0x000000fc   Code   RO         1070    i.PIN_Configure     pin_lpc17xx.o
    0x00001414   0x00001414   0x0000011c   Code   RO            4    i.Process_Data      main.o
    0x00001530   0x00001530   0x00000064   Code   RO            5    i.Receive_Data      main.o
    0x00001594   0x00001594   0x00000018   Code   RO          517    i.SSP1_Control      ssp_lpc17xx.o
    0x000015ac   0x000015ac   0x00000014   Code   RO          518    i.SSP1_GPDMA_Rx_SignalEvent  ssp_lpc17xx.o
    0x000015c0   0x000015c0   0x00000014   Code   RO          519    i.SSP1_GPDMA_Tx_SignalEvent  ssp_lpc17xx.o
    0x000015d4   0x000015d4   0x00000010   Code   RO          520    i.SSP1_GetDataCount  ssp_lpc17xx.o
    0x000015e4   0x000015e4   0x00000010   Code   RO          521    i.SSP1_GetStatus    ssp_lpc17xx.o
    0x000015f4   0x000015f4   0x00000010   Code   RO          522    i.SSP1_IRQHandler   ssp_lpc17xx.o
    0x00001604   0x00001604   0x00000014   Code   RO          523    i.SSP1_Initialize   ssp_lpc17xx.o
    0x00001618   0x00001618   0x00000014   Code   RO          524    i.SSP1_PowerControl  ssp_lpc17xx.o
    0x0000162c   0x0000162c   0x00000018   Code   RO          525    i.SSP1_Receive      ssp_lpc17xx.o
    0x00001644   0x00001644   0x00000018   Code   RO          526    i.SSP1_Send         ssp_lpc17xx.o
    0x0000165c   0x0000165c   0x0000001c   Code   RO          527    i.SSP1_Transfer     ssp_lpc17xx.o
    0x00001678   0x00001678   0x00000010   Code   RO          528    i.SSP1_Uninitialize  ssp_lpc17xx.o
    0x00001688   0x00001688   0x0000000c   Code   RO          529    i.SSP_GetCapabilities  ssp_lpc17xx.o
    0x00001694   0x00001694   0x00000010   Code   RO          530    i.SSP_GetVersion    ssp_lpc17xx.o
    0x000016a4   0x000016a4   0x0000051e   Code   RO          531    i.SSPx_Control      ssp_lpc17xx.o
    0x00001bc2   0x00001bc2   0x00000036   Code   RO          532    i.SSPx_GPDMA_Rx_SignalEvent  ssp_lpc17xx.o
    0x00001bf8   0x00001bf8   0x0000001c   Code   RO          533    i.SSPx_GPDMA_Tx_SignalEvent  ssp_lpc17xx.o
    0x00001c14   0x00001c14   0x0000002c   Code   RO          534    i.SSPx_GetDataCount  ssp_lpc17xx.o
    0x00001c40   0x00001c40   0x0000002c   Code   RO          535    i.SSPx_GetStatus    ssp_lpc17xx.o
    0x00001c6c   0x00001c6c   0x00000104   Code   RO          536    i.SSPx_IRQHandler   ssp_lpc17xx.o
    0x00001d70   0x00001d70   0x000000a8   Code   RO          537    i.SSPx_Initialize   ssp_lpc17xx.o
    0x00001e18   0x00001e18   0x000001c0   Code   RO          538    i.SSPx_PowerControl  ssp_lpc17xx.o
    0x00001fd8   0x00001fd8   0x0000015c   Code   RO          539    i.SSPx_Receive      ssp_lpc17xx.o
    0x00002134   0x00002134   0x00000154   Code   RO          540    i.SSPx_Send         ssp_lpc17xx.o
    0x00002288   0x00002288   0x00000152   Code   RO          541    i.SSPx_Transfer     ssp_lpc17xx.o
    0x000023da   0x000023da   0x00000070   Code   RO          542    i.SSPx_Uninitialize  ssp_lpc17xx.o
    0x0000244a   0x0000244a   0x00000002   PAD
    0x0000244c   0x0000244c   0x00000038   Code   RO          936    i.Set_Channel_active_flag  gpdma_lpc17xx.o
    0x00002484   0x00002484   0x00000078   Code   RO          116    i.Start_LIDAR       lidar.o
    0x000024fc   0x000024fc   0x00000140   Code   RO         1117    i.SystemInit        system_lpc17xx.o
    0x0000263c   0x0000263c   0x00000010   Code   RO          708    i.UART1_IRQHandler  uart_lpc17xx.o
    0x0000264c   0x0000264c   0x00000018   Code   RO          709    i.USART1_Control    uart_lpc17xx.o
    0x00002664   0x00002664   0x00000014   Code   RO          710    i.USART1_GPDMA_Rx_Event  uart_lpc17xx.o
    0x00002678   0x00002678   0x00000014   Code   RO          711    i.USART1_GPDMA_Tx_Event  uart_lpc17xx.o
    0x0000268c   0x0000268c   0x00000010   Code   RO          712    i.USART1_GetCapabilities  uart_lpc17xx.o
    0x0000269c   0x0000269c   0x00000010   Code   RO          713    i.USART1_GetModemStatus  uart_lpc17xx.o
    0x000026ac   0x000026ac   0x00000010   Code   RO          714    i.USART1_GetRxCount  uart_lpc17xx.o
    0x000026bc   0x000026bc   0x00000010   Code   RO          715    i.USART1_GetStatus  uart_lpc17xx.o
    0x000026cc   0x000026cc   0x00000010   Code   RO          716    i.USART1_GetTxCount  uart_lpc17xx.o
    0x000026dc   0x000026dc   0x00000014   Code   RO          717    i.USART1_Initialize  uart_lpc17xx.o
    0x000026f0   0x000026f0   0x00000014   Code   RO          718    i.USART1_PowerControl  uart_lpc17xx.o
    0x00002704   0x00002704   0x00000018   Code   RO          719    i.USART1_Receive    uart_lpc17xx.o
    0x0000271c   0x0000271c   0x00000018   Code   RO          720    i.USART1_Send       uart_lpc17xx.o
    0x00002734   0x00002734   0x00000014   Code   RO          721    i.USART1_SetModemControl  uart_lpc17xx.o
    0x00002748   0x00002748   0x0000001c   Code   RO          722    i.USART1_Transfer   uart_lpc17xx.o
    0x00002764   0x00002764   0x00000010   Code   RO          723    i.USART1_Uninitialize  uart_lpc17xx.o
    0x00002774   0x00002774   0x00000578   Code   RO          724    i.USART_Control     uart_lpc17xx.o
    0x00002cec   0x00002cec   0x00000086   Code   RO          725    i.USART_GPDMA_Rx_Event  uart_lpc17xx.o
    0x00002d72   0x00002d72   0x0000004a   Code   RO          726    i.USART_GPDMA_Tx_Event  uart_lpc17xx.o
    0x00002dbc   0x00002dbc   0x00000006   Code   RO          727    i.USART_GetCapabilities  uart_lpc17xx.o
    0x00002dc2   0x00002dc2   0x000000b2   Code   RO          728    i.USART_GetModemStatus  uart_lpc17xx.o
    0x00002e74   0x00002e74   0x0000001c   Code   RO          729    i.USART_GetRxCount  uart_lpc17xx.o
    0x00002e90   0x00002e90   0x0000005e   Code   RO          730    i.USART_GetStatus   uart_lpc17xx.o
    0x00002eee   0x00002eee   0x0000001c   Code   RO          731    i.USART_GetTxCount  uart_lpc17xx.o
    0x00002f0a   0x00002f0a   0x00000270   Code   RO          732    i.USART_IRQHandler  uart_lpc17xx.o
    0x0000317a   0x0000317a   0x000000fe   Code   RO          733    i.USART_Initialize  uart_lpc17xx.o
    0x00003278   0x00003278   0x000000f6   Code   RO          734    i.USART_PIN_Configure  uart_lpc17xx.o
    0x0000336e   0x0000336e   0x00000002   PAD
    0x00003370   0x00003370   0x00000250   Code   RO          735    i.USART_PowerControl  uart_lpc17xx.o
    0x000035c0   0x000035c0   0x00000110   Code   RO          736    i.USART_Receive     uart_lpc17xx.o
    0x000036d0   0x000036d0   0x00000068   Code   RO          737    i.USART_RxLineIntHandler  uart_lpc17xx.o
    0x00003738   0x00003738   0x0000019c   Code   RO          738    i.USART_Send        uart_lpc17xx.o
    0x000038d4   0x000038d4   0x00000140   Code   RO          739    i.USART_SetBaudrate  uart_lpc17xx.o
    0x00003a14   0x00003a14   0x000000a0   Code   RO          740    i.USART_SetModemControl  uart_lpc17xx.o
    0x00003ab4   0x00003ab4   0x0000007a   Code   RO          741    i.USART_Transfer    uart_lpc17xx.o
    0x00003b2e   0x00003b2e   0x000000e2   Code   RO          742    i.USART_Uninitialize  uart_lpc17xx.o
    0x00003c10   0x00003c10   0x00000010   Code   RO          743    i.USARTx_GetVersion  uart_lpc17xx.o
    0x00003c20   0x00003c20   0x0000001c   Code   RO          543    i.__NVIC_ClearPendingIRQ  ssp_lpc17xx.o
    0x00003c3c   0x00003c3c   0x0000001c   Code   RO          744    i.__NVIC_ClearPendingIRQ  uart_lpc17xx.o
    0x00003c58   0x00003c58   0x0000001c   Code   RO          937    i.__NVIC_ClearPendingIRQ  gpdma_lpc17xx.o
    0x00003c74   0x00003c74   0x00000046   Code   RO         2246    i._init_box         RTX_CM3.lib(rt_membox.o)
    0x00003cba   0x00003cba   0x00000002   PAD
    0x00003cbc   0x00003cbc   0x00000020   Code   RO          457    i._mutex_acquire    rtx_conf_cm.o
    0x00003cdc   0x00003cdc   0x0000001c   Code   RO          459    i._mutex_release    rtx_conf_cm.o
    0x00003cf8   0x00003cf8   0x0000000a   Code   RO          118    i.arrayToAngle      lidar.o
    0x00003d02   0x00003d02   0x00000008   Code   RO          119    i.arrayToRange      lidar.o
    0x00003d0a   0x00003d0a   0x00000002   PAD
    0x00003d0c   0x00003d0c   0x00000030   Code   RO         2299    i.dbg_init          RTX_CM3.lib(hal_cm.o)
    0x00003d3c   0x00003d3c   0x00000020   Code   RO         2300    i.dbg_task_notify   RTX_CM3.lib(hal_cm.o)
    0x00003d5c   0x00003d5c   0x00000010   Code   RO         2301    i.dbg_task_switch   RTX_CM3.lib(hal_cm.o)
    0x00003d6c   0x00003d6c   0x00000030   Code   RO          299    i.delay_ms          glcd_mcb1700.o
    0x00003d9c   0x00003d9c   0x00000060   Code   RO          121    i.initPwm           lidar.o
    0x00003dfc   0x00003dfc   0x0000002a   Code   RO         1152    i.isrMessageGet     RTX_CM3.lib(rt_cmsis.o)
    0x00003e26   0x00003e26   0x0000002c   Code   RO         1153    i.isrMessagePut     RTX_CM3.lib(rt_cmsis.o)
    0x00003e52   0x00003e52   0x00000024   Code   RO         1155    i.isrSignalSet      RTX_CM3.lib(rt_cmsis.o)
    0x00003e76   0x00003e76   0x00000002   PAD
    0x00003e78   0x00003e78   0x00000028   Code   RO         1983    i.isr_evt_set       RTX_CM3.lib(rt_event.o)
    0x00003ea0   0x00003ea0   0x00000056   Code   RO         2101    i.isr_mbx_receive   RTX_CM3.lib(rt_mailbox.o)
    0x00003ef6   0x00003ef6   0x0000000e   Code   RO         2102    i.isr_mbx_send      RTX_CM3.lib(rt_mailbox.o)
    0x00003f04   0x00003f04   0x00000084   Code   RO            6    i.main              main.o
    0x00003f88   0x00003f88   0x00000018   Code   RO         1156    i.osDelay           RTX_CM3.lib(rt_cmsis.o)
    0x00003fa0   0x00003fa0   0x00000024   Code   RO         1157    i.osKernelInitialize  RTX_CM3.lib(rt_cmsis.o)
    0x00003fc4   0x00003fc4   0x0000006c   Code   RO         1159    i.osKernelStart     RTX_CM3.lib(rt_cmsis.o)
    0x00004030   0x00004030   0x00000018   Code   RO         1168    i.osMessageGet      RTX_CM3.lib(rt_cmsis.o)
    0x00004048   0x00004048   0x00000018   Code   RO         1183    i.osSignalSet       RTX_CM3.lib(rt_cmsis.o)
    0x00004060   0x00004060   0x00000018   Code   RO         1184    i.osSignalWait      RTX_CM3.lib(rt_cmsis.o)
    0x00004078   0x00004078   0x0000002c   Code   RO         1185    i.osThreadCreate    RTX_CM3.lib(rt_cmsis.o)
    0x000040a4   0x000040a4   0x00000018   Code   RO         1186    i.osThreadExit      RTX_CM3.lib(rt_cmsis.o)
    0x000040bc   0x000040bc   0x0000000c   Code   RO         1192    i.osTimerCall       RTX_CM3.lib(rt_cmsis.o)
    0x000040c8   0x000040c8   0x0000002c   Code   RO         1197    i.osTimerThread     RTX_CM3.lib(rt_cmsis.o)
    0x000040f4   0x000040f4   0x00000022   Code   RO          460    i.os_error          rtx_conf_cm.o
    0x00004116   0x00004116   0x00000004   Code   RO          461    i.os_idle_demon     rtx_conf_cm.o
    0x0000411a   0x0000411a   0x00000002   PAD
    0x0000411c   0x0000411c   0x00000028   Code   RO         1893    i.os_tick_init      RTX_CM3.lib(rt_system.o)
    0x00004144   0x00004144   0x000000c8   Code   RO          300    i.rd_id_man         glcd_mcb1700.o
    0x0000420c   0x0000420c   0x0000001a   Code   RO         2247    i.rt_alloc_box      RTX_CM3.lib(rt_membox.o)
    0x00004226   0x00004226   0x0000003e   Code   RO         2275    i.rt_alloc_mem      RTX_CM3.lib(rt_memory.o)
    0x00004264   0x00004264   0x00000038   Code   RO         1774    i.rt_block          RTX_CM3.lib(rt_task.o)
    0x0000429c   0x0000429c   0x00000048   Code   RO         2224    i.rt_chk_robin      RTX_CM3.lib(rt_robin.o)
    0x000042e4   0x000042e4   0x00000070   Code   RO         2025    i.rt_dec_dly        RTX_CM3.lib(rt_list.o)
    0x00004354   0x00004354   0x00000044   Code   RO         1775    i.rt_dispatch       RTX_CM3.lib(rt_task.o)
    0x00004398   0x00004398   0x00000006   Code   RO         2191    i.rt_dly_wait       RTX_CM3.lib(rt_time.o)
    0x0000439e   0x0000439e   0x00000002   PAD
    0x000043a0   0x000043a0   0x00000050   Code   RO         1986    i.rt_evt_psh        RTX_CM3.lib(rt_event.o)
    0x000043f0   0x000043f0   0x0000005c   Code   RO         1987    i.rt_evt_set        RTX_CM3.lib(rt_event.o)
    0x0000444c   0x0000444c   0x0000003c   Code   RO         1988    i.rt_evt_wait       RTX_CM3.lib(rt_event.o)
    0x00004488   0x00004488   0x0000002c   Code   RO         2248    i.rt_free_box       RTX_CM3.lib(rt_membox.o)
    0x000044b4   0x000044b4   0x00000028   Code   RO         2276    i.rt_free_mem       RTX_CM3.lib(rt_memory.o)
    0x000044dc   0x000044dc   0x00000028   Code   RO         2026    i.rt_get_first      RTX_CM3.lib(rt_list.o)
    0x00004504   0x00004504   0x00000008   Code   RO         1202    i.rt_id2obj         RTX_CM3.lib(rt_cmsis.o)
    0x0000450c   0x0000450c   0x00000048   Code   RO         1776    i.rt_init_context   RTX_CM3.lib(rt_task.o)
    0x00004554   0x00004554   0x0000001a   Code   RO         2277    i.rt_init_mem       RTX_CM3.lib(rt_memory.o)
    0x0000456e   0x0000456e   0x00000002   PAD
    0x00004570   0x00004570   0x00000018   Code   RO         2225    i.rt_init_robin     RTX_CM3.lib(rt_robin.o)
    0x00004588   0x00004588   0x00000080   Code   RO         2302    i.rt_init_stack     RTX_CM3.lib(hal_cm.o)
    0x00004608   0x00004608   0x00000008   Code   RO         2103    i.rt_mbx_check      RTX_CM3.lib(rt_mailbox.o)
    0x00004610   0x00004610   0x0000001a   Code   RO         2104    i.rt_mbx_init       RTX_CM3.lib(rt_mailbox.o)
    0x0000462a   0x0000462a   0x00000002   PAD
    0x0000462c   0x0000462c   0x000000f0   Code   RO         2105    i.rt_mbx_psh        RTX_CM3.lib(rt_mailbox.o)
    0x0000471c   0x0000471c   0x000000b4   Code   RO         2107    i.rt_mbx_wait       RTX_CM3.lib(rt_mailbox.o)
    0x000047d0   0x000047d0   0x00000044   Code   RO         1203    i.rt_ms2tick        RTX_CM3.lib(rt_cmsis.o)
    0x00004814   0x00004814   0x000000d8   Code   RO         1860    i.rt_mut_release    RTX_CM3.lib(rt_mutex.o)
    0x000048ec   0x000048ec   0x00000078   Code   RO         1861    i.rt_mut_wait       RTX_CM3.lib(rt_mutex.o)
    0x00004964   0x00004964   0x0000007c   Code   RO         1897    i.rt_pop_req        RTX_CM3.lib(rt_system.o)
    0x000049e0   0x000049e0   0x00000020   Code   RO         1898    i.rt_psh_req        RTX_CM3.lib(rt_system.o)
    0x00004a00   0x00004a00   0x0000005c   Code   RO         2028    i.rt_psq_enq        RTX_CM3.lib(rt_list.o)
    0x00004a5c   0x00004a5c   0x00000048   Code   RO         2029    i.rt_put_dly        RTX_CM3.lib(rt_list.o)
    0x00004aa4   0x00004aa4   0x00000036   Code   RO         2030    i.rt_put_prio       RTX_CM3.lib(rt_list.o)
    0x00004ada   0x00004ada   0x00000002   PAD
    0x00004adc   0x00004adc   0x00000014   Code   RO         2031    i.rt_put_rdy_first  RTX_CM3.lib(rt_list.o)
    0x00004af0   0x00004af0   0x00000034   Code   RO         2032    i.rt_resort_prio    RTX_CM3.lib(rt_list.o)
    0x00004b24   0x00004b24   0x00000006   Code   RO         2303    i.rt_ret_val        RTX_CM3.lib(hal_cm.o)
    0x00004b2a   0x00004b2a   0x00000008   Code   RO         2304    i.rt_ret_val2       RTX_CM3.lib(hal_cm.o)
    0x00004b32   0x00004b32   0x00000028   Code   RO         2033    i.rt_rmv_dly        RTX_CM3.lib(rt_list.o)
    0x00004b5a   0x00004b5a   0x00000002   PAD
    0x00004b5c   0x00004b5c   0x00000030   Code   RO         2034    i.rt_rmv_list       RTX_CM3.lib(rt_list.o)
    0x00004b8c   0x00004b8c   0x00000034   Code   RO         2152    i.rt_sem_psh        RTX_CM3.lib(rt_semaphore.o)
    0x00004bc0   0x00004bc0   0x00000024   Code   RO         1900    i.rt_stk_check      RTX_CM3.lib(rt_system.o)
    0x00004be4   0x00004be4   0x00000028   Code   RO         1777    i.rt_switch_req     RTX_CM3.lib(rt_task.o)
    0x00004c0c   0x00004c0c   0x000000cc   Code   RO         1778    i.rt_sys_init       RTX_CM3.lib(rt_task.o)
    0x00004cd8   0x00004cd8   0x00000078   Code   RO         1779    i.rt_sys_start      RTX_CM3.lib(rt_task.o)
    0x00004d50   0x00004d50   0x00000040   Code   RO         1902    i.rt_systick        RTX_CM3.lib(rt_system.o)
    0x00004d90   0x00004d90   0x00000012   Code   RO         1204    i.rt_tid2ptcb       RTX_CM3.lib(rt_cmsis.o)
    0x00004da2   0x00004da2   0x00000002   PAD
    0x00004da4   0x00004da4   0x00000034   Code   RO         1205    i.rt_timer_insert   RTX_CM3.lib(rt_cmsis.o)
    0x00004dd8   0x00004dd8   0x00000088   Code   RO         1780    i.rt_tsk_create     RTX_CM3.lib(rt_task.o)
    0x00004e60   0x00004e60   0x0000017c   Code   RO         1781    i.rt_tsk_delete     RTX_CM3.lib(rt_task.o)
    0x00004fdc   0x00004fdc   0x0000007c   Code   RO         1783    i.rt_tsk_prio       RTX_CM3.lib(rt_task.o)
    0x00005058   0x00005058   0x00000010   Code   RO         1784    i.rt_tsk_self       RTX_CM3.lib(rt_task.o)
    0x00005068   0x00005068   0x0000002c   Code   RO          301    i.spi_tran          glcd_mcb1700.o
    0x00005094   0x00005094   0x00000088   Code   RO          302    i.spi_tran_man      glcd_mcb1700.o
    0x0000511c   0x0000511c   0x00000012   Code   RO         1207    i.svcDelay          RTX_CM3.lib(rt_cmsis.o)
    0x0000512e   0x0000512e   0x00000002   PAD
    0x00005130   0x00005130   0x00000070   Code   RO         1208    i.svcKernelInitialize  RTX_CM3.lib(rt_cmsis.o)
    0x000051a0   0x000051a0   0x00000048   Code   RO         1210    i.svcKernelStart    RTX_CM3.lib(rt_cmsis.o)
    0x000051e8   0x000051e8   0x00000024   Code   RO         1213    i.svcMessageCreate  RTX_CM3.lib(rt_cmsis.o)
    0x0000520c   0x0000520c   0x0000003a   Code   RO         1214    i.svcMessageGet     RTX_CM3.lib(rt_cmsis.o)
    0x00005246   0x00005246   0x00000024   Code   RO         1226    i.svcSignalSet      RTX_CM3.lib(rt_cmsis.o)
    0x0000526a   0x0000526a   0x00000002   PAD
    0x0000526c   0x0000526c   0x00000054   Code   RO         1227    i.svcSignalWait     RTX_CM3.lib(rt_cmsis.o)
    0x000052c0   0x000052c0   0x0000006c   Code   RO         1228    i.svcThreadCreate   RTX_CM3.lib(rt_cmsis.o)
    0x0000532c   0x0000532c   0x0000001c   Code   RO         1229    i.svcThreadGetId    RTX_CM3.lib(rt_cmsis.o)
    0x00005348   0x00005348   0x00000038   Code   RO         1232    i.svcThreadTerminate  RTX_CM3.lib(rt_cmsis.o)
    0x00005380   0x00005380   0x00000018   Code   RO         1234    i.svcTimerCall      RTX_CM3.lib(rt_cmsis.o)
    0x00005398   0x00005398   0x000000a8   Code   RO            7    i.synchro_LIDAR     main.o
    0x00005440   0x00005440   0x0000005c   Code   RO         1243    i.sysTimerTick      RTX_CM3.lib(rt_cmsis.o)
    0x0000549c   0x0000549c   0x0000004c   Code   RO          303    i.wr_cmd            glcd_mcb1700.o
    0x000054e8   0x000054e8   0x00000034   Code   RO          304    i.wr_dat_only       glcd_mcb1700.o
    0x0000551c   0x0000551c   0x00000018   Code   RO          305    i.wr_dat_start      glcd_mcb1700.o
    0x00005534   0x00005534   0x00000014   Code   RO          306    i.wr_dat_stop       glcd_mcb1700.o
    0x00005548   0x00005548   0x00000090   Code   RO          307    i.wr_reg            glcd_mcb1700.o
    0x000055d8   0x000055d8   0x00000020   Data   RO            9    .constdata          main.o
    0x000055f8   0x000055f8   0x000018a0   Data   RO          266    .constdata          glcd_fonts.o
    0x00006e98   0x00006e98   0x00000008   Data   RO          308    .constdata          glcd_mcb1700.o
    0x00006ea0   0x00006ea0   0x00000068   Data   RO          463    .constdata          rtx_conf_cm.o
    0x00006f08   0x00006f08   0x00000084   Data   RO          545    .constdata          ssp_lpc17xx.o
    0x00006f8c   0x00006f8c   0x000001d4   Data   RO          746    .constdata          uart_lpc17xx.o
    0x00007160   0x00007160   0x00000020   Data   RO         2534    Region$$Table       anon$$obj.o


    Execution Region ER_RW (Exec base: 0x10000000, Load base: 0x00007180, Size: 0x00000068, Max: 0xffffffff, ABSOLUTE)

    Exec Addr    Load Addr    Size         Type   Attr      Idx    E Section Name        Object

    0x10000000   0x00007180   0x0000000c   Data   RW           10    .data               main.o
    0x1000000c   0x0000718c   0x00000009   Data   RW          309    .data               glcd_mcb1700.o
    0x10000015   0x00007195   0x00000003   PAD
    0x10000018   0x00007198   0x00000014   Data   RW          464    .data               rtx_conf_cm.o
    0x1000002c   0x000071ac   0x00000008   Data   RW          546    .data               ssp_lpc17xx.o
    0x10000034   0x000071b4   0x00000008   Data   RW          939    .data               gpdma_lpc17xx.o
    0x1000003c   0x000071bc   0x00000004   Data   RW         1118    .data               system_lpc17xx.o
    0x10000040   0x000071c0   0x00000008   Data   RW         1246    .data               RTX_CM3.lib(rt_cmsis.o)
    0x10000048   0x000071c8   0x00000008   Data   RW         1786    .data               RTX_CM3.lib(rt_task.o)
    0x10000050   0x000071d0   0x00000008   Data   RW         1905    .data               RTX_CM3.lib(rt_system.o)
    0x10000058   0x000071d8   0x00000004   Data   RW         2195    .data               RTX_CM3.lib(rt_time.o)
    0x1000005c   0x000071dc   0x00000008   Data   RW         2226    .data               RTX_CM3.lib(rt_robin.o)
    0x10000064   0x000071e4   0x00000001   Data   RW         2305    .data               RTX_CM3.lib(hal_cm.o)


    Execution Region ER_ZI (Exec base: 0x10000068, Load base: 0x000071e8, Size: 0x000033f8, Max: 0xffffffff, ABSOLUTE)

    Exec Addr    Load Addr    Size         Type   Attr      Idx    E Section Name        Object

    0x10000068        -       0x00002468   Zero   RW            8    .bss                main.o
    0x100024d0        -       0x00000bc8   Zero   RW          462    .bss                rtx_conf_cm.o
    0x10003098        -       0x0000002c   Zero   RW          544    .bss                ssp_lpc17xx.o
    0x100030c4        -       0x00000034   Zero   RW          745    .bss                uart_lpc17xx.o
    0x100030f8        -       0x000000a0   Zero   RW          938    .bss                gpdma_lpc17xx.o
    0x10003198        -       0x00000034   Zero   RW         1785    .bss                RTX_CM3.lib(rt_task.o)
    0x100031cc        -       0x00000030   Zero   RW         2035    .bss                RTX_CM3.lib(rt_list.o)
    0x100031fc        -       0x00000060   Zero   RW         2363    .bss                c_w.l(libspace.o)
    0x1000325c   0x000071e8   0x00000004   PAD
    0x10003260        -       0x00000000   Zero   RW         1104    HEAP                startup_lpc17xx.o
    0x10003260        -       0x00000200   Zero   RW         1103    STACK               startup_lpc17xx.o


==============================================================================

Image component sizes


      Code (inc. data)   RO Data    RW Data    ZI Data      Debug   Object Name

         0          0       6304          0          0        924   glcd_fonts.o
      2514         78          8          9          0      10754   glcd_mcb1700.o
      1188         94          0          8        160       8594   gpdma_lpc17xx.o
       440         32          0          0          0       1425   gpio.o
       172         18          0          0          0       2442   gpio_lpc17xx.o
       290         26          0          0          0       2479   lidar.o
       684         78         32         12       9320      41546   main.o
       252          6          0          0          0        844   pin_lpc17xx.o
       126         26        104         20       3016       9263   rtx_conf_cm.o
      3862        104        132          8         44      54601   ssp_lpc17xx.o
        64         26        204          0        512       1028   startup_lpc17xx.o
       320         18          0          4          0        835   system_lpc17xx.o
      5698        160        468          0         52      34875   uart_lpc17xx.o

    ----------------------------------------------------------------------
     15620        666       7284         64      13104     169610   Object Totals
         0          0         32          0          0          0   (incl. Generated)
        10          0          0          3          0          0   (incl. Padding)

    ----------------------------------------------------------------------

      Code (inc. data)   RO Data    RW Data    ZI Data      Debug   Library Member Name

       238         24          0          1          0       3244   hal_cm.o
       304         36          0          0          0        756   hal_cm3.o
      1356        160          0          8          0      36578   rt_cmsis.o
       272         18          0          0          0       2606   rt_event.o
       530         34          0          0         48       8157   rt_list.o
       554         10          0          0          0       3889   rt_mailbox.o
       140          0          0          0          0       1889   rt_membox.o
       128          0          0          0          0       2267   rt_memory.o
       336         14          0          0          0       1623   rt_mutex.o
        96         22          0          8          0       1134   rt_robin.o
        52          4          0          0          0        565   rt_semaphore.o
       298         52          0          8          0       6139   rt_system.o
      1216        174          0          8         52       9537   rt_task.o
         6          0          0          4          0        636   rt_time.o
         4          4          0          0          0        196   svc_table.o
         8          0          0          0          0         68   __main.o
         0          0          0          0          0          0   __rtentry.o
        20          0          0          0          0          0   __rtentry2.o
         6          0          0          0          0          0   __rtentry4.o
        52          8          0          0          0          0   __scatter.o
        26          0          0          0          0          0   __scatter_copy.o
        28          0          0          0          0          0   __scatter_zi.o
        18          0          0          0          0         80   exit.o
         6          0          0          0          0        152   heapauxi.o
         0          0          0          0          0          0   indicate_semi.o
         2          0          0          0          0          0   libinit.o
         2          0          0          0          0          0   libinit2.o
         2          0          0          0          0          0   libshutdown.o
         2          0          0          0          0          0   libshutdown2.o
         8          4          0          0         96         68   libspace.o
       238          0          0          0          0        100   lludivv7m.o
        78          0          0          0          0         80   rt_memclr_w.o
         2          0          0          0          0          0   rtexit.o
        10          0          0          0          0          0   rtexit2.o
        12          4          0          0          0         68   sys_exit.o
        74          0          0          0          0         80   sys_stackheap_outer.o
         2          0          0          0          0         68   use_no_semi.o

    ----------------------------------------------------------------------
      6152        568          0         40        200      79980   Library Totals
        26          0          0          3          4          0   (incl. Padding)

    ----------------------------------------------------------------------

      Code (inc. data)   RO Data    RW Data    ZI Data      Debug   Library Name

      5530        552          0         37        100      79216   RTX_CM3.lib
       596         16          0          0         96        764   c_w.l

    ----------------------------------------------------------------------
      6152        568          0         40        200      79980   Library Totals

    ----------------------------------------------------------------------

==============================================================================


      Code (inc. data)   RO Data    RW Data    ZI Data      Debug   

     21772       1234       7284        104      13304     239654   Grand Totals
     21772       1234       7284        104      13304     239654   ELF Image Totals
     21772       1234       7284        104          0          0   ROM Totals

==============================================================================

    Total RO  Size (Code + RO Data)                29056 (  28.38kB)
    Total RW  Size (RW Data + ZI Data)             13408 (  13.09kB)
    Total ROM Size (Code + RO Data + RW Data)      29160 (  28.48kB)

==============================================================================

