Component: ARM Compiler 6.16 Tool: armlink [5dfeaa00]

==============================================================================

Section Cross References

    main.o(.text.main) refers to main.o(.text.initPwm) for initPwm
    main.o(.text.main) refers to main.o(.bss.etatpin) for etatpin
    main.o(.text.main) refers to main.o(.bss.etatbot) for etatbot
    main.o(.text.main) refers to main.o(.bss.etat) for etat
    main.o(.text.main) refers to main.o(.text.MoteurAR) for MoteurAR
    main.o(.text.main) refers to main.o(.text.MoteurAV) for MoteurAV
    main.o(.ARM.exidx.text.main) refers to main.o(.text.main) for [Anonymous Symbol]
    main.o(.ARM.exidx.text.initPwm) refers to main.o(.text.initPwm) for [Anonymous Symbol]
    main.o(.ARM.exidx.text.MoteurAV) refers to main.o(.text.MoteurAV) for [Anonymous Symbol]
    main.o(.ARM.exidx.text.MoteurAR) refers to main.o(.text.MoteurAR) for [Anonymous Symbol]
    glcd_fonts.o(.rodata.GLCD_Font_6x8) refers to glcd_fonts.o(.rodata.Font_6x8_h) for [Anonymous Symbol]
    glcd_fonts.o(.rodata.GLCD_Font_16x24) refers to glcd_fonts.o(.rodata.Font_16x24_h) for [Anonymous Symbol]
    glcd_mcb1700.o(.text.GLCD_Initialize) refers to gpio_lpc17xx.o(.text.GPIO_PortClock) for GPIO_PortClock
    glcd_mcb1700.o(.text.GLCD_Initialize) refers to pin_lpc17xx.o(.text.PIN_Configure) for PIN_Configure
    glcd_mcb1700.o(.text.GLCD_Initialize) refers to gpio_lpc17xx.o(.text.GPIO_SetDir) for GPIO_SetDir
    glcd_mcb1700.o(.text.GLCD_Initialize) refers to gpio_lpc17xx.o(.text.GPIO_PinWrite) for GPIO_PinWrite
    glcd_mcb1700.o(.text.GLCD_Initialize) refers to glcd_mcb1700.o(.text.rd_id_man) for rd_id_man
    glcd_mcb1700.o(.text.GLCD_Initialize) refers to ssp_lpc17xx.o(.rodata.Driver_SPI1) for Driver_SPI1
    glcd_mcb1700.o(.text.GLCD_Initialize) refers to glcd_mcb1700.o(.text.rd_reg) for rd_reg
    glcd_mcb1700.o(.text.GLCD_Initialize) refers to glcd_mcb1700.o(.bss.Himax) for Himax
    glcd_mcb1700.o(.text.GLCD_Initialize) refers to glcd_mcb1700.o(.text.wr_reg) for wr_reg
    glcd_mcb1700.o(.text.GLCD_Initialize) refers to glcd_mcb1700.o(.text.delay_ms) for delay_ms
    glcd_mcb1700.o(.ARM.exidx.text.GLCD_Initialize) refers to glcd_mcb1700.o(.text.GLCD_Initialize) for [Anonymous Symbol]
    glcd_mcb1700.o(.text.rd_id_man) refers to pin_lpc17xx.o(.text.PIN_Configure) for PIN_Configure
    glcd_mcb1700.o(.text.rd_id_man) refers to gpio_lpc17xx.o(.text.GPIO_SetDir) for GPIO_SetDir
    glcd_mcb1700.o(.text.rd_id_man) refers to gpio_lpc17xx.o(.text.GPIO_PinWrite) for GPIO_PinWrite
    glcd_mcb1700.o(.text.rd_id_man) refers to glcd_mcb1700.o(.text.spi_tran_man) for spi_tran_man
    glcd_mcb1700.o(.ARM.exidx.text.rd_id_man) refers to glcd_mcb1700.o(.text.rd_id_man) for [Anonymous Symbol]
    glcd_mcb1700.o(.text.rd_reg) refers to glcd_mcb1700.o(.text.wr_cmd) for wr_cmd
    glcd_mcb1700.o(.text.rd_reg) refers to glcd_mcb1700.o(.text.rd_dat) for rd_dat
    glcd_mcb1700.o(.ARM.exidx.text.rd_reg) refers to glcd_mcb1700.o(.text.rd_reg) for [Anonymous Symbol]
    glcd_mcb1700.o(.text.wr_reg) refers to ssp_lpc17xx.o(.rodata.Driver_SPI1) for Driver_SPI1
    glcd_mcb1700.o(.ARM.exidx.text.wr_reg) refers to glcd_mcb1700.o(.text.wr_reg) for [Anonymous Symbol]
    glcd_mcb1700.o(.text.delay_ms) refers to system_lpc17xx.o(.data.SystemCoreClock) for SystemCoreClock
    glcd_mcb1700.o(.ARM.exidx.text.delay_ms) refers to glcd_mcb1700.o(.text.delay_ms) for [Anonymous Symbol]
    glcd_mcb1700.o(.text.GLCD_Uninitialize) refers to ssp_lpc17xx.o(.rodata.Driver_SPI1) for Driver_SPI1
    glcd_mcb1700.o(.text.GLCD_Uninitialize) refers to gpio_lpc17xx.o(.text.GPIO_PinWrite) for GPIO_PinWrite
    glcd_mcb1700.o(.ARM.exidx.text.GLCD_Uninitialize) refers to glcd_mcb1700.o(.text.GLCD_Uninitialize) for [Anonymous Symbol]
    glcd_mcb1700.o(.text.GLCD_SetForegroundColor) refers to glcd_mcb1700.o(.bss.foreground_color) for foreground_color
    glcd_mcb1700.o(.ARM.exidx.text.GLCD_SetForegroundColor) refers to glcd_mcb1700.o(.text.GLCD_SetForegroundColor) for [Anonymous Symbol]
    glcd_mcb1700.o(.text.GLCD_SetBackgroundColor) refers to glcd_mcb1700.o(.data.background_color) for background_color
    glcd_mcb1700.o(.ARM.exidx.text.GLCD_SetBackgroundColor) refers to glcd_mcb1700.o(.text.GLCD_SetBackgroundColor) for [Anonymous Symbol]
    glcd_mcb1700.o(.text.GLCD_ClearScreen) refers to glcd_mcb1700.o(.text.GLCD_SetWindow) for GLCD_SetWindow
    glcd_mcb1700.o(.text.GLCD_ClearScreen) refers to glcd_mcb1700.o(.text.wr_cmd) for wr_cmd
    glcd_mcb1700.o(.text.GLCD_ClearScreen) refers to glcd_mcb1700.o(.text.wr_dat_start) for wr_dat_start
    glcd_mcb1700.o(.text.GLCD_ClearScreen) refers to glcd_mcb1700.o(.data.background_color) for background_color
    glcd_mcb1700.o(.text.GLCD_ClearScreen) refers to glcd_mcb1700.o(.text.wr_dat_only) for wr_dat_only
    glcd_mcb1700.o(.text.GLCD_ClearScreen) refers to glcd_mcb1700.o(.text.wr_dat_stop) for wr_dat_stop
[...]
    glcd_mcb1700.o(.ARM.exidx.text.wr_dat_only) refers to glcd_mcb1700.o(.text.wr_dat_only) for [Anonymous Symbol]
    glcd_mcb1700.o(.text.wr_dat_stop) refers to ssp_lpc17xx.o(.rodata.Driver_SPI1) for Driver_SPI1
    glcd_mcb1700.o(.ARM.exidx.text.wr_dat_stop) refers to glcd_mcb1700.o(.text.wr_dat_stop) for [Anonymous Symbol]
    glcd_mcb1700.o(.text.GLCD_SetFont) refers to glcd_mcb1700.o(.bss.active_font) for active_font
    glcd_mcb1700.o(.ARM.exidx.text.GLCD_SetFont) refers to glcd_mcb1700.o(.text.GLCD_SetFont) for [Anonymous Symbol]
    glcd_mcb1700.o(.text.GLCD_DrawPixel) refers to glcd_mcb1700.o(.text.GLCD_SetWindow) for GLCD_SetWindow
    glcd_mcb1700.o(.text.GLCD_DrawPixel) refers to glcd_mcb1700.o(.bss.Himax) for Himax
    glcd_mcb1700.o(.text.GLCD_DrawPixel) refers to glcd_mcb1700.o(.text.wr_reg) for wr_reg
    glcd_mcb1700.o(.text.GLCD_DrawPixel) refers to glcd_mcb1700.o(.text.wr_cmd) for wr_cmd
    glcd_mcb1700.o(.text.GLCD_DrawPixel) refers to glcd_mcb1700.o(.bss.foreground_color) for foreground_color
    glcd_mcb1700.o(.text.GLCD_DrawPixel) refers to glcd_mcb1700.o(.text.wr_dat) for wr_dat
    glcd_mcb1700.o(.ARM.exidx.text.GLCD_DrawPixel) refers to glcd_mcb1700.o(.text.GLCD_DrawPixel) for [Anonymous Symbol]
    glcd_mcb1700.o(.text.wr_dat) refers to ssp_lpc17xx.o(.rodata.Driver_SPI1) for Driver_SPI1
    glcd_mcb1700.o(.ARM.exidx.text.wr_dat) refers to glcd_mcb1700.o(.text.wr_dat) for [Anonymous Symbol]
    glcd_mcb1700.o(.text.GLCD_DrawHLine) refers to glcd_mcb1700.o(.text.GLCD_SetWindow) for GLCD_SetWindow
    glcd_mcb1700.o(.text.GLCD_DrawHLine) refers to glcd_mcb1700.o(.text.wr_cmd) for wr_cmd
    glcd_mcb1700.o(.text.GLCD_DrawHLine) refers to glcd_mcb1700.o(.text.wr_dat_start) for wr_dat_start
    glcd_mcb1700.o(.text.GLCD_DrawHLine) refers to glcd_mcb1700.o(.bss.foreground_color) for foreground_color
    glcd_mcb1700.o(.text.GLCD_DrawHLine) refers to glcd_mcb1700.o(.text.wr_dat_only) for wr_dat_only
    glcd_mcb1700.o(.text.GLCD_DrawHLine) refers to glcd_mcb1700.o(.text.wr_dat_stop) for wr_dat_stop
    glcd_mcb1700.o(.ARM.exidx.text.GLCD_DrawHLine) refers to glcd_mcb1700.o(.text.GLCD_DrawHLine) for [Anonymous Symbol]
    glcd_mcb1700.o(.text.GLCD_DrawVLine) refers to glcd_mcb1700.o(.text.GLCD_SetWindow) for GLCD_SetWindow
    glcd_mcb1700.o(.text.GLCD_DrawVLine) refers to glcd_mcb1700.o(.text.wr_cmd) for wr_cmd
    glcd_mcb1700.o(.text.GLCD_DrawVLine) refers to glcd_mcb1700.o(.text.wr_dat_start) for wr_dat_start
    glcd_mcb1700.o(.text.GLCD_DrawVLine) refers to glcd_mcb1700.o(.bss.foreground_color) for foreground_color
    glcd_mcb1700.o(.text.GLCD_DrawVLine) refers to glcd_mcb1700.o(.text.wr_dat_only) for wr_dat_only
    glcd_mcb1700.o(.text.GLCD_DrawVLine) refers to glcd_mcb1700.o(.text.wr_dat_stop) for wr_dat_stop
    glcd_mcb1700.o(.ARM.exidx.text.GLCD_DrawVLine) refers to glcd_mcb1700.o(.text.GLCD_DrawVLine) for [Anonymous Symbol]
    glcd_mcb1700.o(.text.GLCD_DrawRectangle) refers to glcd_mcb1700.o(.text.GLCD_DrawHLine) for GLCD_DrawHLine
    glcd_mcb1700.o(.text.GLCD_DrawRectangle) refers to glcd_mcb1700.o(.text.GLCD_DrawVLine) for GLCD_DrawVLine
    glcd_mcb1700.o(.ARM.exidx.text.GLCD_DrawRectangle) refers to glcd_mcb1700.o(.text.GLCD_DrawRectangle) for [Anonymous Symbol]
    glcd_mcb1700.o(.text.GLCD_DrawChar) refers to glcd_mcb1700.o(.bss.active_font) for active_font
    glcd_mcb1700.o(.text.GLCD_DrawChar) refers to glcd_mcb1700.o(.text.GLCD_SetWindow) for GLCD_SetWindow
    glcd_mcb1700.o(.text.GLCD_DrawChar) refers to glcd_mcb1700.o(.text.wr_cmd) for wr_cmd
    glcd_mcb1700.o(.text.GLCD_DrawChar) refers to glcd_mcb1700.o(.text.wr_dat_start) for wr_dat_start
    glcd_mcb1700.o(.text.GLCD_DrawChar) refers to glcd_mcb1700.o(.bss.foreground_color) for foreground_color
    glcd_mcb1700.o(.text.GLCD_DrawChar) refers to glcd_mcb1700.o(.data.background_color) for background_color
    glcd_mcb1700.o(.text.GLCD_DrawChar) refers to glcd_mcb1700.o(.text.wr_dat_only) for wr_dat_only
    glcd_mcb1700.o(.text.GLCD_DrawChar) refers to glcd_mcb1700.o(.text.wr_dat_stop) for wr_dat_stop
    glcd_mcb1700.o(.ARM.exidx.text.GLCD_DrawChar) refers to glcd_mcb1700.o(.text.GLCD_DrawChar) for [Anonymous Symbol]
    glcd_mcb1700.o(.text.GLCD_DrawString) refers to glcd_mcb1700.o(.bss.active_font) for active_font
    glcd_mcb1700.o(.text.GLCD_DrawString) refers to glcd_mcb1700.o(.text.GLCD_DrawChar) for GLCD_DrawChar
    glcd_mcb1700.o(.ARM.exidx.text.GLCD_DrawString) refers to glcd_mcb1700.o(.text.GLCD_DrawString) for [Anonymous Symbol]
    glcd_mcb1700.o(.text.GLCD_DrawBargraph) refers to glcd_mcb1700.o(.text.GLCD_SetWindow) for GLCD_SetWindow
    glcd_mcb1700.o(.text.GLCD_DrawBargraph) refers to glcd_mcb1700.o(.text.wr_cmd) for wr_cmd
    glcd_mcb1700.o(.text.GLCD_DrawBargraph) refers to glcd_mcb1700.o(.text.wr_dat_start) for wr_dat_start
    glcd_mcb1700.o(.text.GLCD_DrawBargraph) refers to glcd_mcb1700.o(.data.background_color) for background_color
    glcd_mcb1700.o(.text.GLCD_DrawBargraph) refers to glcd_mcb1700.o(.bss.foreground_color) for foreground_color
    glcd_mcb1700.o(.text.GLCD_DrawBargraph) refers to glcd_mcb1700.o(.text.wr_dat_only) for wr_dat_only
    glcd_mcb1700.o(.text.GLCD_DrawBargraph) refers to glcd_mcb1700.o(.text.wr_dat_stop) for wr_dat_stop
    glcd_mcb1700.o(.ARM.exidx.text.GLCD_DrawBargraph) refers to glcd_mcb1700.o(.text.GLCD_DrawBargraph) for [Anonymous Symbol]
    glcd_mcb1700.o(.text.GLCD_DrawBitmap) refers to glcd_mcb1700.o(.text.GLCD_SetWindow) for GLCD_SetWindow
    glcd_mcb1700.o(.text.GLCD_DrawBitmap) refers to glcd_mcb1700.o(.text.wr_cmd) for wr_cmd
    glcd_mcb1700.o(.text.GLCD_DrawBitmap) refers to glcd_mcb1700.o(.text.wr_dat_start) for wr_dat_start
    glcd_mcb1700.o(.text.GLCD_DrawBitmap) refers to glcd_mcb1700.o(.text.wr_dat_only) for wr_dat_only
    glcd_mcb1700.o(.text.GLCD_DrawBitmap) refers to glcd_mcb1700.o(.text.wr_dat_stop) for wr_dat_stop
    glcd_mcb1700.o(.ARM.exidx.text.GLCD_DrawBitmap) refers to glcd_mcb1700.o(.text.GLCD_DrawBitmap) for [Anonymous Symbol]
    glcd_mcb1700.o(.ARM.exidx.text.GLCD_VScroll) refers to glcd_mcb1700.o(.text.GLCD_VScroll) for [Anonymous Symbol]
    glcd_mcb1700.o(.text.GLCD_FrameBufferAccess) refers to glcd_mcb1700.o(.text.GLCD_SetWindow) for GLCD_SetWindow
    glcd_mcb1700.o(.text.GLCD_FrameBufferAccess) refers to glcd_mcb1700.o(.text.wr_reg) for wr_reg
    glcd_mcb1700.o(.text.GLCD_FrameBufferAccess) refers to glcd_mcb1700.o(.text.wr_cmd) for wr_cmd
    glcd_mcb1700.o(.ARM.exidx.text.GLCD_FrameBufferAccess) refers to glcd_mcb1700.o(.text.GLCD_FrameBufferAccess) for [Anonymous Symbol]
    glcd_mcb1700.o(.ARM.exidx.text.GLCD_FrameBufferAddress) refers to glcd_mcb1700.o(.text.GLCD_FrameBufferAddress) for [Anonymous Symbol]
    glcd_mcb1700.o(.text.spi_tran_man) refers to gpio_lpc17xx.o(.text.GPIO_SetDir) for GPIO_SetDir
    glcd_mcb1700.o(.text.spi_tran_man) refers to gpio_lpc17xx.o(.text.GPIO_PinRead) for GPIO_PinRead
    glcd_mcb1700.o(.text.spi_tran_man) refers to gpio_lpc17xx.o(.text.GPIO_PinWrite) for GPIO_PinWrite
    glcd_mcb1700.o(.text.spi_tran_man) refers to glcd_mcb1700.o(.text.delay_ms) for delay_ms
    glcd_mcb1700.o(.ARM.exidx.text.spi_tran_man) refers to glcd_mcb1700.o(.text.spi_tran_man) for [Anonymous Symbol]
    glcd_mcb1700.o(.text.rd_dat) refers to ssp_lpc17xx.o(.rodata.Driver_SPI1) for Driver_SPI1
    glcd_mcb1700.o(.text.rd_dat) refers to glcd_mcb1700.o(.text.spi_tran) for spi_tran
    glcd_mcb1700.o(.ARM.exidx.text.rd_dat) refers to glcd_mcb1700.o(.text.rd_dat) for [Anonymous Symbol]
    glcd_mcb1700.o(.text.spi_tran) refers to ssp_lpc17xx.o(.rodata.Driver_SPI1) for Driver_SPI1
    glcd_mcb1700.o(.ARM.exidx.text.spi_tran) refers to glcd_mcb1700.o(.text.spi_tran) for [Anonymous Symbol]
    ssp_lpc17xx.o(.ARM.exidx.text.SSPx_GPDMA_Tx_SignalEvent) refers to ssp_lpc17xx.o(.text.SSPx_GPDMA_Tx_SignalEvent) for [Anonymous Symbol]
    ssp_lpc17xx.o(.ARM.exidx.text.SSPx_GPDMA_Rx_SignalEvent) refers to ssp_lpc17xx.o(.text.SSPx_GPDMA_Rx_SignalEvent) for [Anonymous Symbol]
    ssp_lpc17xx.o(.text.SSP1_GPDMA_Tx_SignalEvent) refers to ssp_lpc17xx.o(.rodata.SSP1_Resources) for SSP1_Resources
    ssp_lpc17xx.o(.text.SSP1_GPDMA_Tx_SignalEvent) refers to ssp_lpc17xx.o(.text.SSPx_GPDMA_Tx_SignalEvent) for SSPx_GPDMA_Tx_SignalEvent
    ssp_lpc17xx.o(.ARM.exidx.text.SSP1_GPDMA_Tx_SignalEvent) refers to ssp_lpc17xx.o(.text.SSP1_GPDMA_Tx_SignalEvent) for [Anonymous Symbol]
    ssp_lpc17xx.o(.text.SSP1_GPDMA_Rx_SignalEvent) refers to ssp_lpc17xx.o(.rodata.SSP1_Resources) for SSP1_Resources
    ssp_lpc17xx.o(.text.SSP1_GPDMA_Rx_SignalEvent) refers to ssp_lpc17xx.o(.text.SSPx_GPDMA_Rx_SignalEvent) for SSPx_GPDMA_Rx_SignalEvent
    ssp_lpc17xx.o(.ARM.exidx.text.SSP1_GPDMA_Rx_SignalEvent) refers to ssp_lpc17xx.o(.text.SSP1_GPDMA_Rx_SignalEvent) for [Anonymous Symbol]
    ssp_lpc17xx.o(.text.SSP1_IRQHandler) refers to ssp_lpc17xx.o(.text.SSPx_IRQHandler) for SSPx_IRQHandler
    ssp_lpc17xx.o(.ARM.exidx.text.SSP1_IRQHandler) refers to ssp_lpc17xx.o(.text.SSP1_IRQHandler) for [Anonymous Symbol]
    ssp_lpc17xx.o(.text.SSPx_IRQHandler) refers to ssp_lpc17xx.o(.bss.SSP1_Xfer) for SSP1_Xfer
    ssp_lpc17xx.o(.text.SSPx_IRQHandler) refers to ssp_lpc17xx.o(.bss.SSP1_Info) for SSP1_Info
    ssp_lpc17xx.o(.ARM.exidx.text.SSPx_IRQHandler) refers to ssp_lpc17xx.o(.text.SSPx_IRQHandler) for [Anonymous Symbol]
    ssp_lpc17xx.o(.ARM.exidx.text.SSP_GetVersion) refers to ssp_lpc17xx.o(.text.SSP_GetVersion) for [Anonymous Symbol]
    ssp_lpc17xx.o(.ARM.exidx.text.SSP_GetCapabilities) refers to ssp_lpc17xx.o(.text.SSP_GetCapabilities) for [Anonymous Symbol]
    ssp_lpc17xx.o(.text.SSP1_Initialize) refers to ssp_lpc17xx.o(.text.SSPx_Initialize) for SSPx_Initialize
    ssp_lpc17xx.o(.ARM.exidx.text.SSP1_Initialize) refers to ssp_lpc17xx.o(.text.SSP1_Initialize) for [Anonymous Symbol]
    ssp_lpc17xx.o(.text.SSP1_Uninitialize) refers to ssp_lpc17xx.o(.text.SSPx_Uninitialize) for SSPx_Uninitialize
    ssp_lpc17xx.o(.ARM.exidx.text.SSP1_Uninitialize) refers to ssp_lpc17xx.o(.text.SSP1_Uninitialize) for [Anonymous Symbol]
    ssp_lpc17xx.o(.text.SSP1_PowerControl) refers to ssp_lpc17xx.o(.text.SSPx_PowerControl) for SSPx_PowerControl
    ssp_lpc17xx.o(.ARM.exidx.text.SSP1_PowerControl) refers to ssp_lpc17xx.o(.text.SSP1_PowerControl) for [Anonymous Symbol]
    ssp_lpc17xx.o(.text.SSP1_Send) refers to ssp_lpc17xx.o(.text.SSPx_Send) for SSPx_Send
    ssp_lpc17xx.o(.ARM.exidx.text.SSP1_Send) refers to ssp_lpc17xx.o(.text.SSP1_Send) for [Anonymous Symbol]
    ssp_lpc17xx.o(.text.SSP1_Receive) refers to ssp_lpc17xx.o(.text.SSPx_Receive) for SSPx_Receive
    ssp_lpc17xx.o(.ARM.exidx.text.SSP1_Receive) refers to ssp_lpc17xx.o(.text.SSP1_Receive) for [Anonymous Symbol]
    ssp_lpc17xx.o(.text.SSP1_Transfer) refers to ssp_lpc17xx.o(.text.SSPx_Transfer) for SSPx_Transfer
    ssp_lpc17xx.o(.ARM.exidx.text.SSP1_Transfer) refers to ssp_lpc17xx.o(.text.SSP1_Transfer) for [Anonymous Symbol]
    ssp_lpc17xx.o(.text.SSP1_GetDataCount) refers to ssp_lpc17xx.o(.text.SSPx_GetDataCount) for SSPx_GetDataCount
    ssp_lpc17xx.o(.ARM.exidx.text.SSP1_GetDataCount) refers to ssp_lpc17xx.o(.text.SSP1_GetDataCount) for [Anonymous Symbol]
    ssp_lpc17xx.o(.text.SSP1_Control) refers to ssp_lpc17xx.o(.text.SSPx_Control) for SSPx_Control
    ssp_lpc17xx.o(.ARM.exidx.text.SSP1_Control) refers to ssp_lpc17xx.o(.text.SSP1_Control) for [Anonymous Symbol]
    ssp_lpc17xx.o(.text.SSP1_GetStatus) refers to ssp_lpc17xx.o(.text.SSPx_GetStatus) for SSPx_GetStatus
    ssp_lpc17xx.o(.ARM.exidx.text.SSP1_GetStatus) refers to ssp_lpc17xx.o(.text.SSP1_GetStatus) for [Anonymous Symbol]
    ssp_lpc17xx.o(.text.SSPx_Initialize) refers to ssp_lpc17xx.o(.bss.SSP1_Info) for SSP1_Info
    ssp_lpc17xx.o(.text.SSPx_Initialize) refers to ssp_lpc17xx.o(.bss.SSP1_Xfer) for SSP1_Xfer
    ssp_lpc17xx.o(.text.SSPx_Initialize) refers to pin_lpc17xx.o(.text.PIN_Configure) for PIN_Configure
    ssp_lpc17xx.o(.ARM.exidx.text.SSPx_Initialize) refers to ssp_lpc17xx.o(.text.SSPx_Initialize) for [Anonymous Symbol]
    ssp_lpc17xx.o(.text.SSPx_Uninitialize) refers to pin_lpc17xx.o(.text.PIN_Configure) for PIN_Configure
    ssp_lpc17xx.o(.text.SSPx_Uninitialize) refers to ssp_lpc17xx.o(.bss.SSP1_Info) for SSP1_Info
    ssp_lpc17xx.o(.ARM.exidx.text.SSPx_Uninitialize) refers to ssp_lpc17xx.o(.text.SSPx_Uninitialize) for [Anonymous Symbol]
    ssp_lpc17xx.o(.text.SSPx_PowerControl) refers to ssp_lpc17xx.o(.text.__NVIC_DisableIRQ) for __NVIC_DisableIRQ
    ssp_lpc17xx.o(.text.SSPx_PowerControl) refers to ssp_lpc17xx.o(.text.__NVIC_ClearPendingIRQ) for __NVIC_ClearPendingIRQ
    ssp_lpc17xx.o(.text.SSPx_PowerControl) refers to ssp_lpc17xx.o(.bss.SSP1_Info) for SSP1_Info
    ssp_lpc17xx.o(.text.SSPx_PowerControl) refers to ssp_lpc17xx.o(.bss.SSP1_Xfer) for SSP1_Xfer
    ssp_lpc17xx.o(.text.SSPx_PowerControl) refers to ssp_lpc17xx.o(.text.__NVIC_EnableIRQ) for __NVIC_EnableIRQ
    ssp_lpc17xx.o(.ARM.exidx.text.SSPx_PowerControl) refers to ssp_lpc17xx.o(.text.SSPx_PowerControl) for [Anonymous Symbol]
    ssp_lpc17xx.o(.ARM.exidx.text.__NVIC_DisableIRQ) refers to ssp_lpc17xx.o(.text.__NVIC_DisableIRQ) for [Anonymous Symbol]
    ssp_lpc17xx.o(.ARM.exidx.text.__NVIC_ClearPendingIRQ) refers to ssp_lpc17xx.o(.text.__NVIC_ClearPendingIRQ) for [Anonymous Symbol]
    ssp_lpc17xx.o(.ARM.exidx.text.__NVIC_EnableIRQ) refers to ssp_lpc17xx.o(.text.__NVIC_EnableIRQ) for [Anonymous Symbol]
    ssp_lpc17xx.o(.text.SSPx_Send) refers to ssp_lpc17xx.o(.bss.SSP1_Info) for SSP1_Info
    ssp_lpc17xx.o(.text.SSPx_Send) refers to ssp_lpc17xx.o(.bss.SSP1_Xfer) for SSP1_Xfer
    ssp_lpc17xx.o(.ARM.exidx.text.SSPx_Send) refers to ssp_lpc17xx.o(.text.SSPx_Send) for [Anonymous Symbol]
    ssp_lpc17xx.o(.text.SSPx_Receive) refers to ssp_lpc17xx.o(.bss.SSP1_Info) for SSP1_Info
    ssp_lpc17xx.o(.text.SSPx_Receive) refers to ssp_lpc17xx.o(.bss.SSP1_Xfer) for SSP1_Xfer
    ssp_lpc17xx.o(.ARM.exidx.text.SSPx_Receive) refers to ssp_lpc17xx.o(.text.SSPx_Receive) for [Anonymous Symbol]
    ssp_lpc17xx.o(.text.SSPx_Transfer) refers to ssp_lpc17xx.o(.bss.SSP1_Info) for SSP1_Info
    ssp_lpc17xx.o(.text.SSPx_Transfer) refers to ssp_lpc17xx.o(.bss.SSP1_Xfer) for SSP1_Xfer
    ssp_lpc17xx.o(.ARM.exidx.text.SSPx_Transfer) refers to ssp_lpc17xx.o(.text.SSPx_Transfer) for [Anonymous Symbol]
    ssp_lpc17xx.o(.text.SSPx_GetDataCount) refers to ssp_lpc17xx.o(.bss.SSP1_Info) for SSP1_Info
    ssp_lpc17xx.o(.text.SSPx_GetDataCount) refers to ssp_lpc17xx.o(.bss.SSP1_Xfer) for SSP1_Xfer
    ssp_lpc17xx.o(.ARM.exidx.text.SSPx_GetDataCount) refers to ssp_lpc17xx.o(.text.SSPx_GetDataCount) for [Anonymous Symbol]
    ssp_lpc17xx.o(.text.SSPx_Control) refers to ssp_lpc17xx.o(.bss.SSP1_Info) for SSP1_Info
    ssp_lpc17xx.o(.text.SSPx_Control) refers to ssp_lpc17xx.o(.bss.SSP1_Xfer) for SSP1_Xfer
    ssp_lpc17xx.o(.text.SSPx_Control) refers to ssp_lpc17xx.o(.text.GetSSPClockFreq) for GetSSPClockFreq
    ssp_lpc17xx.o(.text.SSPx_Control) refers to pin_lpc17xx.o(.text.PIN_Configure) for PIN_Configure
    ssp_lpc17xx.o(.text.SSPx_Control) refers to gpio_lpc17xx.o(.text.GPIO_PinWrite) for GPIO_PinWrite
    ssp_lpc17xx.o(.text.SSPx_Control) refers to gpio_lpc17xx.o(.text.GPIO_SetDir) for GPIO_SetDir
    ssp_lpc17xx.o(.ARM.exidx.text.SSPx_Control) refers to ssp_lpc17xx.o(.text.SSPx_Control) for [Anonymous Symbol]
    ssp_lpc17xx.o(.text.GetSSPClockFreq) refers to system_lpc17xx.o(.data.SystemCoreClock) for SystemCoreClock
    ssp_lpc17xx.o(.ARM.exidx.text.GetSSPClockFreq) refers to ssp_lpc17xx.o(.text.GetSSPClockFreq) for [Anonymous Symbol]
    ssp_lpc17xx.o(.text.SSPx_GetStatus) refers to ssp_lpc17xx.o(.bss.SSP1_Info) for SSP1_Info
    ssp_lpc17xx.o(.ARM.exidx.text.SSPx_GetStatus) refers to ssp_lpc17xx.o(.text.SSPx_GetStatus) for [Anonymous Symbol]
    ssp_lpc17xx.o(.rodata.SSP1_Resources) refers to ssp_lpc17xx.o(.rodata.SSP1_pin_ssel) for [Anonymous Symbol]
    ssp_lpc17xx.o(.rodata.SSP1_Resources) refers to ssp_lpc17xx.o(.rodata.SSP1_pin_sck) for [Anonymous Symbol]
    ssp_lpc17xx.o(.rodata.SSP1_Resources) refers to ssp_lpc17xx.o(.rodata.SSP1_pin_miso) for [Anonymous Symbol]
    ssp_lpc17xx.o(.rodata.SSP1_Resources) refers to ssp_lpc17xx.o(.rodata.SSP1_pin_mosi) for [Anonymous Symbol]
    ssp_lpc17xx.o(.rodata.SSP1_Resources) refers to ssp_lpc17xx.o(.text.SSP1_GPDMA_Tx_SignalEvent) for SSP1_GPDMA_Tx_SignalEvent
    ssp_lpc17xx.o(.rodata.SSP1_Resources) refers to ssp_lpc17xx.o(.text.SSP1_GPDMA_Rx_SignalEvent) for SSP1_GPDMA_Rx_SignalEvent
    ssp_lpc17xx.o(.rodata.SSP1_Resources) refers to ssp_lpc17xx.o(.bss.SSP1_Info) for [Anonymous Symbol]
    ssp_lpc17xx.o(.rodata.SSP1_Resources) refers to ssp_lpc17xx.o(.bss.SSP1_Xfer) for [Anonymous Symbol]
    ssp_lpc17xx.o(.rodata.Driver_SPI1) refers to ssp_lpc17xx.o(.text.SSP_GetVersion) for SSP_GetVersion
    ssp_lpc17xx.o(.rodata.Driver_SPI1) refers to ssp_lpc17xx.o(.text.SSP_GetCapabilities) for SSP_GetCapabilities
    ssp_lpc17xx.o(.rodata.Driver_SPI1) refers to ssp_lpc17xx.o(.text.SSP1_Initialize) for SSP1_Initialize
    ssp_lpc17xx.o(.rodata.Driver_SPI1) refers to ssp_lpc17xx.o(.text.SSP1_Uninitialize) for SSP1_Uninitialize
    ssp_lpc17xx.o(.rodata.Driver_SPI1) refers to ssp_lpc17xx.o(.text.SSP1_PowerControl) for SSP1_PowerControl
    ssp_lpc17xx.o(.rodata.Driver_SPI1) refers to ssp_lpc17xx.o(.text.SSP1_Send) for SSP1_Send
    ssp_lpc17xx.o(.rodata.Driver_SPI1) refers to ssp_lpc17xx.o(.text.SSP1_Receive) for SSP1_Receive
    ssp_lpc17xx.o(.rodata.Driver_SPI1) refers to ssp_lpc17xx.o(.text.SSP1_Transfer) for SSP1_Transfer
    ssp_lpc17xx.o(.rodata.Driver_SPI1) refers to ssp_lpc17xx.o(.text.SSP1_GetDataCount) for SSP1_GetDataCount
    ssp_lpc17xx.o(.rodata.Driver_SPI1) refers to ssp_lpc17xx.o(.text.SSP1_Control) for SSP1_Control
    ssp_lpc17xx.o(.rodata.Driver_SPI1) refers to ssp_lpc17xx.o(.text.SSP1_GetStatus) for SSP1_GetStatus
    gpdma_lpc17xx.o(.text.GPDMA_Initialize) refers to gpdma_lpc17xx.o(.bss.Init_cnt) for Init_cnt
    gpdma_lpc17xx.o(.text.GPDMA_Initialize) refers to gpdma_lpc17xx.o(.bss.Channel_info) for Channel_info
    gpdma_lpc17xx.o(.text.GPDMA_Initialize) refers to gpdma_lpc17xx.o(.text.__NVIC_ClearPendingIRQ) for __NVIC_ClearPendingIRQ
    gpdma_lpc17xx.o(.text.GPDMA_Initialize) refers to gpdma_lpc17xx.o(.text.__NVIC_EnableIRQ) for __NVIC_EnableIRQ
    gpdma_lpc17xx.o(.ARM.exidx.text.GPDMA_Initialize) refers to gpdma_lpc17xx.o(.text.GPDMA_Initialize) for [Anonymous Symbol]
    gpdma_lpc17xx.o(.ARM.exidx.text.__NVIC_ClearPendingIRQ) refers to gpdma_lpc17xx.o(.text.__NVIC_ClearPendingIRQ) for [Anonymous Symbol]
    gpdma_lpc17xx.o(.ARM.exidx.text.__NVIC_EnableIRQ) refers to gpdma_lpc17xx.o(.text.__NVIC_EnableIRQ) for [Anonymous Symbol]
    gpdma_lpc17xx.o(.text.GPDMA_Uninitialize) refers to gpdma_lpc17xx.o(.bss.Init_cnt) for Init_cnt
    gpdma_lpc17xx.o(.text.GPDMA_Uninitialize) refers to gpdma_lpc17xx.o(.text.__NVIC_DisableIRQ) for __NVIC_DisableIRQ
    gpdma_lpc17xx.o(.text.GPDMA_Uninitialize) refers to gpdma_lpc17xx.o(.text.__NVIC_ClearPendingIRQ) for __NVIC_ClearPendingIRQ
    gpdma_lpc17xx.o(.ARM.exidx.text.GPDMA_Uninitialize) refers to gpdma_lpc17xx.o(.text.GPDMA_Uninitialize) for [Anonymous Symbol]
    gpdma_lpc17xx.o(.ARM.exidx.text.__NVIC_DisableIRQ) refers to gpdma_lpc17xx.o(.text.__NVIC_DisableIRQ) for [Anonymous Symbol]
    gpdma_lpc17xx.o(.ARM.exidx.text.GPDMA_PeripheralSelect) refers to gpdma_lpc17xx.o(.text.GPDMA_PeripheralSelect) for [Anonymous Symbol]
    gpdma_lpc17xx.o(.text.GPDMA_ChannelConfigure) refers to gpdma_lpc17xx.o(.text.Set_Channel_active_flag) for Set_Channel_active_flag
    gpdma_lpc17xx.o(.text.GPDMA_ChannelConfigure) refers to gpdma_lpc17xx.o(.bss.Channel_info) for Channel_info
    gpdma_lpc17xx.o(.text.GPDMA_ChannelConfigure) refers to gpdma_lpc17xx.o(.text.Clear_Channel_active_flag) for Clear_Channel_active_flag
    gpdma_lpc17xx.o(.ARM.exidx.text.GPDMA_ChannelConfigure) refers to gpdma_lpc17xx.o(.text.GPDMA_ChannelConfigure) for [Anonymous Symbol]
    gpdma_lpc17xx.o(.text.Set_Channel_active_flag) refers to gpdma_lpc17xx.o(.bss.Channel_active) for Channel_active
    gpdma_lpc17xx.o(.ARM.exidx.text.Set_Channel_active_flag) refers to gpdma_lpc17xx.o(.text.Set_Channel_active_flag) for [Anonymous Symbol]
    gpdma_lpc17xx.o(.text.Clear_Channel_active_flag) refers to gpdma_lpc17xx.o(.bss.Channel_active) for Channel_active
    gpdma_lpc17xx.o(.ARM.exidx.text.Clear_Channel_active_flag) refers to gpdma_lpc17xx.o(.text.Clear_Channel_active_flag) for [Anonymous Symbol]
    gpdma_lpc17xx.o(.text.GPDMA_ChannelEnable) refers to gpdma_lpc17xx.o(.text.Set_Channel_active_flag) for Set_Channel_active_flag
    gpdma_lpc17xx.o(.ARM.exidx.text.GPDMA_ChannelEnable) refers to gpdma_lpc17xx.o(.text.GPDMA_ChannelEnable) for [Anonymous Symbol]
    gpdma_lpc17xx.o(.text.GPDMA_ChannelDisable) refers to gpdma_lpc17xx.o(.text.Clear_Channel_active_flag) for Clear_Channel_active_flag
    gpdma_lpc17xx.o(.ARM.exidx.text.GPDMA_ChannelDisable) refers to gpdma_lpc17xx.o(.text.GPDMA_ChannelDisable) for [Anonymous Symbol]
    gpdma_lpc17xx.o(.text.GPDMA_ChannelGetStatus) refers to gpdma_lpc17xx.o(.bss.Channel_active) for Channel_active
    gpdma_lpc17xx.o(.ARM.exidx.text.GPDMA_ChannelGetStatus) refers to gpdma_lpc17xx.o(.text.GPDMA_ChannelGetStatus) for [Anonymous Symbol]
    gpdma_lpc17xx.o(.text.GPDMA_ChannelGetCount) refers to gpdma_lpc17xx.o(.bss.Channel_info) for Channel_info
    gpdma_lpc17xx.o(.ARM.exidx.text.GPDMA_ChannelGetCount) refers to gpdma_lpc17xx.o(.text.GPDMA_ChannelGetCount) for [Anonymous Symbol]
    gpdma_lpc17xx.o(.text.DMA_IRQHandler) refers to gpdma_lpc17xx.o(.bss.Channel_info) for Channel_info
    gpdma_lpc17xx.o(.text.DMA_IRQHandler) refers to gpdma_lpc17xx.o(.text.Clear_Channel_active_flag) for Clear_Channel_active_flag
    gpdma_lpc17xx.o(.ARM.exidx.text.DMA_IRQHandler) refers to gpdma_lpc17xx.o(.text.DMA_IRQHandler) for [Anonymous Symbol]
    gpio_lpc17xx.o(.ARM.exidx.text.GPIO_PortClock) refers to gpio_lpc17xx.o(.text.GPIO_PortClock) for [Anonymous Symbol]
    gpio_lpc17xx.o(.ARM.exidx.text.GPIO_SetDir) refers to gpio_lpc17xx.o(.text.GPIO_SetDir) for [Anonymous Symbol]
    gpio_lpc17xx.o(.ARM.exidx.text.GPIO_PinWrite) refers to gpio_lpc17xx.o(.text.GPIO_PinWrite) for [Anonymous Symbol]
    gpio_lpc17xx.o(.ARM.exidx.text.GPIO_PinRead) refers to gpio_lpc17xx.o(.text.GPIO_PinRead) for [Anonymous Symbol]
    gpio_lpc17xx.o(.ARM.exidx.text.GPIO_PortWrite) refers to gpio_lpc17xx.o(.text.GPIO_PortWrite) for [Anonymous Symbol]
    gpio_lpc17xx.o(.ARM.exidx.text.GPIO_PortRead) refers to gpio_lpc17xx.o(.text.GPIO_PortRead) for [Anonymous Symbol]
    pin_lpc17xx.o(.ARM.exidx.text.PIN_Configure) refers to pin_lpc17xx.o(.text.PIN_Configure) for [Anonymous Symbol]
    pin_lpc17xx.o(.ARM.exidx.text.PIN_ConfigureTPIU) refers to pin_lpc17xx.o(.text.PIN_ConfigureTPIU) for [Anonymous Symbol]
    pin_lpc17xx.o(.ARM.exidx.text.PIN_ConfigureI2C0Pins) refers to pin_lpc17xx.o(.text.PIN_ConfigureI2C0Pins) for [Anonymous Symbol]
    startup_lpc17xx.o(STACK) refers (Special) to heapauxi.o(.text) for __use_two_region_memory
    startup_lpc17xx.o(HEAP) refers (Special) to heapauxi.o(.text) for __use_two_region_memory
    startup_lpc17xx.o(RESET) refers (Special) to heapauxi.o(.text) for __use_two_region_memory
    startup_lpc17xx.o(RESET) refers to startup_lpc17xx.o(STACK) for __initial_sp
    startup_lpc17xx.o(RESET) refers to startup_lpc17xx.o(.text) for Reset_Handler
    startup_lpc17xx.o(RESET) refers to ssp_lpc17xx.o(.text.SSP1_IRQHandler) for SSP1_IRQHandler
    startup_lpc17xx.o(RESET) refers to gpdma_lpc17xx.o(.text.DMA_IRQHandler) for DMA_IRQHandler
    startup_lpc17xx.o(.ARM.__at_0x02FC) refers (Special) to heapauxi.o(.text) for __use_two_region_memory
    startup_lpc17xx.o(.text) refers (Special) to heapauxi.o(.text) for __use_two_region_memory
    startup_lpc17xx.o(.text) refers to system_lpc17xx.o(.text.SystemInit) for SystemInit
    startup_lpc17xx.o(.text) refers to __main.o(!!!main) for __main
    startup_lpc17xx.o(.text) refers to startup_lpc17xx.o(HEAP) for Heap_Mem
    startup_lpc17xx.o(.text) refers to startup_lpc17xx.o(STACK) for Stack_Mem
    system_lpc17xx.o(.text.SystemCoreClockUpdate) refers to lludivv7m.o(.text) for __aeabi_uldivmod
    system_lpc17xx.o(.text.SystemCoreClockUpdate) refers to system_lpc17xx.o(.data.SystemCoreClock) for SystemCoreClock
    system_lpc17xx.o(.ARM.exidx.text.SystemCoreClockUpdate) refers to system_lpc17xx.o(.text.SystemCoreClockUpdate) for [Anonymous Symbol]
    system_lpc17xx.o(.ARM.exidx.text.SystemInit) refers to system_lpc17xx.o(.text.SystemInit) for [Anonymous Symbol]
    __main.o(!!!main) refers to __rtentry.o(.ARM.Collect$$rtentry$$00000000) for __rt_entry
    __rtentry.o(.ARM.Collect$$rtentry$$00000000) refers (Special) to __rtentry2.o(.ARM.Collect$$rtentry$$0000000A) for __rt_entry_li
    __rtentry.o(.ARM.Collect$$rtentry$$00000000) refers (Special) to __rtentry2.o(.ARM.Collect$$rtentry$$0000000D) for __rt_entry_main
    __rtentry.o(.ARM.Collect$$rtentry$$00000000) refers (Special) to __rtentry2.o(.ARM.Collect$$rtentry$$0000000C) for __rt_entry_postli_1
    __rtentry.o(.ARM.Collect$$rtentry$$00000000) refers (Special) to __rtentry2.o(.ARM.Collect$$rtentry$$00000009) for __rt_entry_postsh_1
    __rtentry.o(.ARM.Collect$$rtentry$$00000000) refers (Special) to __rtentry2.o(.ARM.Collect$$rtentry$$00000002) for __rt_entry_presh_1
    __rtentry.o(.ARM.Collect$$rtentry$$00000000) refers (Special) to __rtentry4.o(.ARM.Collect$$rtentry$$00000004) for __rt_entry_sh
    aeabi_ldiv0_sigfpe.o(.text) refers to rt_div0.o(.text) for __rt_div0
    __rtentry2.o(.ARM.Collect$$rtentry$$00000008) refers to boardinit2.o(.text) for _platform_post_stackheap_init
    __rtentry2.o(.ARM.Collect$$rtentry$$0000000A) refers to libinit.o(.ARM.Collect$$libinit$$00000000) for __rt_lib_init
    __rtentry2.o(.ARM.Collect$$rtentry$$0000000B) refers to boardinit3.o(.text) for _platform_post_lib_init
    __rtentry2.o(.ARM.Collect$$rtentry$$0000000D) refers to main.o(.text.main) for main
    __rtentry2.o(.ARM.Collect$$rtentry$$0000000D) refers to exit.o(.text) for exit
    __rtentry2.o(.ARM.exidx) refers to __rtentry2.o(.ARM.Collect$$rtentry$$00000001) for .ARM.Collect$$rtentry$$00000001
    __rtentry2.o(.ARM.exidx) refers to __rtentry2.o(.ARM.Collect$$rtentry$$00000008) for .ARM.Collect$$rtentry$$00000008
    __rtentry2.o(.ARM.exidx) refers to __rtentry2.o(.ARM.Collect$$rtentry$$0000000A) for .ARM.Collect$$rtentry$$0000000A
    __rtentry2.o(.ARM.exidx) refers to __rtentry2.o(.ARM.Collect$$rtentry$$0000000B) for .ARM.Collect$$rtentry$$0000000B
    __rtentry2.o(.ARM.exidx) refers to __rtentry2.o(.ARM.Collect$$rtentry$$0000000D) for .ARM.Collect$$rtentry$$0000000D
    __rtentry4.o(.ARM.Collect$$rtentry$$00000004) refers to sys_stackheap_outer.o(.text) for __user_setup_stackheap
    __rtentry4.o(.ARM.exidx) refers to __rtentry4.o(.ARM.Collect$$rtentry$$00000004) for .ARM.Collect$$rtentry$$00000004
    rt_div0.o(.text) refers to defsig_fpe_outer.o(.text) for __rt_SIGFPE
    sys_stackheap_outer.o(.text) refers to libspace.o(.text) for __user_perproc_libspace
    sys_stackheap_outer.o(.text) refers to startup_lpc17xx.o(.text) for __user_initial_stackheap
    exit.o(.text) refers to rtexit.o(.ARM.Collect$$rtexit$$00000000) for __rt_exit
    defsig_fpe_outer.o(.text) refers to defsig_fpe_inner.o(.text) for __rt_SIGFPE_inner
    defsig_fpe_outer.o(.text) refers to defsig_exit.o(.text) for __sig_exit
    defsig_fpe_formal.o(.text) refers to rt_raise.o(.text) for __rt_raise
    libinit.o(.ARM.Collect$$libinit$$00000000) refers (Special) to libinit2.o(.ARM.Collect$$libinit$$0000002E) for __rt_lib_init_alloca_1
    libinit.o(.ARM.Collect$$libinit$$00000000) refers (Special) to libinit2.o(.ARM.Collect$$libinit$$0000002C) for __rt_lib_init_argv_1
    libinit.o(.ARM.Collect$$libinit$$00000000) refers (Special) to libinit2.o(.ARM.Collect$$libinit$$0000001B) for __rt_lib_init_atexit_1
    libinit.o(.ARM.Collect$$libinit$$00000000) refers (Special) to libinit2.o(.ARM.Collect$$libinit$$00000021) for __rt_lib_init_clock_1
    libinit.o(.ARM.Collect$$libinit$$00000000) refers (Special) to libinit2.o(.ARM.Collect$$libinit$$00000032) for __rt_lib_init_cpp_1
    libinit.o(.ARM.Collect$$libinit$$00000000) refers (Special) to libinit2.o(.ARM.Collect$$libinit$$00000030) for __rt_lib_init_exceptions_1
    libinit.o(.ARM.Collect$$libinit$$00000000) refers (Special) to libinit2.o(.ARM.Collect$$libinit$$00000002) for __rt_lib_init_fp_1
    libinit.o(.ARM.Collect$$libinit$$00000000) refers (Special) to libinit2.o(.ARM.Collect$$libinit$$0000001F) for __rt_lib_init_fp_trap_1
    libinit.o(.ARM.Collect$$libinit$$00000000) refers (Special) to libinit2.o(.ARM.Collect$$libinit$$00000023) for __rt_lib_init_getenv_1
    libinit.o(.ARM.Collect$$libinit$$00000000) refers (Special) to libinit2.o(.ARM.Collect$$libinit$$0000000A) for __rt_lib_init_heap_1
    libinit.o(.ARM.Collect$$libinit$$00000000) refers (Special) to libinit2.o(.ARM.Collect$$libinit$$00000011) for __rt_lib_init_lc_collate_1
    libinit.o(.ARM.Collect$$libinit$$00000000) refers (Special) to libinit2.o(.ARM.Collect$$libinit$$00000013) for __rt_lib_init_lc_ctype_1
    libinit.o(.ARM.Collect$$libinit$$00000000) refers (Special) to libinit2.o(.ARM.Collect$$libinit$$00000015) for __rt_lib_init_lc_monetary_1
    libinit.o(.ARM.Collect$$libinit$$00000000) refers (Special) to libinit2.o(.ARM.Collect$$libinit$$00000017) for __rt_lib_init_lc_numeric_1
    libinit.o(.ARM.Collect$$libinit$$00000000) refers (Special) to libinit2.o(.ARM.Collect$$libinit$$00000019) for __rt_lib_init_lc_time_1
    libinit.o(.ARM.Collect$$libinit$$00000000) refers (Special) to libinit2.o(.ARM.Collect$$libinit$$00000004) for __rt_lib_init_preinit_1
    libinit.o(.ARM.Collect$$libinit$$00000000) refers (Special) to libinit2.o(.ARM.Collect$$libinit$$0000000E) for __rt_lib_init_rand_1
    libinit.o(.ARM.Collect$$libinit$$00000000) refers (Special) to libinit2.o(.ARM.Collect$$libinit$$00000033) for __rt_lib_init_return
    libinit.o(.ARM.Collect$$libinit$$00000000) refers (Special) to libinit2.o(.ARM.Collect$$libinit$$0000001D) for __rt_lib_init_signal_1
    libinit.o(.ARM.Collect$$libinit$$00000000) refers (Special) to libinit2.o(.ARM.Collect$$libinit$$00000025) for __rt_lib_init_stdio_1
    libinit.o(.ARM.Collect$$libinit$$00000000) refers (Special) to libinit2.o(.ARM.Collect$$libinit$$0000000C) for __rt_lib_init_user_alloc_1
    libspace.o(.text) refers to libspace.o(.bss) for __libspace_start
    rtexit.o(.ARM.Collect$$rtexit$$00000000) refers (Special) to rtexit2.o(.ARM.Collect$$rtexit$$00000004) for __rt_exit_exit
    rtexit.o(.ARM.Collect$$rtexit$$00000000) refers (Special) to rtexit2.o(.ARM.Collect$$rtexit$$00000003) for __rt_exit_ls
    rtexit.o(.ARM.Collect$$rtexit$$00000000) refers (Special) to rtexit2.o(.ARM.Collect$$rtexit$$00000002) for __rt_exit_prels_1
    rtexit.o(.ARM.exidx) refers (Special) to rtexit2.o(.ARM.Collect$$rtexit$$00000004) for __rt_exit_exit
    rtexit.o(.ARM.exidx) refers (Special) to rtexit2.o(.ARM.Collect$$rtexit$$00000003) for __rt_exit_ls
    rtexit.o(.ARM.exidx) refers (Special) to rtexit2.o(.ARM.Collect$$rtexit$$00000002) for __rt_exit_prels_1
    rtexit.o(.ARM.exidx) refers to rtexit.o(.ARM.Collect$$rtexit$$00000000) for .ARM.Collect$$rtexit$$00000000
    rt_raise.o(.text) refers to __raise.o(.text) for __raise
    rt_raise.o(.text) refers to sys_exit.o(.text) for _sys_exit
    defsig_exit.o(.text) refers to sys_exit.o(.text) for _sys_exit
    defsig_fpe_inner.o(.text) refers to defsig_general.o(.text) for __default_signal_display
    libinit2.o(.ARM.Collect$$libinit$$00000010) refers to libinit2.o(.ARM.Collect$$libinit$$0000000F) for .ARM.Collect$$libinit$$0000000F
    libinit2.o(.ARM.Collect$$libinit$$00000012) refers to libinit2.o(.ARM.Collect$$libinit$$0000000F) for .ARM.Collect$$libinit$$0000000F
    libinit2.o(.ARM.Collect$$libinit$$00000014) refers to libinit2.o(.ARM.Collect$$libinit$$0000000F) for .ARM.Collect$$libinit$$0000000F
    libinit2.o(.ARM.Collect$$libinit$$00000016) refers to libinit2.o(.ARM.Collect$$libinit$$0000000F) for .ARM.Collect$$libinit$$0000000F
    libinit2.o(.ARM.Collect$$libinit$$00000018) refers to libinit2.o(.ARM.Collect$$libinit$$0000000F) for .ARM.Collect$$libinit$$0000000F
    libinit2.o(.ARM.Collect$$libinit$$00000026) refers to argv_veneer.o(.emb_text) for __ARM_argv_veneer
    libinit2.o(.ARM.Collect$$libinit$$00000027) refers to argv_veneer.o(.emb_text) for __ARM_argv_veneer
    sys_exit.o(.text) refers (Special) to use_no_semi.o(.text) for __I$use$semihosting
    sys_exit.o(.text) refers (Special) to indicate_semi.o(.text) for __semihosting_library_function
    sys_exit_hlt.o(.text) refers (Special) to use_no_semi.o(.text) for __I$use$semihosting
    sys_exit_hlt.o(.text) refers (Special) to indicate_semi.o(.text) for __semihosting_library_function
    rtexit2.o(.ARM.Collect$$rtexit$$00000003) refers to libshutdown.o(.ARM.Collect$$libshutdown$$00000000) for __rt_lib_shutdown
    rtexit2.o(.ARM.Collect$$rtexit$$00000004) refers to sys_exit.o(.text) for _sys_exit
    rtexit2.o(.ARM.exidx) refers to rtexit2.o(.ARM.Collect$$rtexit$$00000001) for .ARM.Collect$$rtexit$$00000001
    rtexit2.o(.ARM.exidx) refers to rtexit2.o(.ARM.Collect$$rtexit$$00000003) for .ARM.Collect$$rtexit$$00000003
    rtexit2.o(.ARM.exidx) refers to rtexit2.o(.ARM.Collect$$rtexit$$00000004) for .ARM.Collect$$rtexit$$00000004
    __raise.o(.text) refers to defsig.o(CL$$defsig) for __default_signal_handler
    defsig_general.o(.text) refers to sys_wrch.o(.text) for _ttywrch
    argv_veneer.o(.emb_text) refers to no_argv.o(.text) for __ARM_get_argv
    sys_wrch.o(.text) refers (Special) to use_no_semi.o(.text) for __I$use$semihosting
    sys_wrch.o(.text) refers (Special) to indicate_semi.o(.text) for __semihosting_library_function
    sys_wrch_hlt.o(.text) refers (Special) to use_no_semi.o(.text) for __I$use$semihosting
    sys_wrch_hlt.o(.text) refers (Special) to indicate_semi.o(.text) for __semihosting_library_function
    defsig.o(CL$$defsig) refers to defsig_fpe_inner.o(.text) for __rt_SIGFPE_inner
    defsig.o(CL$$defsig) refers to defsig_rtmem_inner.o(.text) for __rt_SIGRTMEM_inner
    _get_argv_nomalloc.o(.text) refers (Special) to hrguard.o(.text) for __heap_region$guard
    _get_argv_nomalloc.o(.text) refers to defsig_rtmem_outer.o(.text) for __rt_SIGRTMEM
    _get_argv_nomalloc.o(.text) refers to sys_command.o(.text) for _sys_command_string
    libshutdown.o(.ARM.Collect$$libshutdown$$00000000) refers (Special) to libshutdown2.o(.ARM.Collect$$libshutdown$$00000002) for __rt_lib_shutdown_cpp_1
    libshutdown.o(.ARM.Collect$$libshutdown$$00000000) refers (Special) to libshutdown2.o(.ARM.Collect$$libshutdown$$00000007) for __rt_lib_shutdown_fp_trap_1
    libshutdown.o(.ARM.Collect$$libshutdown$$00000000) refers (Special) to libshutdown2.o(.ARM.Collect$$libshutdown$$0000000F) for __rt_lib_shutdown_heap_1
    libshutdown.o(.ARM.Collect$$libshutdown$$00000000) refers (Special) to libshutdown2.o(.ARM.Collect$$libshutdown$$00000010) for __rt_lib_shutdown_return
    libshutdown.o(.ARM.Collect$$libshutdown$$00000000) refers (Special) to libshutdown2.o(.ARM.Collect$$libshutdown$$0000000A) for __rt_lib_shutdown_signal_1
    libshutdown.o(.ARM.Collect$$libshutdown$$00000000) refers (Special) to libshutdown2.o(.ARM.Collect$$libshutdown$$00000004) for __rt_lib_shutdown_stdio_1
    libshutdown.o(.ARM.Collect$$libshutdown$$00000000) refers (Special) to libshutdown2.o(.ARM.Collect$$libshutdown$$0000000C) for __rt_lib_shutdown_user_alloc_1
    sys_command.o(.text) refers (Special) to use_no_semi.o(.text) for __I$use$semihosting
    sys_command.o(.text) refers (Special) to indicate_semi.o(.text) for __semihosting_library_function
    sys_command_hlt.o(.text) refers (Special) to use_no_semi.o(.text) for __I$use$semihosting
    sys_command_hlt.o(.text) refers (Special) to indicate_semi.o(.text) for __semihosting_library_function
    defsig_abrt_inner.o(.text) refers to defsig_general.o(.text) for __default_signal_display
    defsig_rtred_inner.o(.text) refers to defsig_general.o(.text) for __default_signal_display
    defsig_rtmem_inner.o(.text) refers to defsig_general.o(.text) for __default_signal_display
    defsig_rtmem_outer.o(.text) refers to defsig_rtmem_inner.o(.text) for __rt_SIGRTMEM_inner
    defsig_rtmem_outer.o(.text) refers to defsig_exit.o(.text) for __sig_exit
    defsig_rtmem_formal.o(.text) refers to rt_raise.o(.text) for __rt_raise
    defsig_stak_inner.o(.text) refers to defsig_general.o(.text) for __default_signal_display
    defsig_pvfn_inner.o(.text) refers to defsig_general.o(.text) for __default_signal_display
    defsig_cppl_inner.o(.text) refers to defsig_general.o(.text) for __default_signal_display
    defsig_segv_inner.o(.text) refers to defsig_general.o(.text) for __default_signal_display
    defsig_other.o(.text) refers to defsig_general.o(.text) for __default_signal_display


==============================================================================

Removing Unused input sections from the image.

    Removing main.o(.text), (0 bytes).
    Removing main.o(.ARM.exidx.text.main), (8 bytes).
    Removing main.o(.ARM.exidx.text.initPwm), (8 bytes).
    Removing main.o(.ARM.exidx.text.MoteurAV), (8 bytes).
    Removing main.o(.ARM.exidx.text.MoteurAR), (8 bytes).
    Removing main.o(.ARM.use_no_argv), (4 bytes).
    Removing glcd_fonts.o(.text), (0 bytes).
    Removing glcd_fonts.o(.rodata.Font_6x8_h), (896 bytes).
    Removing glcd_fonts.o(.rodata.GLCD_Font_6x8), (16 bytes).
    Removing glcd_fonts.o(.rodata.Font_16x24_h), (5376 bytes).
    Removing glcd_fonts.o(.rodata.GLCD_Font_16x24), (16 bytes).
    Removing glcd_mcb1700.o(.text), (0 bytes).
    Removing glcd_mcb1700.o(.text.GLCD_Initialize), (1408 bytes).
    Removing glcd_mcb1700.o(.ARM.exidx.text.GLCD_Initialize), (8 bytes).
    Removing glcd_mcb1700.o(.text.rd_id_man), (172 bytes).
    Removing glcd_mcb1700.o(.ARM.exidx.text.rd_id_man), (8 bytes).
    Removing glcd_mcb1700.o(.text.rd_reg), (14 bytes).
    Removing glcd_mcb1700.o(.ARM.exidx.text.rd_reg), (8 bytes).
    Removing glcd_mcb1700.o(.text.wr_reg), (112 bytes).
    Removing glcd_mcb1700.o(.ARM.exidx.text.wr_reg), (8 bytes).
    Removing glcd_mcb1700.o(.text.delay_ms), (50 bytes).
    Removing glcd_mcb1700.o(.ARM.exidx.text.delay_ms), (8 bytes).
    Removing glcd_mcb1700.o(.text.GLCD_Uninitialize), (34 bytes).
    Removing glcd_mcb1700.o(.ARM.exidx.text.GLCD_Uninitialize), (8 bytes).
    Removing glcd_mcb1700.o(.text.GLCD_SetForegroundColor), (16 bytes).
    Removing glcd_mcb1700.o(.ARM.exidx.text.GLCD_SetForegroundColor), (8 bytes).
    Removing glcd_mcb1700.o(.text.GLCD_SetBackgroundColor), (16 bytes).
    Removing glcd_mcb1700.o(.ARM.exidx.text.GLCD_SetBackgroundColor), (8 bytes).
    Removing glcd_mcb1700.o(.text.GLCD_ClearScreen), (58 bytes).
    Removing glcd_mcb1700.o(.ARM.exidx.text.GLCD_ClearScreen), (8 bytes).
    Removing glcd_mcb1700.o(.text.GLCD_SetWindow), (158 bytes).
    Removing glcd_mcb1700.o(.ARM.exidx.text.GLCD_SetWindow), (8 bytes).
    Removing glcd_mcb1700.o(.text.wr_cmd), (60 bytes).
    Removing glcd_mcb1700.o(.ARM.exidx.text.wr_cmd), (8 bytes).
    Removing glcd_mcb1700.o(.text.wr_dat_start), (26 bytes).
    Removing glcd_mcb1700.o(.ARM.exidx.text.wr_dat_start), (8 bytes).
    Removing glcd_mcb1700.o(.text.wr_dat_only), (42 bytes).
    Removing glcd_mcb1700.o(.ARM.exidx.text.wr_dat_only), (8 bytes).
    Removing glcd_mcb1700.o(.text.wr_dat_stop), (20 bytes).
    Removing glcd_mcb1700.o(.ARM.exidx.text.wr_dat_stop), (8 bytes).
    Removing glcd_mcb1700.o(.text.GLCD_SetFont), (16 bytes).
    Removing glcd_mcb1700.o(.ARM.exidx.text.GLCD_SetFont), (8 bytes).
    Removing glcd_mcb1700.o(.text.GLCD_DrawPixel), (152 bytes).
    Removing glcd_mcb1700.o(.ARM.exidx.text.GLCD_DrawPixel), (8 bytes).
    Removing glcd_mcb1700.o(.text.wr_dat), (68 bytes).
    Removing glcd_mcb1700.o(.ARM.exidx.text.wr_dat), (8 bytes).
    Removing glcd_mcb1700.o(.text.GLCD_DrawHLine), (52 bytes).
    Removing glcd_mcb1700.o(.ARM.exidx.text.GLCD_DrawHLine), (8 bytes).
    Removing glcd_mcb1700.o(.text.GLCD_DrawVLine), (52 bytes).
    Removing glcd_mcb1700.o(.ARM.exidx.text.GLCD_DrawVLine), (8 bytes).
    Removing glcd_mcb1700.o(.text.GLCD_DrawRectangle), (52 bytes).
    Removing glcd_mcb1700.o(.ARM.exidx.text.GLCD_DrawRectangle), (8 bytes).
    Removing glcd_mcb1700.o(.text.GLCD_DrawChar), (188 bytes).
    Removing glcd_mcb1700.o(.ARM.exidx.text.GLCD_DrawChar), (8 bytes).
    Removing glcd_mcb1700.o(.text.GLCD_DrawString), (54 bytes).
    Removing glcd_mcb1700.o(.ARM.exidx.text.GLCD_DrawString), (8 bytes).
    Removing glcd_mcb1700.o(.text.GLCD_DrawBargraph), (116 bytes).
    Removing glcd_mcb1700.o(.ARM.exidx.text.GLCD_DrawBargraph), (8 bytes).
    Removing glcd_mcb1700.o(.text.GLCD_DrawBitmap), (94 bytes).
    Removing glcd_mcb1700.o(.ARM.exidx.text.GLCD_DrawBitmap), (8 bytes).
    Removing glcd_mcb1700.o(.text.GLCD_VScroll), (6 bytes).
    Removing glcd_mcb1700.o(.ARM.exidx.text.GLCD_VScroll), (8 bytes).
    Removing glcd_mcb1700.o(.text.GLCD_FrameBufferAccess), (42 bytes).
    Removing glcd_mcb1700.o(.ARM.exidx.text.GLCD_FrameBufferAccess), (8 bytes).
    Removing glcd_mcb1700.o(.text.GLCD_FrameBufferAddress), (4 bytes).
    Removing glcd_mcb1700.o(.ARM.exidx.text.GLCD_FrameBufferAddress), (8 bytes).
    Removing glcd_mcb1700.o(.text.spi_tran_man), (110 bytes).
    Removing glcd_mcb1700.o(.ARM.exidx.text.spi_tran_man), (8 bytes).
    Removing glcd_mcb1700.o(.text.rd_dat), (58 bytes).
    Removing glcd_mcb1700.o(.ARM.exidx.text.rd_dat), (8 bytes).
    Removing glcd_mcb1700.o(.text.spi_tran), (46 bytes).
    Removing glcd_mcb1700.o(.ARM.exidx.text.spi_tran), (8 bytes).
    Removing glcd_mcb1700.o(.bss.Himax), (1 bytes).
    Removing glcd_mcb1700.o(.bss.foreground_color), (2 bytes).
    Removing glcd_mcb1700.o(.data.background_color), (2 bytes).
    Removing glcd_mcb1700.o(.bss.active_font), (4 bytes).
    Removing ssp_lpc17xx.o(.text), (0 bytes).
    Removing ssp_lpc17xx.o(.text.SSPx_GPDMA_Tx_SignalEvent), (14 bytes).
    Removing ssp_lpc17xx.o(.ARM.exidx.text.SSPx_GPDMA_Tx_SignalEvent), (8 bytes).
    Removing ssp_lpc17xx.o(.text.SSPx_GPDMA_Rx_SignalEvent), (32 bytes).
    Removing ssp_lpc17xx.o(.ARM.exidx.text.SSPx_GPDMA_Rx_SignalEvent), (8 bytes).
    Removing ssp_lpc17xx.o(.text.SSP1_GPDMA_Tx_SignalEvent), (16 bytes).
    Removing ssp_lpc17xx.o(.ARM.exidx.text.SSP1_GPDMA_Tx_SignalEvent), (8 bytes).
    Removing ssp_lpc17xx.o(.text.SSP1_GPDMA_Rx_SignalEvent), (16 bytes).
    Removing ssp_lpc17xx.o(.ARM.exidx.text.SSP1_GPDMA_Rx_SignalEvent), (8 bytes).
    Removing ssp_lpc17xx.o(.ARM.exidx.text.SSP1_IRQHandler), (8 bytes).
    Removing ssp_lpc17xx.o(.ARM.exidx.text.SSPx_IRQHandler), (8 bytes).
    Removing ssp_lpc17xx.o(.text.SSP_GetVersion), (10 bytes).
    Removing ssp_lpc17xx.o(.ARM.exidx.text.SSP_GetVersion), (8 bytes).
    Removing ssp_lpc17xx.o(.text.SSP_GetCapabilities), (4 bytes).
    Removing ssp_lpc17xx.o(.ARM.exidx.text.SSP_GetCapabilities), (8 bytes).
    Removing ssp_lpc17xx.o(.text.SSP1_Initialize), (10 bytes).
    Removing ssp_lpc17xx.o(.ARM.exidx.text.SSP1_Initialize), (8 bytes).
    Removing ssp_lpc17xx.o(.text.SSP1_Uninitialize), (10 bytes).
    Removing ssp_lpc17xx.o(.ARM.exidx.text.SSP1_Uninitialize), (8 bytes).
    Removing ssp_lpc17xx.o(.text.SSP1_PowerControl), (8 bytes).
    Removing ssp_lpc17xx.o(.ARM.exidx.text.SSP1_PowerControl), (8 bytes).
    Removing ssp_lpc17xx.o(.text.SSP1_Send), (8 bytes).
    Removing ssp_lpc17xx.o(.ARM.exidx.text.SSP1_Send), (8 bytes).
    Removing ssp_lpc17xx.o(.text.SSP1_Receive), (8 bytes).
    Removing ssp_lpc17xx.o(.ARM.exidx.text.SSP1_Receive), (8 bytes).
    Removing ssp_lpc17xx.o(.text.SSP1_Transfer), (8 bytes).
    Removing ssp_lpc17xx.o(.ARM.exidx.text.SSP1_Transfer), (8 bytes).
    Removing ssp_lpc17xx.o(.text.SSP1_GetDataCount), (8 bytes).
    Removing ssp_lpc17xx.o(.ARM.exidx.text.SSP1_GetDataCount), (8 bytes).
    Removing ssp_lpc17xx.o(.text.SSP1_Control), (8 bytes).
    Removing ssp_lpc17xx.o(.ARM.exidx.text.SSP1_Control), (8 bytes).
    Removing ssp_lpc17xx.o(.text.SSP1_GetStatus), (8 bytes).
    Removing ssp_lpc17xx.o(.ARM.exidx.text.SSP1_GetStatus), (8 bytes).
    Removing ssp_lpc17xx.o(.text.SSPx_Initialize), (98 bytes).
    Removing ssp_lpc17xx.o(.ARM.exidx.text.SSPx_Initialize), (8 bytes).
    Removing ssp_lpc17xx.o(.text.SSPx_Uninitialize), (76 bytes).
    Removing ssp_lpc17xx.o(.ARM.exidx.text.SSPx_Uninitialize), (8 bytes).
    Removing ssp_lpc17xx.o(.text.SSPx_PowerControl), (252 bytes).
    Removing ssp_lpc17xx.o(.ARM.exidx.text.SSPx_PowerControl), (8 bytes).
    Removing ssp_lpc17xx.o(.text.__NVIC_DisableIRQ), (24 bytes).
    Removing ssp_lpc17xx.o(.ARM.exidx.text.__NVIC_DisableIRQ), (8 bytes).
    Removing ssp_lpc17xx.o(.text.__NVIC_ClearPendingIRQ), (16 bytes).
    Removing ssp_lpc17xx.o(.ARM.exidx.text.__NVIC_ClearPendingIRQ), (8 bytes).
    Removing ssp_lpc17xx.o(.text.__NVIC_EnableIRQ), (16 bytes).
    Removing ssp_lpc17xx.o(.ARM.exidx.text.__NVIC_EnableIRQ), (8 bytes).
    Removing ssp_lpc17xx.o(.text.SSPx_Send), (86 bytes).
    Removing ssp_lpc17xx.o(.ARM.exidx.text.SSPx_Send), (8 bytes).
    Removing ssp_lpc17xx.o(.text.SSPx_Receive), (86 bytes).
    Removing ssp_lpc17xx.o(.ARM.exidx.text.SSPx_Receive), (8 bytes).
    Removing ssp_lpc17xx.o(.text.SSPx_Transfer), (102 bytes).
    Removing ssp_lpc17xx.o(.ARM.exidx.text.SSPx_Transfer), (8 bytes).
    Removing ssp_lpc17xx.o(.text.SSPx_GetDataCount), (28 bytes).
    Removing ssp_lpc17xx.o(.ARM.exidx.text.SSPx_GetDataCount), (8 bytes).
    Removing ssp_lpc17xx.o(.text.SSPx_Control), (896 bytes).
    Removing ssp_lpc17xx.o(.ARM.exidx.text.SSPx_Control), (8 bytes).
    Removing ssp_lpc17xx.o(.text.GetSSPClockFreq), (56 bytes).
    Removing ssp_lpc17xx.o(.ARM.exidx.text.GetSSPClockFreq), (8 bytes).
    Removing ssp_lpc17xx.o(.text.SSPx_GetStatus), (32 bytes).
    Removing ssp_lpc17xx.o(.ARM.exidx.text.SSPx_GetStatus), (8 bytes).
    Removing ssp_lpc17xx.o(.rodata.SSP1_Resources), (72 bytes).
    Removing ssp_lpc17xx.o(.rodata.Driver_SPI1), (44 bytes).
    Removing ssp_lpc17xx.o(.rodata.SSP1_pin_ssel), (2 bytes).
    Removing ssp_lpc17xx.o(.rodata.SSP1_pin_sck), (2 bytes).
    Removing ssp_lpc17xx.o(.rodata.SSP1_pin_miso), (2 bytes).
    Removing ssp_lpc17xx.o(.rodata.SSP1_pin_mosi), (2 bytes).
    Removing gpdma_lpc17xx.o(.text), (0 bytes).
    Removing gpdma_lpc17xx.o(.text.GPDMA_Initialize), (104 bytes).
    Removing gpdma_lpc17xx.o(.ARM.exidx.text.GPDMA_Initialize), (8 bytes).
    Removing gpdma_lpc17xx.o(.text.__NVIC_ClearPendingIRQ), (16 bytes).
    Removing gpdma_lpc17xx.o(.ARM.exidx.text.__NVIC_ClearPendingIRQ), (8 bytes).
    Removing gpdma_lpc17xx.o(.text.__NVIC_EnableIRQ), (16 bytes).
    Removing gpdma_lpc17xx.o(.ARM.exidx.text.__NVIC_EnableIRQ), (8 bytes).
    Removing gpdma_lpc17xx.o(.text.GPDMA_Uninitialize), (58 bytes).
    Removing gpdma_lpc17xx.o(.ARM.exidx.text.GPDMA_Uninitialize), (8 bytes).
    Removing gpdma_lpc17xx.o(.text.__NVIC_DisableIRQ), (24 bytes).
    Removing gpdma_lpc17xx.o(.ARM.exidx.text.__NVIC_DisableIRQ), (8 bytes).
    Removing gpdma_lpc17xx.o(.text.GPDMA_PeripheralSelect), (58 bytes).
    Removing gpdma_lpc17xx.o(.ARM.exidx.text.GPDMA_PeripheralSelect), (8 bytes).
    Removing gpdma_lpc17xx.o(.text.GPDMA_ChannelConfigure), (210 bytes).
    Removing gpdma_lpc17xx.o(.ARM.exidx.text.GPDMA_ChannelConfigure), (8 bytes).
    Removing gpdma_lpc17xx.o(.text.Set_Channel_active_flag), (50 bytes).
    Removing gpdma_lpc17xx.o(.ARM.exidx.text.Set_Channel_active_flag), (8 bytes).
    Removing gpdma_lpc17xx.o(.ARM.exidx.text.Clear_Channel_active_flag), (8 bytes).
    Removing gpdma_lpc17xx.o(.text.GPDMA_ChannelEnable), (44 bytes).
    Removing gpdma_lpc17xx.o(.ARM.exidx.text.GPDMA_ChannelEnable), (8 bytes).
    Removing gpdma_lpc17xx.o(.text.GPDMA_ChannelDisable), (40 bytes).
    Removing gpdma_lpc17xx.o(.ARM.exidx.text.GPDMA_ChannelDisable), (8 bytes).
    Removing gpdma_lpc17xx.o(.text.GPDMA_ChannelGetStatus), (28 bytes).
    Removing gpdma_lpc17xx.o(.ARM.exidx.text.GPDMA_ChannelGetStatus), (8 bytes).
    Removing gpdma_lpc17xx.o(.text.GPDMA_ChannelGetCount), (46 bytes).
    Removing gpdma_lpc17xx.o(.ARM.exidx.text.GPDMA_ChannelGetCount), (8 bytes).
    Removing gpdma_lpc17xx.o(.ARM.exidx.text.DMA_IRQHandler), (8 bytes).
    Removing gpdma_lpc17xx.o(.bss.Init_cnt), (4 bytes).
    Removing gpio_lpc17xx.o(.text), (0 bytes).
    Removing gpio_lpc17xx.o(.text.GPIO_PortClock), (26 bytes).
    Removing gpio_lpc17xx.o(.ARM.exidx.text.GPIO_PortClock), (8 bytes).
    Removing gpio_lpc17xx.o(.text.GPIO_SetDir), (34 bytes).
    Removing gpio_lpc17xx.o(.ARM.exidx.text.GPIO_SetDir), (8 bytes).
    Removing gpio_lpc17xx.o(.text.GPIO_PinWrite), (28 bytes).
    Removing gpio_lpc17xx.o(.ARM.exidx.text.GPIO_PinWrite), (8 bytes).
    Removing gpio_lpc17xx.o(.text.GPIO_PinRead), (20 bytes).
    Removing gpio_lpc17xx.o(.ARM.exidx.text.GPIO_PinRead), (8 bytes).
    Removing gpio_lpc17xx.o(.text.GPIO_PortWrite), (26 bytes).
    Removing gpio_lpc17xx.o(.ARM.exidx.text.GPIO_PortWrite), (8 bytes).
    Removing gpio_lpc17xx.o(.text.GPIO_PortRead), (14 bytes).
    Removing gpio_lpc17xx.o(.ARM.exidx.text.GPIO_PortRead), (8 bytes).
    Removing pin_lpc17xx.o(.text), (0 bytes).
    Removing pin_lpc17xx.o(.text.PIN_Configure), (116 bytes).
    Removing pin_lpc17xx.o(.ARM.exidx.text.PIN_Configure), (8 bytes).
    Removing pin_lpc17xx.o(.text.PIN_ConfigureTPIU), (24 bytes).
    Removing pin_lpc17xx.o(.ARM.exidx.text.PIN_ConfigureTPIU), (8 bytes).
    Removing pin_lpc17xx.o(.text.PIN_ConfigureI2C0Pins), (30 bytes).
    Removing pin_lpc17xx.o(.ARM.exidx.text.PIN_ConfigureI2C0Pins), (8 bytes).
    Removing system_lpc17xx.o(.text), (0 bytes).
    Removing system_lpc17xx.o(.text.SystemCoreClockUpdate), (248 bytes).
    Removing system_lpc17xx.o(.ARM.exidx.text.SystemCoreClockUpdate), (8 bytes).
    Removing system_lpc17xx.o(.ARM.exidx.text.SystemInit), (8 bytes).
    Removing system_lpc17xx.o(.data.SystemCoreClock), (4 bytes).

194 unused section(s) (total 13653 bytes) removed from the image.

==============================================================================

Image Symbol Table

    Local Symbols

    Symbol Name                              Value     Ov Type        Size  Object(Section)

    ../clib/angel/boardlib.s                 0x00000000   Number         0  boardinit1.o ABSOLUTE
    ../clib/angel/boardlib.s                 0x00000000   Number         0  boardinit2.o ABSOLUTE
    ../clib/angel/boardlib.s                 0x00000000   Number         0  boardinit3.o ABSOLUTE
    ../clib/angel/boardlib.s                 0x00000000   Number         0  boardshut.o ABSOLUTE
    ../clib/angel/handlers.s                 0x00000000   Number         0  __scatter_zi.o ABSOLUTE
    ../clib/angel/kernel.s                   0x00000000   Number         0  __rtentry.o ABSOLUTE
    ../clib/angel/kernel.s                   0x00000000   Number         0  __rtentry2.o ABSOLUTE
    ../clib/angel/kernel.s                   0x00000000   Number         0  __rtentry4.o ABSOLUTE
    ../clib/angel/kernel.s                   0x00000000   Number         0  rtexit.o ABSOLUTE
    ../clib/angel/kernel.s                   0x00000000   Number         0  rtexit2.o ABSOLUTE
    ../clib/angel/rt.s                       0x00000000   Number         0  aeabi_ldiv0.o ABSOLUTE
    ../clib/angel/rt.s                       0x00000000   Number         0  aeabi_ldiv0_sigfpe.o ABSOLUTE
    ../clib/angel/rt.s                       0x00000000   Number         0  rt_div0.o ABSOLUTE
    ../clib/angel/rt.s                       0x00000000   Number         0  rt_raise.o ABSOLUTE
    ../clib/angel/scatter.s                  0x00000000   Number         0  __scatter.o ABSOLUTE
    ../clib/angel/startup.s                  0x00000000   Number         0  __main.o ABSOLUTE
    ../clib/angel/sys.s                      0x00000000   Number         0  sys_stackheap_outer.o ABSOLUTE
    ../clib/angel/sys.s                      0x00000000   Number         0  libspace.o ABSOLUTE
    ../clib/angel/sys.s                      0x00000000   Number         0  use_no_semi.o ABSOLUTE
    ../clib/angel/sys.s                      0x00000000   Number         0  indicate_semi.o ABSOLUTE
    ../clib/angel/sysapp.c                   0x00000000   Number         0  sys_exit.o ABSOLUTE
    ../clib/angel/sysapp.c                   0x00000000   Number         0  sys_exit_hlt.o ABSOLUTE
    ../clib/angel/sysapp.c                   0x00000000   Number         0  sys_wrch.o ABSOLUTE
    ../clib/angel/sysapp.c                   0x00000000   Number         0  sys_wrch_hlt.o ABSOLUTE
    ../clib/angel/sysapp.c                   0x00000000   Number         0  sys_command.o ABSOLUTE
    ../clib/angel/sysapp.c                   0x00000000   Number         0  sys_command_hlt.o ABSOLUTE
    ../clib/armsys.c                         0x00000000   Number         0  argv_veneer.o ABSOLUTE
    ../clib/armsys.c                         0x00000000   Number         0  argv_veneer.o ABSOLUTE
    ../clib/armsys.c                         0x00000000   Number         0  _get_argv_nomalloc.o ABSOLUTE
    ../clib/armsys.c                         0x00000000   Number         0  no_argv.o ABSOLUTE
    ../clib/heapalloc.c                      0x00000000   Number         0  hrguard.o ABSOLUTE
    ../clib/heapaux.c                        0x00000000   Number         0  heapauxi.o ABSOLUTE
    ../clib/libinit.s                        0x00000000   Number         0  libinit.o ABSOLUTE
    ../clib/libinit.s                        0x00000000   Number         0  libinit2.o ABSOLUTE
    ../clib/libinit.s                        0x00000000   Number         0  libshutdown.o ABSOLUTE
    ../clib/libinit.s                        0x00000000   Number         0  libshutdown2.o ABSOLUTE
    ../clib/longlong.s                       0x00000000   Number         0  lludivv7m.o ABSOLUTE
    ../clib/signal.c                         0x00000000   Number         0  defsig_fpe_outer.o ABSOLUTE
    ../clib/signal.c                         0x00000000   Number         0  defsig_fpe_formal.o ABSOLUTE
    ../clib/signal.c                         0x00000000   Number         0  defsig_exit.o ABSOLUTE
    ../clib/signal.c                         0x00000000   Number         0  defsig_fpe_inner.o ABSOLUTE
    ../clib/signal.c                         0x00000000   Number         0  __raise.o ABSOLUTE
    ../clib/signal.c                         0x00000000   Number         0  defsig_general.o ABSOLUTE
    ../clib/signal.c                         0x00000000   Number         0  defsig_abrt_inner.o ABSOLUTE
    ../clib/signal.c                         0x00000000   Number         0  defsig_rtred_inner.o ABSOLUTE
    ../clib/signal.c                         0x00000000   Number         0  defsig_rtmem_inner.o ABSOLUTE
    ../clib/signal.c                         0x00000000   Number         0  defsig_rtmem_outer.o ABSOLUTE
    ../clib/signal.c                         0x00000000   Number         0  defsig_rtmem_formal.o ABSOLUTE
    ../clib/signal.c                         0x00000000   Number         0  defsig_stak_inner.o ABSOLUTE
    ../clib/signal.c                         0x00000000   Number         0  defsig_pvfn_inner.o ABSOLUTE
    ../clib/signal.c                         0x00000000   Number         0  defsig_cppl_inner.o ABSOLUTE
    ../clib/signal.c                         0x00000000   Number         0  defsig_segv_inner.o ABSOLUTE
    ../clib/signal.c                         0x00000000   Number         0  defsig_other.o ABSOLUTE
    ../clib/signal.s                         0x00000000   Number         0  defsig.o ABSOLUTE
    ../clib/stdlib.c                         0x00000000   Number         0  exit.o ABSOLUTE
    ../fplib/fpinit.s                        0x00000000   Number         0  fpinit.o ABSOLUTE
    ../fplib/fpinit_empty.s                  0x00000000   Number         0  fpinit_empty.o ABSOLUTE
    GLCD_Fonts.c                             0x00000000   Number         0  glcd_fonts.o ABSOLUTE
    GLCD_MCB1700.c                           0x00000000   Number         0  glcd_mcb1700.o ABSOLUTE
    GPDMA_LPC17xx.c                          0x00000000   Number         0  gpdma_lpc17xx.o ABSOLUTE
    GPIO_LPC17xx.c                           0x00000000   Number         0  gpio_lpc17xx.o ABSOLUTE
    PIN_LPC17xx.c                            0x00000000   Number         0  pin_lpc17xx.o ABSOLUTE
    RTE/Device/LPC1768/startup_LPC17xx.s     0x00000000   Number         0  startup_lpc17xx.o ABSOLUTE
    SSP_LPC17xx.c                            0x00000000   Number         0  ssp_lpc17xx.o ABSOLUTE
    dc.s                                     0x00000000   Number         0  dc.o ABSOLUTE
    main.c                                   0x00000000   Number         0  main.o ABSOLUTE
    system_LPC17xx.c                         0x00000000   Number         0  system_lpc17xx.o ABSOLUTE
    RESET                                    0x00000000   Section      204  startup_lpc17xx.o(RESET)
    !!!main                                  0x000000cc   Section        8  __main.o(!!!main)
    !!!scatter                               0x000000d4   Section       52  __scatter.o(!!!scatter)
    !!handler_zi                             0x00000108   Section       28  __scatter_zi.o(!!handler_zi)
    .ARM.Collect$$libinit$$00000000          0x00000124   Section        2  libinit.o(.ARM.Collect$$libinit$$00000000)
    .ARM.Collect$$libinit$$00000002          0x00000126   Section        0  libinit2.o(.ARM.Collect$$libinit$$00000002)
    .ARM.Collect$$libinit$$00000004          0x00000126   Section        0  libinit2.o(.ARM.Collect$$libinit$$00000004)
    .ARM.Collect$$libinit$$0000000A          0x00000126   Section        0  libinit2.o(.ARM.Collect$$libinit$$0000000A)
    .ARM.Collect$$libinit$$0000000C          0x00000126   Section        0  libinit2.o(.ARM.Collect$$libinit$$0000000C)
    .ARM.Collect$$libinit$$0000000E          0x00000126   Section        0  libinit2.o(.ARM.Collect$$libinit$$0000000E)
    .ARM.Collect$$libinit$$00000011          0x00000126   Section        0  libinit2.o(.ARM.Collect$$libinit$$00000011)
    .ARM.Collect$$libinit$$00000013          0x00000126   Section        0  libinit2.o(.ARM.Collect$$libinit$$00000013)
    .ARM.Collect$$libinit$$00000015          0x00000126   Section        0  libinit2.o(.ARM.Collect$$libinit$$00000015)
    .ARM.Collect$$libinit$$00000017          0x00000126   Section        0  libinit2.o(.ARM.Collect$$libinit$$00000017)
    .ARM.Collect$$libinit$$00000019          0x00000126   Section        0  libinit2.o(.ARM.Collect$$libinit$$00000019)
    .ARM.Collect$$libinit$$0000001B          0x00000126   Section        0  libinit2.o(.ARM.Collect$$libinit$$0000001B)
    .ARM.Collect$$libinit$$0000001D          0x00000126   Section        0  libinit2.o(.ARM.Collect$$libinit$$0000001D)
    .ARM.Collect$$libinit$$0000001F          0x00000126   Section        0  libinit2.o(.ARM.Collect$$libinit$$0000001F)
    .ARM.Collect$$libinit$$00000021          0x00000126   Section        0  libinit2.o(.ARM.Collect$$libinit$$00000021)
    .ARM.Collect$$libinit$$00000023          0x00000126   Section        0  libinit2.o(.ARM.Collect$$libinit$$00000023)
    .ARM.Collect$$libinit$$00000025          0x00000126   Section        0  libinit2.o(.ARM.Collect$$libinit$$00000025)
    .ARM.Collect$$libinit$$0000002C          0x00000126   Section        0  libinit2.o(.ARM.Collect$$libinit$$0000002C)
    .ARM.Collect$$libinit$$0000002E          0x00000126   Section        0  libinit2.o(.ARM.Collect$$libinit$$0000002E)
    .ARM.Collect$$libinit$$00000030          0x00000126   Section        0  libinit2.o(.ARM.Collect$$libinit$$00000030)
    .ARM.Collect$$libinit$$00000032          0x00000126   Section        0  libinit2.o(.ARM.Collect$$libinit$$00000032)
    .ARM.Collect$$libinit$$00000033          0x00000126   Section        2  libinit2.o(.ARM.Collect$$libinit$$00000033)
    .ARM.Collect$$libshutdown$$00000000      0x00000128   Section        2  libshutdown.o(.ARM.Collect$$libshutdown$$00000000)
    .ARM.Collect$$libshutdown$$00000002      0x0000012a   Section        0  libshutdown2.o(.ARM.Collect$$libshutdown$$00000002)
    .ARM.Collect$$libshutdown$$00000004      0x0000012a   Section        0  libshutdown2.o(.ARM.Collect$$libshutdown$$00000004)
    .ARM.Collect$$libshutdown$$00000007      0x0000012a   Section        0  libshutdown2.o(.ARM.Collect$$libshutdown$$00000007)
    .ARM.Collect$$libshutdown$$0000000A      0x0000012a   Section        0  libshutdown2.o(.ARM.Collect$$libshutdown$$0000000A)
    .ARM.Collect$$libshutdown$$0000000C      0x0000012a   Section        0  libshutdown2.o(.ARM.Collect$$libshutdown$$0000000C)
    .ARM.Collect$$libshutdown$$0000000F      0x0000012a   Section        0  libshutdown2.o(.ARM.Collect$$libshutdown$$0000000F)
    .ARM.Collect$$libshutdown$$00000010      0x0000012a   Section        2  libshutdown2.o(.ARM.Collect$$libshutdown$$00000010)
    .ARM.Collect$$rtentry$$00000000          0x0000012c   Section        0  __rtentry.o(.ARM.Collect$$rtentry$$00000000)
    .ARM.Collect$$rtentry$$00000002          0x0000012c   Section        0  __rtentry2.o(.ARM.Collect$$rtentry$$00000002)
    .ARM.Collect$$rtentry$$00000004          0x0000012c   Section        6  __rtentry4.o(.ARM.Collect$$rtentry$$00000004)
    .ARM.Collect$$rtentry$$00000009          0x00000132   Section        0  __rtentry2.o(.ARM.Collect$$rtentry$$00000009)
    .ARM.Collect$$rtentry$$0000000A          0x00000132   Section        4  __rtentry2.o(.ARM.Collect$$rtentry$$0000000A)
    .ARM.Collect$$rtentry$$0000000C          0x00000136   Section        0  __rtentry2.o(.ARM.Collect$$rtentry$$0000000C)
    .ARM.Collect$$rtentry$$0000000D          0x00000136   Section        8  __rtentry2.o(.ARM.Collect$$rtentry$$0000000D)
    .ARM.Collect$$rtexit$$00000000           0x0000013e   Section        2  rtexit.o(.ARM.Collect$$rtexit$$00000000)
    .ARM.Collect$$rtexit$$00000002           0x00000140   Section        0  rtexit2.o(.ARM.Collect$$rtexit$$00000002)
    .ARM.Collect$$rtexit$$00000003           0x00000140   Section        4  rtexit2.o(.ARM.Collect$$rtexit$$00000003)
    .ARM.Collect$$rtexit$$00000004           0x00000144   Section        6  rtexit2.o(.ARM.Collect$$rtexit$$00000004)
    .text                                    0x0000014c   Section       60  startup_lpc17xx.o(.text)
    .text                                    0x00000188   Section        0  heapauxi.o(.text)
    .text                                    0x0000018e   Section       74  sys_stackheap_outer.o(.text)
    .text                                    0x000001d8   Section        0  exit.o(.text)
    .text                                    0x000001ec   Section        8  libspace.o(.text)
    .text                                    0x000001f4   Section        0  sys_exit.o(.text)
    .text                                    0x00000200   Section        2  use_no_semi.o(.text)
    .text                                    0x00000202   Section        0  indicate_semi.o(.text)
    Clear_Channel_active_flag                0x00000205   Thumb Code    32  gpdma_lpc17xx.o(.text.Clear_Channel_active_flag)
    [Anonymous Symbol]                       0x00000204   Section        0  gpdma_lpc17xx.o(.text.Clear_Channel_active_flag)
    [Anonymous Symbol]                       0x00000224   Section        0  main.o(.text.MoteurAR)
    [Anonymous Symbol]                       0x00000248   Section        0  main.o(.text.MoteurAV)
    [Anonymous Symbol]                       0x0000026c   Section        0  ssp_lpc17xx.o(.text.SSP1_IRQHandler)
    [Anonymous Symbol]                       0x00000274   Section        0  main.o(.text.initPwm)
    .ARM.__at_0x02FC                         0x000002fc   Section        4  startup_lpc17xx.o(.ARM.__at_0x02FC)
    [Anonymous Symbol]                       0x00000300   Section        0  gpdma_lpc17xx.o(.text.DMA_IRQHandler)
    SSPx_IRQHandler                          0x000003fd   Thumb Code   206  ssp_lpc17xx.o(.text.SSPx_IRQHandler)
    [Anonymous Symbol]                       0x000003fc   Section        0  ssp_lpc17xx.o(.text.SSPx_IRQHandler)
    [Anonymous Symbol]                       0x000004cc   Section        0  system_lpc17xx.o(.text.SystemInit)
    [Anonymous Symbol]                       0x00000598   Section        0  main.o(.text.main)
    Stack_Mem                                0x10000000   Data         512  startup_lpc17xx.o(STACK)
    STACK                                    0x10000000   Section      512  startup_lpc17xx.o(STACK)
    __initial_sp                             0x10000200   Data           0  startup_lpc17xx.o(STACK)
    .bss                                     0x2007c000   Section       96  libspace.o(.bss)
    Channel_active                           0x2007c060   Data           4  gpdma_lpc17xx.o(.bss.Channel_active)
    [Anonymous Symbol]                       0x2007c060   Section        0  gpdma_lpc17xx.o(.bss.Channel_active)
    Channel_info                             0x2007c064   Data         160  gpdma_lpc17xx.o(.bss.Channel_info)
    [Anonymous Symbol]                       0x2007c064   Section        0  gpdma_lpc17xx.o(.bss.Channel_info)
    SSP1_Info                                0x2007c104   Data          16  ssp_lpc17xx.o(.bss.SSP1_Info)
    [Anonymous Symbol]                       0x2007c104   Section        0  ssp_lpc17xx.o(.bss.SSP1_Info)
    SSP1_Xfer                                0x2007c114   Data          28  ssp_lpc17xx.o(.bss.SSP1_Xfer)
    [Anonymous Symbol]                       0x2007c114   Section        0  ssp_lpc17xx.o(.bss.SSP1_Xfer)
    Heap_Mem                                 0x2007c140   Data           0  startup_lpc17xx.o(HEAP)
    HEAP                                     0x2007c140   Section        0  startup_lpc17xx.o(HEAP)

    Global Symbols

    Symbol Name                              Value     Ov Type        Size  Object(Section)

    BuildAttributes$$THM_ISAv4$P$D$K$B$S$PE$A:L22UL41UL21$X:L11$S22US41US21$IEEE1$IW$~IW$USESV6$~STKCKD$USESV7$~SHL$OTIME$ROPI$EBA8$UX$STANDARDLIB$REQ8$PRES8$EABIv2 0x00000000   Number         0  anon$$obj.o ABSOLUTE
    __Vectors                                0x00000000   Data           4  startup_lpc17xx.o(RESET)
    __fp_init_empty                          0x00000000   Number         0  fpinit_empty.o ABSOLUTE
    __ARM_exceptions_init                     - Undefined Weak Reference
    __alloca_initialize                       - Undefined Weak Reference
    __arm_preinit_                            - Undefined Weak Reference
    __cpp_initialize__aeabi_                  - Undefined Weak Reference
    __cxa_finalize                            - Undefined Weak Reference
    __rt_locale                               - Undefined Weak Reference
    __sigvec_lookup                           - Undefined Weak Reference
    _atexit_init                              - Undefined Weak Reference
    _call_atexit_fns                          - Undefined Weak Reference
    _clock_init                               - Undefined Weak Reference
    _fp_trap_init                             - Undefined Weak Reference
    _fp_trap_shutdown                         - Undefined Weak Reference
    _get_lc_collate                           - Undefined Weak Reference
    _get_lc_ctype                             - Undefined Weak Reference
    _get_lc_monetary                          - Undefined Weak Reference
    _get_lc_numeric                           - Undefined Weak Reference
    _get_lc_time                              - Undefined Weak Reference
    _getenv_init                              - Undefined Weak Reference
    _handle_redirection                       - Undefined Weak Reference
    _init_alloc                               - Undefined Weak Reference
    _init_user_alloc                          - Undefined Weak Reference
    _initio                                   - Undefined Weak Reference
    _rand_init                                - Undefined Weak Reference
    _signal_finish                            - Undefined Weak Reference
    _signal_init                              - Undefined Weak Reference
    _terminate_alloc                          - Undefined Weak Reference
    _terminate_user_alloc                     - Undefined Weak Reference
    _terminateio                              - Undefined Weak Reference
    __main                                   0x000000cd   Thumb Code     8  __main.o(!!!main)
    __scatterload                            0x000000d5   Thumb Code     0  __scatter.o(!!!scatter)
    __scatterload_rt2                        0x000000d5   Thumb Code    44  __scatter.o(!!!scatter)
    __scatterload_rt2_thumb_only             0x000000d5   Thumb Code     0  __scatter.o(!!!scatter)
    __scatterload_null                       0x000000e3   Thumb Code     0  __scatter.o(!!!scatter)
    __scatterload_zeroinit                   0x00000109   Thumb Code    28  __scatter_zi.o(!!handler_zi)
    __rt_lib_init                            0x00000125   Thumb Code     0  libinit.o(.ARM.Collect$$libinit$$00000000)
    __rt_lib_init_alloca_1                   0x00000127   Thumb Code     0  libinit2.o(.ARM.Collect$$libinit$$0000002E)
    __rt_lib_init_argv_1                     0x00000127   Thumb Code     0  libinit2.o(.ARM.Collect$$libinit$$0000002C)
    __rt_lib_init_atexit_1                   0x00000127   Thumb Code     0  libinit2.o(.ARM.Collect$$libinit$$0000001B)
    __rt_lib_init_clock_1                    0x00000127   Thumb Code     0  libinit2.o(.ARM.Collect$$libinit$$00000021)
    __rt_lib_init_cpp_1                      0x00000127   Thumb Code     0  libinit2.o(.ARM.Collect$$libinit$$00000032)
    __rt_lib_init_exceptions_1               0x00000127   Thumb Code     0  libinit2.o(.ARM.Collect$$libinit$$00000030)
    __rt_lib_init_fp_1                       0x00000127   Thumb Code     0  libinit2.o(.ARM.Collect$$libinit$$00000002)
    __rt_lib_init_fp_trap_1                  0x00000127   Thumb Code     0  libinit2.o(.ARM.Collect$$libinit$$0000001F)
    __rt_lib_init_getenv_1                   0x00000127   Thumb Code     0  libinit2.o(.ARM.Collect$$libinit$$00000023)
    __rt_lib_init_heap_1                     0x00000127   Thumb Code     0  libinit2.o(.ARM.Collect$$libinit$$0000000A)
    __rt_lib_init_lc_collate_1               0x00000127   Thumb Code     0  libinit2.o(.ARM.Collect$$libinit$$00000011)
    __rt_lib_init_lc_ctype_1                 0x00000127   Thumb Code     0  libinit2.o(.ARM.Collect$$libinit$$00000013)
    __rt_lib_init_lc_monetary_1              0x00000127   Thumb Code     0  libinit2.o(.ARM.Collect$$libinit$$00000015)
    __rt_lib_init_lc_numeric_1               0x00000127   Thumb Code     0  libinit2.o(.ARM.Collect$$libinit$$00000017)
    __rt_lib_init_lc_time_1                  0x00000127   Thumb Code     0  libinit2.o(.ARM.Collect$$libinit$$00000019)
    __rt_lib_init_preinit_1                  0x00000127   Thumb Code     0  libinit2.o(.ARM.Collect$$libinit$$00000004)
    __rt_lib_init_rand_1                     0x00000127   Thumb Code     0  libinit2.o(.ARM.Collect$$libinit$$0000000E)
    __rt_lib_init_return                     0x00000127   Thumb Code     0  libinit2.o(.ARM.Collect$$libinit$$00000033)
    __rt_lib_init_signal_1                   0x00000127   Thumb Code     0  libinit2.o(.ARM.Collect$$libinit$$0000001D)
    __rt_lib_init_stdio_1                    0x00000127   Thumb Code     0  libinit2.o(.ARM.Collect$$libinit$$00000025)
    __rt_lib_init_user_alloc_1               0x00000127   Thumb Code     0  libinit2.o(.ARM.Collect$$libinit$$0000000C)
    __rt_lib_shutdown                        0x00000129   Thumb Code     0  libshutdown.o(.ARM.Collect$$libshutdown$$00000000)
    __rt_lib_shutdown_cpp_1                  0x0000012b   Thumb Code     0  libshutdown2.o(.ARM.Collect$$libshutdown$$00000002)
    __rt_lib_shutdown_fp_trap_1              0x0000012b   Thumb Code     0  libshutdown2.o(.ARM.Collect$$libshutdown$$00000007)
    __rt_lib_shutdown_heap_1                 0x0000012b   Thumb Code     0  libshutdown2.o(.ARM.Collect$$libshutdown$$0000000F)
    __rt_lib_shutdown_return                 0x0000012b   Thumb Code     0  libshutdown2.o(.ARM.Collect$$libshutdown$$00000010)
    __rt_lib_shutdown_signal_1               0x0000012b   Thumb Code     0  libshutdown2.o(.ARM.Collect$$libshutdown$$0000000A)
    __rt_lib_shutdown_stdio_1                0x0000012b   Thumb Code     0  libshutdown2.o(.ARM.Collect$$libshutdown$$00000004)
    __rt_lib_shutdown_user_alloc_1           0x0000012b   Thumb Code     0  libshutdown2.o(.ARM.Collect$$libshutdown$$0000000C)
    __rt_entry                               0x0000012d   Thumb Code     0  __rtentry.o(.ARM.Collect$$rtentry$$00000000)
    __rt_entry_presh_1                       0x0000012d   Thumb Code     0  __rtentry2.o(.ARM.Collect$$rtentry$$00000002)
    __rt_entry_sh                            0x0000012d   Thumb Code     0  __rtentry4.o(.ARM.Collect$$rtentry$$00000004)
    __rt_entry_li                            0x00000133   Thumb Code     0  __rtentry2.o(.ARM.Collect$$rtentry$$0000000A)
    __rt_entry_postsh_1                      0x00000133   Thumb Code     0  __rtentry2.o(.ARM.Collect$$rtentry$$00000009)
    __rt_entry_main                          0x00000137   Thumb Code     0  __rtentry2.o(.ARM.Collect$$rtentry$$0000000D)
    __rt_entry_postli_1                      0x00000137   Thumb Code     0  __rtentry2.o(.ARM.Collect$$rtentry$$0000000C)
    __rt_exit                                0x0000013f   Thumb Code     0  rtexit.o(.ARM.Collect$$rtexit$$00000000)
    __rt_exit_ls                             0x00000141   Thumb Code     0  rtexit2.o(.ARM.Collect$$rtexit$$00000003)
    __rt_exit_prels_1                        0x00000141   Thumb Code     0  rtexit2.o(.ARM.Collect$$rtexit$$00000002)
    __rt_exit_exit                           0x00000145   Thumb Code     0  rtexit2.o(.ARM.Collect$$rtexit$$00000004)
    Reset_Handler                            0x0000014d   Thumb Code     8  startup_lpc17xx.o(.text)
    NMI_Handler                              0x00000155   Thumb Code     2  startup_lpc17xx.o(.text)
    HardFault_Handler                        0x00000157   Thumb Code     2  startup_lpc17xx.o(.text)
    MemManage_Handler                        0x00000159   Thumb Code     2  startup_lpc17xx.o(.text)
    BusFault_Handler                         0x0000015b   Thumb Code     2  startup_lpc17xx.o(.text)
    UsageFault_Handler                       0x0000015d   Thumb Code     2  startup_lpc17xx.o(.text)
    SVC_Handler                              0x0000015f   Thumb Code     2  startup_lpc17xx.o(.text)
    DebugMon_Handler                         0x00000161   Thumb Code     2  startup_lpc17xx.o(.text)
    PendSV_Handler                           0x00000163   Thumb Code     2  startup_lpc17xx.o(.text)
    SysTick_Handler                          0x00000165   Thumb Code     2  startup_lpc17xx.o(.text)
    ADC_IRQHandler                           0x00000167   Thumb Code     0  startup_lpc17xx.o(.text)
    BOD_IRQHandler                           0x00000167   Thumb Code     0  startup_lpc17xx.o(.text)
    CANActivity_IRQHandler                   0x00000167   Thumb Code     0  startup_lpc17xx.o(.text)
    CAN_IRQHandler                           0x00000167   Thumb Code     0  startup_lpc17xx.o(.text)
    EINT0_IRQHandler                         0x00000167   Thumb Code     0  startup_lpc17xx.o(.text)
    EINT1_IRQHandler                         0x00000167   Thumb Code     0  startup_lpc17xx.o(.text)
    EINT2_IRQHandler                         0x00000167   Thumb Code     0  startup_lpc17xx.o(.text)
    EINT3_IRQHandler                         0x00000167   Thumb Code     0  startup_lpc17xx.o(.text)
    ENET_IRQHandler                          0x00000167   Thumb Code     0  startup_lpc17xx.o(.text)
    I2C0_IRQHandler                          0x00000167   Thumb Code     0  startup_lpc17xx.o(.text)
    I2C1_IRQHandler                          0x00000167   Thumb Code     0  startup_lpc17xx.o(.text)
    I2C2_IRQHandler                          0x00000167   Thumb Code     0  startup_lpc17xx.o(.text)
    I2S_IRQHandler                           0x00000167   Thumb Code     0  startup_lpc17xx.o(.text)
    MCPWM_IRQHandler                         0x00000167   Thumb Code     0  startup_lpc17xx.o(.text)
    PLL0_IRQHandler                          0x00000167   Thumb Code     0  startup_lpc17xx.o(.text)
    PLL1_IRQHandler                          0x00000167   Thumb Code     0  startup_lpc17xx.o(.text)
    PWM1_IRQHandler                          0x00000167   Thumb Code     0  startup_lpc17xx.o(.text)
    QEI_IRQHandler                           0x00000167   Thumb Code     0  startup_lpc17xx.o(.text)
    RIT_IRQHandler                           0x00000167   Thumb Code     0  startup_lpc17xx.o(.text)
    RTC_IRQHandler                           0x00000167   Thumb Code     0  startup_lpc17xx.o(.text)
    SPI_IRQHandler                           0x00000167   Thumb Code     0  startup_lpc17xx.o(.text)
    SSP0_IRQHandler                          0x00000167   Thumb Code     0  startup_lpc17xx.o(.text)
    TIMER0_IRQHandler                        0x00000167   Thumb Code     0  startup_lpc17xx.o(.text)
    TIMER1_IRQHandler                        0x00000167   Thumb Code     0  startup_lpc17xx.o(.text)
    TIMER2_IRQHandler                        0x00000167   Thumb Code     0  startup_lpc17xx.o(.text)
    TIMER3_IRQHandler                        0x00000167   Thumb Code     0  startup_lpc17xx.o(.text)
    UART0_IRQHandler                         0x00000167   Thumb Code     0  startup_lpc17xx.o(.text)
    UART1_IRQHandler                         0x00000167   Thumb Code     0  startup_lpc17xx.o(.text)
    UART2_IRQHandler                         0x00000167   Thumb Code     0  startup_lpc17xx.o(.text)
    UART3_IRQHandler                         0x00000167   Thumb Code     0  startup_lpc17xx.o(.text)
    USBActivity_IRQHandler                   0x00000167   Thumb Code     0  startup_lpc17xx.o(.text)
    USB_IRQHandler                           0x00000167   Thumb Code     0  startup_lpc17xx.o(.text)
    WDT_IRQHandler                           0x00000167   Thumb Code     0  startup_lpc17xx.o(.text)
    __user_initial_stackheap                 0x00000169   Thumb Code     0  startup_lpc17xx.o(.text)
    __use_two_region_memory                  0x00000189   Thumb Code     2  heapauxi.o(.text)
    __rt_heap_escrow$2region                 0x0000018b   Thumb Code     2  heapauxi.o(.text)
    __rt_heap_expand$2region                 0x0000018d   Thumb Code     2  heapauxi.o(.text)
    __user_setup_stackheap                   0x0000018f   Thumb Code    74  sys_stackheap_outer.o(.text)
    exit                                     0x000001d9   Thumb Code    18  exit.o(.text)
    __user_libspace                          0x000001ed   Thumb Code     8  libspace.o(.text)
    __user_perproc_libspace                  0x000001ed   Thumb Code     0  libspace.o(.text)
    __user_perthread_libspace                0x000001ed   Thumb Code     0  libspace.o(.text)
    _sys_exit                                0x000001f5   Thumb Code     8  sys_exit.o(.text)
    __I$use$semihosting                      0x00000201   Thumb Code     0  use_no_semi.o(.text)
    __use_no_semihosting_swi                 0x00000201   Thumb Code     2  use_no_semi.o(.text)
    __semihosting_library_function           0x00000203   Thumb Code     0  indicate_semi.o(.text)
    MoteurAR                                 0x00000225   Thumb Code    34  main.o(.text.MoteurAR)
    MoteurAV                                 0x00000249   Thumb Code    34  main.o(.text.MoteurAV)
    SSP1_IRQHandler                          0x0000026d   Thumb Code     8  ssp_lpc17xx.o(.text.SSP1_IRQHandler)
    initPwm                                  0x00000275   Thumb Code    84  main.o(.text.initPwm)
    Region$$Table$$Base                      0x000002c8   Number         0  anon$$obj.o(Region$$Table)
    Region$$Table$$Limit                     0x000002e8   Number         0  anon$$obj.o(Region$$Table)
    DMA_IRQHandler                           0x00000301   Thumb Code   250  gpdma_lpc17xx.o(.text.DMA_IRQHandler)
    SystemInit                               0x000004cd   Thumb Code   204  system_lpc17xx.o(.text.SystemInit)
    main                                     0x00000599   Thumb Code   126  main.o(.text.main)
    __libspace_start                         0x2007c000   Data          96  libspace.o(.bss)
    __temporary_stack_top$libspace           0x2007c060   Data           0  libspace.o(.bss)
    etat                                     0x2007c130   Data           4  main.o(.bss.etat)
    etatbot                                  0x2007c134   Data           4  main.o(.bss.etatbot)
    etatpin                                  0x2007c138   Data           1  main.o(.bss.etatpin)



==============================================================================

Memory Map of the image

  Image Entry point : 0x000000cd

  Load Region LR_IROM1 (Base: 0x00000000, Size: 0x00000618, Max: 0x00080000, ABSOLUTE)

    Execution Region ER_IROM1 (Exec base: 0x00000000, Load base: 0x00000000, Size: 0x00000618, Max: 0x00080000, ABSOLUTE)

    Exec Addr    Load Addr    Size         Type   Attr      Idx    E Section Name        Object

    0x00000000   0x00000000   0x000000cc   Data   RO          253    RESET               startup_lpc17xx.o
    0x000000cc   0x000000cc   0x00000008   Code   RO          281  * !!!main             c_w.l(__main.o)
    0x000000d4   0x000000d4   0x00000034   Code   RO          454    !!!scatter          c_w.l(__scatter.o)
    0x00000108   0x00000108   0x0000001c   Code   RO          456    !!handler_zi        c_w.l(__scatter_zi.o)
    0x00000124   0x00000124   0x00000002   Code   RO          318    .ARM.Collect$$libinit$$00000000  c_w.l(libinit.o)
    0x00000126   0x00000126   0x00000000   Code   RO          331    .ARM.Collect$$libinit$$00000002  c_w.l(libinit2.o)
    0x00000126   0x00000126   0x00000000   Code   RO          333    .ARM.Collect$$libinit$$00000004  c_w.l(libinit2.o)
    0x00000126   0x00000126   0x00000000   Code   RO          336    .ARM.Collect$$libinit$$0000000A  c_w.l(libinit2.o)
    0x00000126   0x00000126   0x00000000   Code   RO          338    .ARM.Collect$$libinit$$0000000C  c_w.l(libinit2.o)
    0x00000126   0x00000126   0x00000000   Code   RO          340    .ARM.Collect$$libinit$$0000000E  c_w.l(libinit2.o)
    0x00000126   0x00000126   0x00000000   Code   RO          343    .ARM.Collect$$libinit$$00000011  c_w.l(libinit2.o)
    0x00000126   0x00000126   0x00000000   Code   RO          345    .ARM.Collect$$libinit$$00000013  c_w.l(libinit2.o)
    0x00000126   0x00000126   0x00000000   Code   RO          347    .ARM.Collect$$libinit$$00000015  c_w.l(libinit2.o)
    0x00000126   0x00000126   0x00000000   Code   RO          349    .ARM.Collect$$libinit$$00000017  c_w.l(libinit2.o)
    0x00000126   0x00000126   0x00000000   Code   RO          351    .ARM.Collect$$libinit$$00000019  c_w.l(libinit2.o)
    0x00000126   0x00000126   0x00000000   Code   RO          353    .ARM.Collect$$libinit$$0000001B  c_w.l(libinit2.o)
    0x00000126   0x00000126   0x00000000   Code   RO          355    .ARM.Collect$$libinit$$0000001D  c_w.l(libinit2.o)
    0x00000126   0x00000126   0x00000000   Code   RO          357    .ARM.Collect$$libinit$$0000001F  c_w.l(libinit2.o)
    0x00000126   0x00000126   0x00000000   Code   RO          359    .ARM.Collect$$libinit$$00000021  c_w.l(libinit2.o)
    0x00000126   0x00000126   0x00000000   Code   RO          361    .ARM.Collect$$libinit$$00000023  c_w.l(libinit2.o)
    0x00000126   0x00000126   0x00000000   Code   RO          363    .ARM.Collect$$libinit$$00000025  c_w.l(libinit2.o)
    0x00000126   0x00000126   0x00000000   Code   RO          367    .ARM.Collect$$libinit$$0000002C  c_w.l(libinit2.o)
    0x00000126   0x00000126   0x00000000   Code   RO          369    .ARM.Collect$$libinit$$0000002E  c_w.l(libinit2.o)
    0x00000126   0x00000126   0x00000000   Code   RO          371    .ARM.Collect$$libinit$$00000030  c_w.l(libinit2.o)
    0x00000126   0x00000126   0x00000000   Code   RO          373    .ARM.Collect$$libinit$$00000032  c_w.l(libinit2.o)
    0x00000126   0x00000126   0x00000002   Code   RO          374    .ARM.Collect$$libinit$$00000033  c_w.l(libinit2.o)
    0x00000128   0x00000128   0x00000002   Code   RO          409    .ARM.Collect$$libshutdown$$00000000  c_w.l(libshutdown.o)
    0x0000012a   0x0000012a   0x00000000   Code   RO          437    .ARM.Collect$$libshutdown$$00000002  c_w.l(libshutdown2.o)
    0x0000012a   0x0000012a   0x00000000   Code   RO          439    .ARM.Collect$$libshutdown$$00000004  c_w.l(libshutdown2.o)
    0x0000012a   0x0000012a   0x00000000   Code   RO          442    .ARM.Collect$$libshutdown$$00000007  c_w.l(libshutdown2.o)
    0x0000012a   0x0000012a   0x00000000   Code   RO          445    .ARM.Collect$$libshutdown$$0000000A  c_w.l(libshutdown2.o)
    0x0000012a   0x0000012a   0x00000000   Code   RO          447    .ARM.Collect$$libshutdown$$0000000C  c_w.l(libshutdown2.o)
    0x0000012a   0x0000012a   0x00000000   Code   RO          450    .ARM.Collect$$libshutdown$$0000000F  c_w.l(libshutdown2.o)
    0x0000012a   0x0000012a   0x00000002   Code   RO          451    .ARM.Collect$$libshutdown$$00000010  c_w.l(libshutdown2.o)
    0x0000012c   0x0000012c   0x00000000   Code   RO          283    .ARM.Collect$$rtentry$$00000000  c_w.l(__rtentry.o)
    0x0000012c   0x0000012c   0x00000000   Code   RO          289    .ARM.Collect$$rtentry$$00000002  c_w.l(__rtentry2.o)
    0x0000012c   0x0000012c   0x00000006   Code   RO          301    .ARM.Collect$$rtentry$$00000004  c_w.l(__rtentry4.o)
    0x00000132   0x00000132   0x00000000   Code   RO          291    .ARM.Collect$$rtentry$$00000009  c_w.l(__rtentry2.o)
    0x00000132   0x00000132   0x00000004   Code   RO          292    .ARM.Collect$$rtentry$$0000000A  c_w.l(__rtentry2.o)
    0x00000136   0x00000136   0x00000000   Code   RO          294    .ARM.Collect$$rtentry$$0000000C  c_w.l(__rtentry2.o)
    0x00000136   0x00000136   0x00000008   Code   RO          295    .ARM.Collect$$rtentry$$0000000D  c_w.l(__rtentry2.o)
    0x0000013e   0x0000013e   0x00000002   Code   RO          322    .ARM.Collect$$rtexit$$00000000  c_w.l(rtexit.o)
    0x00000140   0x00000140   0x00000000   Code   RO          380    .ARM.Collect$$rtexit$$00000002  c_w.l(rtexit2.o)
    0x00000140   0x00000140   0x00000004   Code   RO          381    .ARM.Collect$$rtexit$$00000003  c_w.l(rtexit2.o)
    0x00000144   0x00000144   0x00000006   Code   RO          382    .ARM.Collect$$rtexit$$00000004  c_w.l(rtexit2.o)
    0x0000014a   0x0000014a   0x00000002   PAD
    0x0000014c   0x0000014c   0x0000003c   Code   RO          255    .text               startup_lpc17xx.o
    0x00000188   0x00000188   0x00000006   Code   RO          279    .text               c_w.l(heapauxi.o)
    0x0000018e   0x0000018e   0x0000004a   Code   RO          305    .text               c_w.l(sys_stackheap_outer.o)
    0x000001d8   0x000001d8   0x00000012   Code   RO          307    .text               c_w.l(exit.o)
    0x000001ea   0x000001ea   0x00000002   PAD
    0x000001ec   0x000001ec   0x00000008   Code   RO          319    .text               c_w.l(libspace.o)
    0x000001f4   0x000001f4   0x0000000c   Code   RO          375    .text               c_w.l(sys_exit.o)
    0x00000200   0x00000200   0x00000002   Code   RO          398    .text               c_w.l(use_no_semi.o)
    0x00000202   0x00000202   0x00000000   Code   RO          400    .text               c_w.l(indicate_semi.o)
    0x00000202   0x00000202   0x00000002   PAD
    0x00000204   0x00000204   0x00000020   Code   RO          195    .text.Clear_Channel_active_flag  gpdma_lpc17xx.o
    0x00000224   0x00000224   0x00000022   Code   RO            8    .text.MoteurAR      main.o
    0x00000246   0x00000246   0x00000002   PAD
    0x00000248   0x00000248   0x00000022   Code   RO            6    .text.MoteurAV      main.o
    0x0000026a   0x0000026a   0x00000002   PAD
    0x0000026c   0x0000026c   0x00000008   Code   RO          111    .text.SSP1_IRQHandler  ssp_lpc17xx.o
    0x00000274   0x00000274   0x00000054   Code   RO            4    .text.initPwm       main.o
    0x000002c8   0x000002c8   0x00000020   Data   RO          453    Region$$Table       anon$$obj.o
    0x000002e8   0x000002e8   0x00000014   PAD
    0x000002fc   0x000002fc   0x00000004   Code   RO          254    .ARM.__at_0x02FC    startup_lpc17xx.o
    0x00000300   0x00000300   0x000000fa   Code   RO          205    .text.DMA_IRQHandler  gpdma_lpc17xx.o
    0x000003fa   0x000003fa   0x00000002   PAD
    0x000003fc   0x000003fc   0x000000ce   Code   RO          113    .text.SSPx_IRQHandler  ssp_lpc17xx.o
    0x000004ca   0x000004ca   0x00000002   PAD
    0x000004cc   0x000004cc   0x000000cc   Code   RO          266    .text.SystemInit    system_lpc17xx.o
    0x00000598   0x00000598   0x0000007e   Code   RO            2    .text.main          main.o


    Execution Region RW_IRAM1 (Exec base: 0x10000000, Load base: 0x00000618, Size: 0x00000200, Max: 0x00008000, ABSOLUTE)

    Exec Addr    Load Addr    Size         Type   Attr      Idx    E Section Name        Object

    0x10000000        -       0x00000200   Zero   RW          251    STACK               startup_lpc17xx.o


    Execution Region RW_IRAM2 (Exec base: 0x2007c000, Load base: 0x00000618, Size: 0x00000140, Max: 0x00008000, ABSOLUTE)

    Exec Addr    Load Addr    Size         Type   Attr      Idx    E Section Name        Object

    0x2007c000        -       0x00000060   Zero   RW          320    .bss                c_w.l(libspace.o)
    0x2007c060        -       0x00000004   Zero   RW          209    .bss.Channel_active  gpdma_lpc17xx.o
    0x2007c064        -       0x000000a0   Zero   RW          208    .bss.Channel_info   gpdma_lpc17xx.o
    0x2007c104        -       0x00000010   Zero   RW          169    .bss.SSP1_Info      ssp_lpc17xx.o
    0x2007c114        -       0x0000001c   Zero   RW          170    .bss.SSP1_Xfer      ssp_lpc17xx.o
    0x2007c130        -       0x00000004   Zero   RW           11    .bss.etat           main.o
    0x2007c134        -       0x00000004   Zero   RW           10    .bss.etatbot        main.o
    0x2007c138        -       0x00000001   Zero   RW           12    .bss.etatpin        main.o
    0x2007c139   0x00000618   0x00000007   PAD
    0x2007c140        -       0x00000000   Zero   RW          252    HEAP                startup_lpc17xx.o


==============================================================================

Image component sizes


      Code (inc. data)   RO Data    RW Data    ZI Data      Debug   Object Name

       282          0          0          0        164       7262   gpdma_lpc17xx.o
       278          0          0          0          9       4576   main.o
       214          0          0          0         44      12820   ssp_lpc17xx.o
        64         26        204          0        512       1044   startup_lpc17xx.o
       204          0          0          0          0       2137   system_lpc17xx.o

    ----------------------------------------------------------------------
      1052         26        256          0        736      27839   Object Totals
         0          0         32          0          0          0   (incl. Generated)
        10          0         20          0          7          0   (incl. Padding)

    ----------------------------------------------------------------------

      Code (inc. data)   RO Data    RW Data    ZI Data      Debug   Library Member Name

         8          0          0          0          0         68   __main.o
         0          0          0          0          0          0   __rtentry.o
        12          0          0          0          0          0   __rtentry2.o
         6          0          0          0          0          0   __rtentry4.o
        52          8          0          0          0          0   __scatter.o
        28          0          0          0          0          0   __scatter_zi.o
        18          0          0          0          0         80   exit.o
         6          0          0          0          0        152   heapauxi.o
         0          0          0          0          0          0   indicate_semi.o
         2          0          0          0          0          0   libinit.o
         2          0          0          0          0          0   libinit2.o
         2          0          0          0          0          0   libshutdown.o
         2          0          0          0          0          0   libshutdown2.o
         8          4          0          0         96         68   libspace.o
         2          0          0          0          0          0   rtexit.o
        10          0          0          0          0          0   rtexit2.o
        12          4          0          0          0         68   sys_exit.o
        74          0          0          0          0         80   sys_stackheap_outer.o
         2          0          0          0          0         68   use_no_semi.o

    ----------------------------------------------------------------------
       252         16          0          0         96        584   Library Totals
         6          0          0          0          0          0   (incl. Padding)

    ----------------------------------------------------------------------

      Code (inc. data)   RO Data    RW Data    ZI Data      Debug   Library Name

       246         16          0          0         96        584   c_w.l

    ----------------------------------------------------------------------
       252         16          0          0         96        584   Library Totals

    ----------------------------------------------------------------------

==============================================================================


      Code (inc. data)   RO Data    RW Data    ZI Data      Debug   

      1304         42        256          0        832      28187   Grand Totals
      1304         42        256          0        832      28187   ELF Image Totals
      1304         42        256          0          0          0   ROM Totals

==============================================================================

    Total RO  Size (Code + RO Data)                 1560 (   1.52kB)
    Total RW  Size (RW Data + ZI Data)               832 (   0.81kB)
    Total ROM Size (Code + RO Data + RW Data)       1560 (   1.52kB)

==============================================================================

