<html>
<body>
<pre>
<h1>µVision Build Log</h1>
<h2>Tool Versions:</h2>
IDE-Version: µVision V5.36.0.0
Copyright (C) 2021 ARM Ltd and ARM Germany GmbH. All rights reserved.
License Information: Clément Loiseau, pyandco, LIC=D0D7S-LX30H-UH28H-WRKM2-FV8YC-H81JR
 
Tool Versions:
Toolchain:       MDK-ARM Plus  Version: 5.36.0.0
Toolchain Path:  C:\Keil_v5\ARM\ARMCC\Bin
C Compiler:      Armcc.exe V5.06 update 7 (build 960)
Assembler:       Armasm.exe V5.06 update 7 (build 960)
Linker/Locator:  ArmLink.exe V5.06 update 7 (build 960)
Library Manager: ArmAr.exe V5.06 update 7 (build 960)
Hex Converter:   FromElf.exe V5.06 update 7 (build 960)
CPU DLL:         SARMCM3.DLL V5.36.0.0
Dialog DLL:      DARMP1.DLL V1.27.0.0
Target DLL:      UL2CM3.DLL V1.164.0.0
Dialog DLL:      TARMP1.DLL V1.26.0.0
 
<h2>Project:</h2>
C:\Users\cleme\Desktop\Projet_IT2R_1_ER\LPC1768_Main_Controlle\Main_Controlle.uvprojx
Project File Date:  04/12/2022

<h2>Output:</h2>
*** Using Compiler 'V5.06 update 7 (build 960)', folder: 'C:\Keil_v5\ARM\ARMCC\Bin'
Rebuild target 'Target 1'
compiling GLCD_Fonts.c...
compiling RTX_Conf_CM.c...
compiling main.c...
Lib.h(6): warning:  #1-D: last line of file ends without a newline
  void Init_Moteur(void);
main.c(102): warning:  #177-D: variable "i"  was declared but never referenced
  	int i;
main.c(104): warning:  #177-D: variable "status"  was declared but never referenced
  	uint32_t status;
main.c(198): warning:  #177-D: variable "text"  was declared but never referenced
  	char text[50];
main.c(229): warning:  #177-D: variable "text"  was declared but never referenced
  	char text[50];
main.c: 5 warnings, 0 errors
compiling Lib.c...
Lib.c(59): warning:  #1-D: last line of file ends without a newline
  }
Lib.c: 1 warning, 0 errors
compiling GPDMA_LPC17xx.c...
compiling SSP_LPC17xx.c...
compiling GLCD_MCB1700.c...
assembling startup_LPC17xx.s...
compiling GPIO_LPC17xx.c...
compiling UART_LPC17xx.c...
compiling PIN_LPC17xx.c...
compiling system_LPC17xx.c...
linking...
Program Size: Code=22548 RO-data=7300 RW-data=136 ZI-data=14784  
".\Objects\prgm_BT.axf" - 0 Error(s), 6 Warning(s).

<h2>Software Packages used:</h2>

Package Vendor: ARM
                http://www.keil.com/pack/ARM.CMSIS.5.8.0.pack
                ARM.CMSIS.5.8.0
                CMSIS (Common Microcontroller Software Interface Standard)
   * Component: SPI Version: 2.3.0
   * Component: USART Version: 2.4.0
   * Component: RTOS Version: 1.0.0
   * Component: CORE Version: 5.5.0
   * Component: Keil RTX Version: 4.82.0

Package Vendor: Keil
                http://www.keil.com/pack/Keil.LPC1700_DFP.2.7.1.pack
                Keil.LPC1700_DFP.2.7.1
                NXP LPC1700 Series Device Support, Drivers and Examples for MCB1700 and LPC1788-32
   * Component: Graphic LCD Version: 1.0.0
   * Component: SSP Version: 2.10.0
   * Component: USART Version: 2.13.0
   * Component: GPDMA Version: 1.4.0
   * Component: GPIO Version: 1.1.0
   * Component: PIN Version: 1.0.0
   * Component: Startup Version: 1.0.0

Package Vendor: Keil
                http://www.keil.com/pack/Keil.MDK-Middleware.7.13.0.pack
                Keil.MDK-Middleware.7.13.0
                Middleware for Keil MDK-Professional and MDK-Plus
   * Component: Graphic LCD Version: 1.0.0

<h2>Collection of Component include folders:</h2>
  .\RTE\Device\LPC1768
  .\RTE\_Target_1
  C:\Users\cleme\AppData\Local\Arm\Packs\ARM\CMSIS\5.8.0\CMSIS\Core\Include
  C:\Users\cleme\AppData\Local\Arm\Packs\ARM\CMSIS\5.8.0\CMSIS\Driver\Include
  C:\Users\cleme\AppData\Local\Arm\Packs\ARM\CMSIS\5.8.0\CMSIS\RTOS\RTX\INC
  C:\Users\cleme\AppData\Local\Arm\Packs\Keil\LPC1700_DFP\2.7.1\Boards\Keil\MCB1700\Common
  C:\Users\cleme\AppData\Local\Arm\Packs\Keil\LPC1700_DFP\2.7.1\Device\Include
  C:\Users\cleme\AppData\Local\Arm\Packs\Keil\LPC1700_DFP\2.7.1\RTE_Driver
  C:\Users\cleme\AppData\Local\Arm\Packs\Keil\MDK-Middleware\7.13.0\Board

<h2>Collection of Component Files used:</h2>

   * Component: ::Board Support:Graphic LCD:1.0.0 (API)
      Include file:  Board\Board_GLCD.h

   * Component: ::CMSIS Driver:SPI:2.3.0 (API)
      Include file:  CMSIS\Driver\Include\Driver_SPI.h

   * Component: ::CMSIS Driver:USART:2.4.0 (API)
      Include file:  CMSIS\Driver\Include\Driver_USART.h

   * Component: ::CMSIS:RTOS:1.0.0 (API)

   * Component: ARM::CMSIS:CORE:5.5.0

   * Component: ARM::CMSIS:RTOS:Keil RTX:4.82.0
      Source file:   CMSIS\RTOS\RTX\Templates\RTX_Conf_CM.c
      Source file:   CMSIS\RTOS\RTX\UserCodeTemplates\MemPool.c
      Include file:  CMSIS\RTOS\RTX\INC\cmsis_os.h
      Source file:   CMSIS\RTOS\RTX\UserCodeTemplates\Mutex.c
      Source file:   CMSIS\RTOS\RTX\UserCodeTemplates\Semaphore.c
      Source file:   CMSIS\RTOS\RTX\UserCodeTemplates\Thread.c
      Include file:  CMSIS\RTOS\RTX\UserCodeTemplates\osObjects.h
      Source file:   CMSIS\RTOS\RTX\UserCodeTemplates\main.c
      Source file:   CMSIS\RTOS\RTX\UserCodeTemplates\MailQueue.c
      Source file:   CMSIS\RTOS\RTX\UserCodeTemplates\MsgQueue.c
      Source file:   CMSIS\RTOS\RTX\UserCodeTemplates\Timer.c
      Source file:   CMSIS\RTOS\RTX\SRC\ARM\SVC_Table.s
      Library file:  CMSIS\RTOS\RTX\LIB\ARM\RTX_CM3.lib

   * Component: Keil.MCB1700::Board Support:Graphic LCD:1.0.0
      Include file:  Boards\Keil\MCB1700\Common\GLCD_Config.h
      Source file:   Boards\Keil\MCB1700\Common\GLCD_MCB1700.c
      Include file:  Boards\Keil\MCB1700\Common\GLCD_Fonts.h
      Source file:   Boards\Keil\MCB1700\Common\GLCD_Fonts.c

   * Component: Keil::CMSIS Driver:SPI:SSP:2.10.0
      Source file:   RTE_Driver\SSP_LPC17xx.c

   * Component: Keil::CMSIS Driver:USART:2.13.0
      Source file:   RTE_Driver\UART_LPC17xx.c

   * Component: Keil::Device:GPDMA:1.4.0
      Include file:  RTE_Driver\GPDMA_LPC17xx.h
      Source file:   RTE_Driver\GPDMA_LPC17xx.c

   * Component: Keil::Device:GPIO:1.1.0
      Source file:   RTE_Driver\GPIO_LPC17xx.c
      Include file:  RTE_Driver\GPIO_LPC17xx.h

   * Component: Keil::Device:PIN:1.0.0
      Source file:   RTE_Driver\PIN_LPC17xx.c
      Include file:  RTE_Driver\PIN_LPC17xx.h

   * Component: Keil::Device:Startup:1.0.0
      Include file:  Device\Include\LPC17xx.h
      Source file:   Device\Source\ARM\startup_LPC17xx.s
      Source file:   Device\Source\system_LPC17xx.c
      Include file:  RTE_Driver\Config\RTE_Device.h
Build Time Elapsed:  00:00:02
</pre>
</body>
</html>
