<html>
<body>
<pre>
<h1>µVision Build Log</h1>
<h2>Tool Versions:</h2>
IDE-Version: µVision V5.36.0.0
Copyright (C) 2021 ARM Ltd and ARM Germany GmbH. All rights reserved.
License Information: Clément Loiseau, pyandco, LIC=AK10Z-3INDM-TCGBY-1D8RQ-RM735-GL9TI
 
Tool Versions:
Toolchain:       MDK-ARM Professional  Version: 5.36.0.0
Toolchain Path:  C:\Keil_v5\ARM\ARMCLANG\Bin
C Compiler:      ArmClang.exe V6.16
Assembler:       Armasm.exe V6.16
Linker/Locator:  ArmLink.exe V6.16
Library Manager: ArmAr.exe V6.16
Hex Converter:   FromElf.exe V6.16
CPU DLL:         SARMCM3.DLL V5.36.0.0
Dialog DLL:      DCM.DLL V1.17.3.0
Target DLL:      UL2CM3.DLL V1.164.0.0
Dialog DLL:      TCM.DLL V1.53.0.0
 
<h2>Project:</h2>
C:\Users\cleme\Desktop\Projet_IT2R_1_ER\LPC1768_Controlle_Moteur\Controlle_Moteur.uvprojx
Project File Date:  04/04/2022

<h2>Output:</h2>
*** Using Compiler 'V6.16', folder: 'C:\Keil_v5\ARM\ARMCLANG\Bin'
Rebuild target 'Target 1'
compiling GLCD_Fonts.c...
C:/Users/cleme/AppData/Local/Arm/Packs/Keil/LPC1700_DFP/2.7.1/RTE_Driver/GPIO_LPC17xx.c(26): warning: In file included from...
C:/Users/cleme/AppData/Local/Arm/Packs/Keil/LPC1700_DFP/2.7.1/RTE_Driver/GPIO_LPC17xx.h(30): warning: In file included from...
C:/Users/cleme/AppData/Local/Arm/Packs/Keil/LPC1700_DFP/2.7.1/Device/Include\LPC17xx.h(200): warning: anonymous structs are a C11 extension [-Wc11-extensions]
    struct {
    ^
C:/Users/cleme/AppData/Local/Arm/Packs/Keil/LPC1700_DFP/2.7.1/Device/Include\LPC17xx.h(204): warning: anonymous structs are a C11 extension [-Wc11-extensions]
    struct {
    ^
C:/Users/cleme/AppData/Local/Arm/Packs/Keil/LPC1700_DFP/2.7.1/Device/Include\LPC17xx.h(198): warning: anonymous unions are a C11 extension [-Wc11-extensions]
  union {
  ^
C:/Users/cleme/AppData/Local/Arm/Packs/Keil/LPC1700_DFP/2.7.1/Device/Include\LPC17xx.h(214): warning: anonymous structs are a C11 extension [-Wc11-extensions]
    struct {
    ^
C:/Users/cleme/AppData/Local/Arm/Packs/Keil/LPC1700_DFP/2.7.1/Device/Include\LPC17xx.h(218): warning: anonymous structs are a C11 extension [-Wc11-extensions]
    struct {
    ^
C:/Users/cleme/AppData/Local/Arm/Packs/Keil/LPC1700_DFP/2.7.1/Device/Include\LPC17xx.h(212): warning: anonymous unions are a C11 extension [-Wc11-extensions]
  union {
  ^
C:/Users/cleme/AppData/Local/Arm/Packs/Keil/LPC1700_DFP/2.7.1/Device/Include\LPC17xx.h(227): warning: anonymous structs are a C11 extension [-Wc11-extensions]
    struct {
    ^
C:/Users/cleme/AppData/Local/Arm/Packs/Keil/LPC1700_DFP/2.7.1/Device/Include\LPC17xx.h(231): warning: anonymous structs are a C11 extension [-Wc11-extensions]
    struct {
    ^
C:/Users/cleme/AppData/Local/Arm/Packs/Keil/LPC1700_DFP/2.7.1/Device/Include\LPC17xx.h(225): warning: anonymous unions are a C11 extension [-Wc11-extensions]
  union {
  ^
C:/Users/cleme/AppData/Local/Arm/Packs/Keil/LPC1700_DFP/2.7.1/Device/Include\LPC17xx.h(240): warning: anonymous structs are a C11 extension [-Wc11-extensions]
    struct {
    ^
C:/Users/cleme/AppData/Local/Arm/Packs/Keil/LPC1700_DFP/2.7.1/Device/Include\LPC17xx.h(244): warning: anonymous structs are a C11 extension [-Wc11-extensions]
    struct {
    ^
C:/Users/cleme/AppData/Local/Arm/Packs/Keil/LPC1700_DFP/2.7.1/Device/Include\LPC17xx.h(238): warning: anonymous unions are a C11 extension [-Wc11-extensions]
  union {
  ^
C:/Users/cleme/AppData/Local/Arm/Packs/Keil/LPC1700_DFP/2.7.1/Device/Include\LPC17xx.h(253): warning: anonymous structs are a C11 extension [-Wc11-extensions]
    struct {
    ^
C:/Users/cleme/AppData/Local/Arm/Packs/Keil/LPC1700_DFP/2.7.1/Device/Include\LPC17xx.h(257): warning: anonymous structs are a C11 extension [-Wc11-extensions]
    struct {
    ^
C:/Users/cleme/AppData/Local/Arm/Packs/Keil/LPC1700_DFP/2.7.1/Device/Include\LPC17xx.h(251): warning: anonymous unions are a C11 extension [-Wc11-extensions]
  union {
  ^
C:/Users/cleme/AppData/Local/Arm/Packs/Keil/LPC1700_DFP/2.7.1/Device/Include\LPC17xx.h(339): warning: anonymous unions are a C11 extension [-Wc11-extensions]
  union {
  ^
C:/Users/cleme/AppData/Local/Arm/Packs/Keil/LPC1700_DFP/2.7.1/Device/Include\LPC17xx.h(345): warning: anonymous unions are a C11 extension [-Wc11-extensions]
  union {
  ^
C:/Users/cleme/AppData/Local/Arm/Packs/Keil/LPC1700_DFP/2.7.1/Device/Include\LPC17xx.h(349): warning: anonymous unions are a C11 extension [-Wc11-extensions]
  union {
  ^
C:/Users/cleme/AppData/Local/Arm/Packs/Keil/LPC1700_DFP/2.7.1/Device/Include\LPC17xx.h(371): warning: anonymous unions are a C11 extension [-Wc11-extensions]
  union {
  ^
C:/Users/cleme/AppData/Local/Arm/Packs/Keil/LPC1700_DFP/2.7.1/Device/Include\LPC17xx.h(377): warning: anonymous unions are a C11 extension [-Wc11-extensions]
  union {
  ^
C:/Users/cleme/AppData/Local/Arm/Packs/Keil/LPC1700_DFP/2.7.1/Device/Include\LPC17xx.h(382): warning: anonymous unions are a C11 extension [-Wc11-extensions]
  union {
  ^
C:/Users/cleme/AppData/Local/Arm/Packs/Keil/LPC1700_DFP/2.7.1/Device/Include\LPC17xx.h(833): warning: anonymous unions are a C11 extension [-Wc11-extensions]
  union {
  ^
C:/Users/cleme/AppData/Local/Arm/Packs/Keil/LPC1700_DFP/2.7.1/Device/Include\LPC17xx.h(843): warning: anonymous unions are a C11 extension [-Wc11-extensions]
  union {
  ^
C:/Users/cleme/AppData/Local/Arm/Packs/Keil/LPC1700_DFP/2.7.1/Device/Include\LPC17xx.h(847): warning: anonymous unions are a C11 extension [-Wc11-extensions]
  union {
  ^
24 warnings generated.
compiling GPIO_LPC17xx.c...
main.c(26): warning: In file included from...
C:/Users/cleme/AppData/Local/Arm/Packs/Keil/LPC1700_DFP/2.7.1/RTE_Driver\GPIO_LPC17xx.h(30): warning: In file included from...
C:/Users/cleme/AppData/Local/Arm/Packs/Keil/LPC1700_DFP/2.7.1/Device/Include\LPC17xx.h(200): warning: anonymous structs are a C11 extension [-Wc11-extensions]
    struct {
    ^
C:/Users/cleme/AppData/Local/Arm/Packs/Keil/LPC1700_DFP/2.7.1/Device/Include\LPC17xx.h(204): warning: anonymous structs are a C11 extension [-Wc11-extensions]
    struct {
    ^
C:/Users/cleme/AppData/Local/Arm/Packs/Keil/LPC1700_DFP/2.7.1/Device/Include\LPC17xx.h(198): warning: anonymous unions are a C11 extension [-Wc11-extensions]
  union {
  ^
C:/Users/cleme/AppData/Local/Arm/Packs/Keil/LPC1700_DFP/2.7.1/Device/Include\LPC17xx.h(214): warning: anonymous structs are a C11 extension [-Wc11-extensions]
    struct {
    ^
C:/Users/cleme/AppData/Local/Arm/Packs/Keil/LPC1700_DFP/2.7.1/Device/Include\LPC17xx.h(218): warning: anonymous structs are a C11 extension [-Wc11-extensions]
    struct {
    ^
C:/Users/cleme/AppData/Local/Arm/Packs/Keil/LPC1700_DFP/2.7.1/Device/Include\LPC17xx.h(212): warning: anonymous unions are a C11 extension [-Wc11-extensions]
  union {
  ^
C:/Users/cleme/AppData/Local/Arm/Packs/Keil/LPC1700_DFP/2.7.1/Device/Include\LPC17xx.h(227): warning: anonymous structs are a C11 extension [-Wc11-extensions]
    struct {
    ^
C:/Users/cleme/AppData/Local/Arm/Packs/Keil/LPC1700_DFP/2.7.1/Device/Include\LPC17xx.h(231): warning: anonymous structs are a C11 extension [-Wc11-extensions]
    struct {
    ^
C:/Users/cleme/AppData/Local/Arm/Packs/Keil/LPC1700_DFP/2.7.1/Device/Include\LPC17xx.h(225): warning: anonymous unions are a C11 extension [-Wc11-extensions]
  union {
  ^
C:/Users/cleme/AppData/Local/Arm/Packs/Keil/LPC1700_DFP/2.7.1/Device/Include\LPC17xx.h(240): warning: anonymous structs are a C11 extension [-Wc11-extensions]
    struct {
    ^
C:/Users/cleme/AppData/Local/Arm/Packs/Keil/LPC1700_DFP/2.7.1/Device/Include\LPC17xx.h(244): warning: anonymous structs are a C11 extension [-Wc11-extensions]
    struct {
    ^
C:/Users/cleme/AppData/Local/Arm/Packs/Keil/LPC1700_DFP/2.7.1/Device/Include\LPC17xx.h(238): warning: anonymous unions are a C11 extension [-Wc11-extensions]
  union {
  ^
C:/Users/cleme/AppData/Local/Arm/Packs/Keil/LPC1700_DFP/2.7.1/Device/Include\LPC17xx.h(253): warning: anonymous structs are a C11 extension [-Wc11-extensions]
    struct {
    ^
C:/Users/cleme/AppData/Local/Arm/Packs/Keil/LPC1700_DFP/2.7.1/Device/Include\LPC17xx.h(257): warning: anonymous structs are a C11 extension [-Wc11-extensions]
    struct {
    ^
C:/Users/cleme/AppData/Local/Arm/Packs/Keil/LPC1700_DFP/2.7.1/Device/Include\LPC17xx.h(251): warning: anonymous unions are a C11 extension [-Wc11-extensions]
  union {
  ^
C:/Users/cleme/AppData/Local/Arm/Packs/Keil/LPC1700_DFP/2.7.1/Device/Include\LPC17xx.h(339): warning: anonymous unions are a C11 extension [-Wc11-extensions]
  union {
  ^
C:/Users/cleme/AppData/Local/Arm/Packs/Keil/LPC1700_DFP/2.7.1/Device/Include\LPC17xx.h(345): warning: anonymous unions are a C11 extension [-Wc11-extensions]
  union {
  ^
C:/Users/cleme/AppData/Local/Arm/Packs/Keil/LPC1700_DFP/2.7.1/Device/Include\LPC17xx.h(349): warning: anonymous unions are a C11 extension [-Wc11-extensions]
  union {
  ^
C:/Users/cleme/AppData/Local/Arm/Packs/Keil/LPC1700_DFP/2.7.1/Device/Include\LPC17xx.h(371): warning: anonymous unions are a C11 extension [-Wc11-extensions]
  union {
  ^
C:/Users/cleme/AppData/Local/Arm/Packs/Keil/LPC1700_DFP/2.7.1/Device/Include\LPC17xx.h(377): warning: anonymous unions are a C11 extension [-Wc11-extensions]
  union {
  ^
C:/Users/cleme/AppData/Local/Arm/Packs/Keil/LPC1700_DFP/2.7.1/Device/Include\LPC17xx.h(382): warning: anonymous unions are a C11 extension [-Wc11-extensions]
  union {
  ^
C:/Users/cleme/AppData/Local/Arm/Packs/Keil/LPC1700_DFP/2.7.1/Device/Include\LPC17xx.h(833): warning: anonymous unions are a C11 extension [-Wc11-extensions]
  union {
  ^
C:/Users/cleme/AppData/Local/Arm/Packs/Keil/LPC1700_DFP/2.7.1/Device/Include\LPC17xx.h(843): warning: anonymous unions are a C11 extension [-Wc11-extensions]
  union {
  ^
C:/Users/cleme/AppData/Local/Arm/Packs/Keil/LPC1700_DFP/2.7.1/Device/Include\LPC17xx.h(847): warning: anonymous unions are a C11 extension [-Wc11-extensions]
  union {
  ^
main.c(31): warning: no previous extern declaration for non-static variable 'etatbot' [-Wmissing-variable-declarations]
int etatbot = 0;
    ^
main.c(31): note: declare 'static' if the variable is not intended to be used outside of this translation unit
int etatbot = 0;
^
main.c(32): warning: no previous extern declaration for non-static variable 'etat' [-Wmissing-variable-declarations]
int etat = 0;
    ^
main.c(32): note: declare 'static' if the variable is not intended to be used outside of this translation unit
int etat = 0;
^
main.c(33): warning: no previous extern declaration for non-static variable 'etatpin' [-Wmissing-variable-declarations]
char etatpin = 0;
     ^
main.c(33): note: declare 'static' if the variable is not intended to be used outside of this translation unit
char etatpin = 0;
^
27 warnings generated.
compiling main.c...
ArmClang: warning: Your license for feature Keil will expire in 3 days [-Wlicense-management]
ArmClang: warning: Your license for feature Keil will expire in 3 days [-Wlicense-management]
assembling startup_LPC17xx.s...
C:/Users/cleme/AppData/Local/Arm/Packs/Keil/LPC1700_DFP/2.7.1/RTE_Driver/PIN_LPC17xx.c(26): warning: In file included from...
C:/Users/cleme/AppData/Local/Arm/Packs/Keil/LPC1700_DFP/2.7.1/Device/Include\LPC17xx.h(200): warning: anonymous structs are a C11 extension [-Wc11-extensions]
    struct {
    ^
C:/Users/cleme/AppData/Local/Arm/Packs/Keil/LPC1700_DFP/2.7.1/Device/Include\LPC17xx.h(204): warning: anonymous structs are a C11 extension [-Wc11-extensions]
    struct {
    ^
C:/Users/cleme/AppData/Local/Arm/Packs/Keil/LPC1700_DFP/2.7.1/Device/Include\LPC17xx.h(198): warning: anonymous unions are a C11 extension [-Wc11-extensions]
  union {
  ^
C:/Users/cleme/AppData/Local/Arm/Packs/Keil/LPC1700_DFP/2.7.1/Device/Include\LPC17xx.h(214): warning: anonymous structs are a C11 extension [-Wc11-extensions]
    struct {
    ^
C:/Users/cleme/AppData/Local/Arm/Packs/Keil/LPC1700_DFP/2.7.1/Device/Include\LPC17xx.h(218): warning: anonymous structs are a C11 extension [-Wc11-extensions]
    struct {
    ^
C:/Users/cleme/AppData/Local/Arm/Packs/Keil/LPC1700_DFP/2.7.1/Device/Include\LPC17xx.h(212): warning: anonymous unions are a C11 extension [-Wc11-extensions]
  union {
  ^
C:/Users/cleme/AppData/Local/Arm/Packs/Keil/LPC1700_DFP/2.7.1/Device/Include\LPC17xx.h(227): warning: anonymous structs are a C11 extension [-Wc11-extensions]
    struct {
    ^
C:/Users/cleme/AppData/Local/Arm/Packs/Keil/LPC1700_DFP/2.7.1/Device/Include\LPC17xx.h(231): warning: anonymous structs are a C11 extension [-Wc11-extensions]
    struct {
    ^
C:/Users/cleme/AppData/Local/Arm/Packs/Keil/LPC1700_DFP/2.7.1/Device/Include\LPC17xx.h(225): warning: anonymous unions are a C11 extension [-Wc11-extensions]
  union {
  ^
C:/Users/cleme/AppData/Local/Arm/Packs/Keil/LPC1700_DFP/2.7.1/Device/Include\LPC17xx.h(240): warning: anonymous structs are a C11 extension [-Wc11-extensions]
    struct {
    ^
C:/Users/cleme/AppData/Local/Arm/Packs/Keil/LPC1700_DFP/2.7.1/Device/Include\LPC17xx.h(244): warning: anonymous structs are a C11 extension [-Wc11-extensions]
    struct {
    ^
C:/Users/cleme/AppData/Local/Arm/Packs/Keil/LPC1700_DFP/2.7.1/Device/Include\LPC17xx.h(238): warning: anonymous unions are a C11 extension [-Wc11-extensions]
  union {
  ^
C:/Users/cleme/AppData/Local/Arm/Packs/Keil/LPC1700_DFP/2.7.1/Device/Include\LPC17xx.h(253): warning: anonymous structs are a C11 extension [-Wc11-extensions]
    struct {
    ^
C:/Users/cleme/AppData/Local/Arm/Packs/Keil/LPC1700_DFP/2.7.1/Device/Include\LPC17xx.h(257): warning: anonymous structs are a C11 extension [-Wc11-extensions]
    struct {
    ^
C:/Users/cleme/AppData/Local/Arm/Packs/Keil/LPC1700_DFP/2.7.1/Device/Include\LPC17xx.h(251): warning: anonymous unions are a C11 extension [-Wc11-extensions]
  union {
  ^
C:/Users/cleme/AppData/Local/Arm/Packs/Keil/LPC1700_DFP/2.7.1/Device/Include\LPC17xx.h(339): warning: anonymous unions are a C11 extension [-Wc11-extensions]
  union {
  ^
C:/Users/cleme/AppData/Local/Arm/Packs/Keil/LPC1700_DFP/2.7.1/Device/Include\LPC17xx.h(345): warning: anonymous unions are a C11 extension [-Wc11-extensions]
  union {
  ^
C:/Users/cleme/AppData/Local/Arm/Packs/Keil/LPC1700_DFP/2.7.1/Device/Include\LPC17xx.h(349): warning: anonymous unions are a C11 extension [-Wc11-extensions]
  union {
  ^
C:/Users/cleme/AppData/Local/Arm/Packs/Keil/LPC1700_DFP/2.7.1/Device/Include\LPC17xx.h(371): warning: anonymous unions are a C11 extension [-Wc11-extensions]
  union {
  ^
C:/Users/cleme/AppData/Local/Arm/Packs/Keil/LPC1700_DFP/2.7.1/Device/Include\LPC17xx.h(377): warning: anonymous unions are a C11 extension [-Wc11-extensions]
  union {
  ^
C:/Users/cleme/AppData/Local/Arm/Packs/Keil/LPC1700_DFP/2.7.1/Device/Include\LPC17xx.h(382): warning: anonymous unions are a C11 extension [-Wc11-extensions]
  union {
  ^
C:/Users/cleme/AppData/Local/Arm/Packs/Keil/LPC1700_DFP/2.7.1/Device/Include\LPC17xx.h(833): warning: anonymous unions are a C11 extension [-Wc11-extensions]
  union {
  ^
C:/Users/cleme/AppData/Local/Arm/Packs/Keil/LPC1700_DFP/2.7.1/Device/Include\LPC17xx.h(843): warning: anonymous unions are a C11 extension [-Wc11-extensions]
  union {
  ^
C:/Users/cleme/AppData/Local/Arm/Packs/Keil/LPC1700_DFP/2.7.1/Device/Include\LPC17xx.h(847): warning: anonymous unions are a C11 extension [-Wc11-extensions]
  union {
  ^
24 warnings generated.
compiling PIN_LPC17xx.c...
C:/Users/cleme/AppData/Local/Arm/Packs/Keil/LPC1700_DFP/2.7.1/RTE_Driver/GPDMA_LPC17xx.c(37): warning: In file included from...
C:/Users/cleme/AppData/Local/Arm/Packs/Keil/LPC1700_DFP/2.7.1/RTE_Driver/GPDMA_LPC17xx.h(30): warning: In file included from...
C:/Users/cleme/AppData/Local/Arm/Packs/Keil/LPC1700_DFP/2.7.1/Device/Include\LPC17xx.h(200): warning: anonymous structs are a C11 extension [-Wc11-extensions]
    struct {
    ^
C:/Users/cleme/AppData/Local/Arm/Packs/Keil/LPC1700_DFP/2.7.1/Device/Include\LPC17xx.h(204): warning: anonymous structs are a C11 extension [-Wc11-extensions]
    struct {
    ^
C:/Users/cleme/AppData/Local/Arm/Packs/Keil/LPC1700_DFP/2.7.1/Device/Include\LPC17xx.h(198): warning: anonymous unions are a C11 extension [-Wc11-extensions]
  union {
  ^
C:/Users/cleme/AppData/Local/Arm/Packs/Keil/LPC1700_DFP/2.7.1/Device/Include\LPC17xx.h(214): warning: anonymous structs are a C11 extension [-Wc11-extensions]
    struct {
    ^
C:/Users/cleme/AppData/Local/Arm/Packs/Keil/LPC1700_DFP/2.7.1/Device/Include\LPC17xx.h(218): warning: anonymous structs are a C11 extension [-Wc11-extensions]
    struct {
    ^
C:/Users/cleme/AppData/Local/Arm/Packs/Keil/LPC1700_DFP/2.7.1/Device/Include\LPC17xx.h(212): warning: anonymous unions are a C11 extension [-Wc11-extensions]
  union {
  ^
C:/Users/cleme/AppData/Local/Arm/Packs/Keil/LPC1700_DFP/2.7.1/Device/Include\LPC17xx.h(227): warning: anonymous structs are a C11 extension [-Wc11-extensions]
    struct {
    ^
C:/Users/cleme/AppData/Local/Arm/Packs/Keil/LPC1700_DFP/2.7.1/Device/Include\LPC17xx.h(231): warning: anonymous structs are a C11 extension [-Wc11-extensions]
    struct {
    ^
C:/Users/cleme/AppData/Local/Arm/Packs/Keil/LPC1700_DFP/2.7.1/Device/Include\LPC17xx.h(225): warning: anonymous unions are a C11 extension [-Wc11-extensions]
  union {
  ^
C:/Users/cleme/AppData/Local/Arm/Packs/Keil/LPC1700_DFP/2.7.1/Device/Include\LPC17xx.h(240): warning: anonymous structs are a C11 extension [-Wc11-extensions]
    struct {
    ^
C:/Users/cleme/AppData/Local/Arm/Packs/Keil/LPC1700_DFP/2.7.1/Device/Include\LPC17xx.h(244): warning: anonymous structs are a C11 extension [-Wc11-extensions]
    struct {
    ^
C:/Users/cleme/AppData/Local/Arm/Packs/Keil/LPC1700_DFP/2.7.1/Device/Include\LPC17xx.h(238): warning: anonymous unions are a C11 extension [-Wc11-extensions]
  union {
  ^
C:/Users/cleme/AppData/Local/Arm/Packs/Keil/LPC1700_DFP/2.7.1/Device/Include\LPC17xx.h(253): warning: anonymous structs are a C11 extension [-Wc11-extensions]
    struct {
    ^
C:/Users/cleme/AppData/Local/Arm/Packs/Keil/LPC1700_DFP/2.7.1/Device/Include\LPC17xx.h(257): warning: anonymous structs are a C11 extension [-Wc11-extensions]
    struct {
    ^
C:/Users/cleme/AppData/Local/Arm/Packs/Keil/LPC1700_DFP/2.7.1/Device/Include\LPC17xx.h(251): warning: anonymous unions are a C11 extension [-Wc11-extensions]
  union {
  ^
C:/Users/cleme/AppData/Local/Arm/Packs/Keil/LPC1700_DFP/2.7.1/Device/Include\LPC17xx.h(339): warning: anonymous unions are a C11 extension [-Wc11-extensions]
  union {
  ^
C:/Users/cleme/AppData/Local/Arm/Packs/Keil/LPC1700_DFP/2.7.1/Device/Include\LPC17xx.h(345): warning: anonymous unions are a C11 extension [-Wc11-extensions]
  union {
  ^
C:/Users/cleme/AppData/Local/Arm/Packs/Keil/LPC1700_DFP/2.7.1/Device/Include\LPC17xx.h(349): warning: anonymous unions are a C11 extension [-Wc11-extensions]
  union {
  ^
C:/Users/cleme/AppData/Local/Arm/Packs/Keil/LPC1700_DFP/2.7.1/Device/Include\LPC17xx.h(371): warning: anonymous unions are a C11 extension [-Wc11-extensions]
  union {
  ^
C:/Users/cleme/AppData/Local/Arm/Packs/Keil/LPC1700_DFP/2.7.1/Device/Include\LPC17xx.h(377): warning: anonymous unions are a C11 extension [-Wc11-extensions]
  union {
  ^
C:/Users/cleme/AppData/Local/Arm/Packs/Keil/LPC1700_DFP/2.7.1/Device/Include\LPC17xx.h(382): warning: anonymous unions are a C11 extension [-Wc11-extensions]
  union {
  ^
C:/Users/cleme/AppData/Local/Arm/Packs/Keil/LPC1700_DFP/2.7.1/Device/Include\LPC17xx.h(833): warning: anonymous unions are a C11 extension [-Wc11-extensions]
  union {
  ^
C:/Users/cleme/AppData/Local/Arm/Packs/Keil/LPC1700_DFP/2.7.1/Device/Include\LPC17xx.h(843): warning: anonymous unions are a C11 extension [-Wc11-extensions]
  union {
  ^
C:/Users/cleme/AppData/Local/Arm/Packs/Keil/LPC1700_DFP/2.7.1/Device/Include\LPC17xx.h(847): warning: anonymous unions are a C11 extension [-Wc11-extensions]
  union {
  ^
24 warnings generated.
compiling GPDMA_LPC17xx.c...
RTE/Device/LPC1768/system_LPC17xx.c(36): warning: In file included from...
C:/Users/cleme/AppData/Local/Arm/Packs/Keil/LPC1700_DFP/2.7.1/Device/Include\LPC17xx.h(200): warning: anonymous structs are a C11 extension [-Wc11-extensions]
    struct {
    ^
C:/Users/cleme/AppData/Local/Arm/Packs/Keil/LPC1700_DFP/2.7.1/Device/Include\LPC17xx.h(204): warning: anonymous structs are a C11 extension [-Wc11-extensions]
    struct {
    ^
C:/Users/cleme/AppData/Local/Arm/Packs/Keil/LPC1700_DFP/2.7.1/Device/Include\LPC17xx.h(198): warning: anonymous unions are a C11 extension [-Wc11-extensions]
  union {
  ^
C:/Users/cleme/AppData/Local/Arm/Packs/Keil/LPC1700_DFP/2.7.1/Device/Include\LPC17xx.h(214): warning: anonymous structs are a C11 extension [-Wc11-extensions]
    struct {
    ^
C:/Users/cleme/AppData/Local/Arm/Packs/Keil/LPC1700_DFP/2.7.1/Device/Include\LPC17xx.h(218): warning: anonymous structs are a C11 extension [-Wc11-extensions]
    struct {
    ^
C:/Users/cleme/AppData/Local/Arm/Packs/Keil/LPC1700_DFP/2.7.1/Device/Include\LPC17xx.h(212): warning: anonymous unions are a C11 extension [-Wc11-extensions]
  union {
  ^
C:/Users/cleme/AppData/Local/Arm/Packs/Keil/LPC1700_DFP/2.7.1/Device/Include\LPC17xx.h(227): warning: anonymous structs are a C11 extension [-Wc11-extensions]
    struct {
    ^
C:/Users/cleme/AppData/Local/Arm/Packs/Keil/LPC1700_DFP/2.7.1/Device/Include\LPC17xx.h(231): warning: anonymous structs are a C11 extension [-Wc11-extensions]
    struct {
    ^
C:/Users/cleme/AppData/Local/Arm/Packs/Keil/LPC1700_DFP/2.7.1/Device/Include\LPC17xx.h(225): warning: anonymous unions are a C11 extension [-Wc11-extensions]
  union {
  ^
C:/Users/cleme/AppData/Local/Arm/Packs/Keil/LPC1700_DFP/2.7.1/Device/Include\LPC17xx.h(240): warning: anonymous structs are a C11 extension [-Wc11-extensions]
    struct {
    ^
C:/Users/cleme/AppData/Local/Arm/Packs/Keil/LPC1700_DFP/2.7.1/Device/Include\LPC17xx.h(244): warning: anonymous structs are a C11 extension [-Wc11-extensions]
    struct {
    ^
C:/Users/cleme/AppData/Local/Arm/Packs/Keil/LPC1700_DFP/2.7.1/Device/Include\LPC17xx.h(238): warning: anonymous unions are a C11 extension [-Wc11-extensions]
  union {
  ^
C:/Users/cleme/AppData/Local/Arm/Packs/Keil/LPC1700_DFP/2.7.1/Device/Include\LPC17xx.h(253): warning: anonymous structs are a C11 extension [-Wc11-extensions]
    struct {
    ^
C:/Users/cleme/AppData/Local/Arm/Packs/Keil/LPC1700_DFP/2.7.1/Device/Include\LPC17xx.h(257): warning: anonymous structs are a C11 extension [-Wc11-extensions]
    struct {
    ^
C:/Users/cleme/AppData/Local/Arm/Packs/Keil/LPC1700_DFP/2.7.1/Device/Include\LPC17xx.h(251): warning: anonymous unions are a C11 extension [-Wc11-extensions]
  union {
  ^
C:/Users/cleme/AppData/Local/Arm/Packs/Keil/LPC1700_DFP/2.7.1/Device/Include\LPC17xx.h(339): warning: anonymous unions are a C11 extension [-Wc11-extensions]
  union {
  ^
C:/Users/cleme/AppData/Local/Arm/Packs/Keil/LPC1700_DFP/2.7.1/Device/Include\LPC17xx.h(345): warning: anonymous unions are a C11 extension [-Wc11-extensions]
  union {
  ^
C:/Users/cleme/AppData/Local/Arm/Packs/Keil/LPC1700_DFP/2.7.1/Device/Include\LPC17xx.h(349): warning: anonymous unions are a C11 extension [-Wc11-extensions]
  union {
  ^
C:/Users/cleme/AppData/Local/Arm/Packs/Keil/LPC1700_DFP/2.7.1/Device/Include\LPC17xx.h(371): warning: anonymous unions are a C11 extension [-Wc11-extensions]
  union {
  ^
C:/Users/cleme/AppData/Local/Arm/Packs/Keil/LPC1700_DFP/2.7.1/Device/Include\LPC17xx.h(377): warning: anonymous unions are a C11 extension [-Wc11-extensions]
  union {
  ^
C:/Users/cleme/AppData/Local/Arm/Packs/Keil/LPC1700_DFP/2.7.1/Device/Include\LPC17xx.h(382): warning: anonymous unions are a C11 extension [-Wc11-extensions]
  union {
  ^
C:/Users/cleme/AppData/Local/Arm/Packs/Keil/LPC1700_DFP/2.7.1/Device/Include\LPC17xx.h(833): warning: anonymous unions are a C11 extension [-Wc11-extensions]
  union {
  ^
C:/Users/cleme/AppData/Local/Arm/Packs/Keil/LPC1700_DFP/2.7.1/Device/Include\LPC17xx.h(843): warning: anonymous unions are a C11 extension [-Wc11-extensions]
  union {
  ^
C:/Users/cleme/AppData/Local/Arm/Packs/Keil/LPC1700_DFP/2.7.1/Device/Include\LPC17xx.h(847): warning: anonymous unions are a C11 extension [-Wc11-extensions]
  union {
  ^
24 warnings generated.
compiling system_LPC17xx.c...
C:/Users/cleme/AppData/Local/Arm/Packs/Keil/LPC1700_DFP/2.7.1/Boards/Keil/MCB1700/Common/GLCD_MCB1700.c(36): warning: In file included from...
C:/Users/cleme/AppData/Local/Arm/Packs/Keil/LPC1700_DFP/2.7.1/Device/Include\LPC17xx.h(200): warning: anonymous structs are a C11 extension [-Wc11-extensions]
    struct {
    ^
C:/Users/cleme/AppData/Local/Arm/Packs/Keil/LPC1700_DFP/2.7.1/Device/Include\LPC17xx.h(204): warning: anonymous structs are a C11 extension [-Wc11-extensions]
    struct {
    ^
C:/Users/cleme/AppData/Local/Arm/Packs/Keil/LPC1700_DFP/2.7.1/Device/Include\LPC17xx.h(198): warning: anonymous unions are a C11 extension [-Wc11-extensions]
  union {
  ^
C:/Users/cleme/AppData/Local/Arm/Packs/Keil/LPC1700_DFP/2.7.1/Device/Include\LPC17xx.h(214): warning: anonymous structs are a C11 extension [-Wc11-extensions]
    struct {
    ^
C:/Users/cleme/AppData/Local/Arm/Packs/Keil/LPC1700_DFP/2.7.1/Device/Include\LPC17xx.h(218): warning: anonymous structs are a C11 extension [-Wc11-extensions]
    struct {
    ^
C:/Users/cleme/AppData/Local/Arm/Packs/Keil/LPC1700_DFP/2.7.1/Device/Include\LPC17xx.h(212): warning: anonymous unions are a C11 extension [-Wc11-extensions]
  union {
  ^
C:/Users/cleme/AppData/Local/Arm/Packs/Keil/LPC1700_DFP/2.7.1/Device/Include\LPC17xx.h(227): warning: anonymous structs are a C11 extension [-Wc11-extensions]
    struct {
    ^
C:/Users/cleme/AppData/Local/Arm/Packs/Keil/LPC1700_DFP/2.7.1/Device/Include\LPC17xx.h(231): warning: anonymous structs are a C11 extension [-Wc11-extensions]
    struct {
    ^
C:/Users/cleme/AppData/Local/Arm/Packs/Keil/LPC1700_DFP/2.7.1/Device/Include\LPC17xx.h(225): warning: anonymous unions are a C11 extension [-Wc11-extensions]
  union {
  ^
C:/Users/cleme/AppData/Local/Arm/Packs/Keil/LPC1700_DFP/2.7.1/Device/Include\LPC17xx.h(240): warning: anonymous structs are a C11 extension [-Wc11-extensions]
    struct {
    ^
C:/Users/cleme/AppData/Local/Arm/Packs/Keil/LPC1700_DFP/2.7.1/Device/Include\LPC17xx.h(244): warning: anonymous structs are a C11 extension [-Wc11-extensions]
    struct {
    ^
C:/Users/cleme/AppData/Local/Arm/Packs/Keil/LPC1700_DFP/2.7.1/Device/Include\LPC17xx.h(238): warning: anonymous unions are a C11 extension [-Wc11-extensions]
  union {
  ^
C:/Users/cleme/AppData/Local/Arm/Packs/Keil/LPC1700_DFP/2.7.1/Device/Include\LPC17xx.h(253): warning: anonymous structs are a C11 extension [-Wc11-extensions]
    struct {
    ^
C:/Users/cleme/AppData/Local/Arm/Packs/Keil/LPC1700_DFP/2.7.1/Device/Include\LPC17xx.h(257): warning: anonymous structs are a C11 extension [-Wc11-extensions]
    struct {
    ^
C:/Users/cleme/AppData/Local/Arm/Packs/Keil/LPC1700_DFP/2.7.1/Device/Include\LPC17xx.h(251): warning: anonymous unions are a C11 extension [-Wc11-extensions]
  union {
  ^
C:/Users/cleme/AppData/Local/Arm/Packs/Keil/LPC1700_DFP/2.7.1/Device/Include\LPC17xx.h(339): warning: anonymous unions are a C11 extension [-Wc11-extensions]
  union {
  ^
C:/Users/cleme/AppData/Local/Arm/Packs/Keil/LPC1700_DFP/2.7.1/Device/Include\LPC17xx.h(345): warning: anonymous unions are a C11 extension [-Wc11-extensions]
  union {
  ^
C:/Users/cleme/AppData/Local/Arm/Packs/Keil/LPC1700_DFP/2.7.1/Device/Include\LPC17xx.h(349): warning: anonymous unions are a C11 extension [-Wc11-extensions]
  union {
  ^
C:/Users/cleme/AppData/Local/Arm/Packs/Keil/LPC1700_DFP/2.7.1/Device/Include\LPC17xx.h(371): warning: anonymous unions are a C11 extension [-Wc11-extensions]
  union {
  ^
C:/Users/cleme/AppData/Local/Arm/Packs/Keil/LPC1700_DFP/2.7.1/Device/Include\LPC17xx.h(377): warning: anonymous unions are a C11 extension [-Wc11-extensions]
  union {
  ^
C:/Users/cleme/AppData/Local/Arm/Packs/Keil/LPC1700_DFP/2.7.1/Device/Include\LPC17xx.h(382): warning: anonymous unions are a C11 extension [-Wc11-extensions]
  union {
  ^
C:/Users/cleme/AppData/Local/Arm/Packs/Keil/LPC1700_DFP/2.7.1/Device/Include\LPC17xx.h(833): warning: anonymous unions are a C11 extension [-Wc11-extensions]
  union {
  ^
C:/Users/cleme/AppData/Local/Arm/Packs/Keil/LPC1700_DFP/2.7.1/Device/Include\LPC17xx.h(843): warning: anonymous unions are a C11 extension [-Wc11-extensions]
  union {
  ^
C:/Users/cleme/AppData/Local/Arm/Packs/Keil/LPC1700_DFP/2.7.1/Device/Include\LPC17xx.h(847): warning: anonymous unions are a C11 extension [-Wc11-extensions]
  union {
  ^
24 warnings generated.
compiling GLCD_MCB1700.c...
C:/Users/cleme/AppData/Local/Arm/Packs/Keil/LPC1700_DFP/2.7.1/RTE_Driver/SSP_LPC17xx.c(72): warning: In file included from...
C:/Users/cleme/AppData/Local/Arm/Packs/Keil/LPC1700_DFP/2.7.1/RTE_Driver/SSP_LPC17xx.h(30): warning: In file included from...
C:/Users/cleme/AppData/Local/Arm/Packs/Keil/LPC1700_DFP/2.7.1/Device/Include\LPC17xx.h(200): warning: anonymous structs are a C11 extension [-Wc11-extensions]
    struct {
    ^
C:/Users/cleme/AppData/Local/Arm/Packs/Keil/LPC1700_DFP/2.7.1/Device/Include\LPC17xx.h(204): warning: anonymous structs are a C11 extension [-Wc11-extensions]
    struct {
    ^
C:/Users/cleme/AppData/Local/Arm/Packs/Keil/LPC1700_DFP/2.7.1/Device/Include\LPC17xx.h(198): warning: anonymous unions are a C11 extension [-Wc11-extensions]
  union {
  ^
C:/Users/cleme/AppData/Local/Arm/Packs/Keil/LPC1700_DFP/2.7.1/Device/Include\LPC17xx.h(214): warning: anonymous structs are a C11 extension [-Wc11-extensions]
    struct {
    ^
C:/Users/cleme/AppData/Local/Arm/Packs/Keil/LPC1700_DFP/2.7.1/Device/Include\LPC17xx.h(218): warning: anonymous structs are a C11 extension [-Wc11-extensions]
    struct {
    ^
C:/Users/cleme/AppData/Local/Arm/Packs/Keil/LPC1700_DFP/2.7.1/Device/Include\LPC17xx.h(212): warning: anonymous unions are a C11 extension [-Wc11-extensions]
  union {
  ^
C:/Users/cleme/AppData/Local/Arm/Packs/Keil/LPC1700_DFP/2.7.1/Device/Include\LPC17xx.h(227): warning: anonymous structs are a C11 extension [-Wc11-extensions]
    struct {
    ^
C:/Users/cleme/AppData/Local/Arm/Packs/Keil/LPC1700_DFP/2.7.1/Device/Include\LPC17xx.h(231): warning: anonymous structs are a C11 extension [-Wc11-extensions]
    struct {
    ^
C:/Users/cleme/AppData/Local/Arm/Packs/Keil/LPC1700_DFP/2.7.1/Device/Include\LPC17xx.h(225): warning: anonymous unions are a C11 extension [-Wc11-extensions]
  union {
  ^
C:/Users/cleme/AppData/Local/Arm/Packs/Keil/LPC1700_DFP/2.7.1/Device/Include\LPC17xx.h(240): warning: anonymous structs are a C11 extension [-Wc11-extensions]
    struct {
    ^
C:/Users/cleme/AppData/Local/Arm/Packs/Keil/LPC1700_DFP/2.7.1/Device/Include\LPC17xx.h(244): warning: anonymous structs are a C11 extension [-Wc11-extensions]
    struct {
    ^
C:/Users/cleme/AppData/Local/Arm/Packs/Keil/LPC1700_DFP/2.7.1/Device/Include\LPC17xx.h(238): warning: anonymous unions are a C11 extension [-Wc11-extensions]
  union {
  ^
C:/Users/cleme/AppData/Local/Arm/Packs/Keil/LPC1700_DFP/2.7.1/Device/Include\LPC17xx.h(253): warning: anonymous structs are a C11 extension [-Wc11-extensions]
    struct {
    ^
C:/Users/cleme/AppData/Local/Arm/Packs/Keil/LPC1700_DFP/2.7.1/Device/Include\LPC17xx.h(257): warning: anonymous structs are a C11 extension [-Wc11-extensions]
    struct {
    ^
C:/Users/cleme/AppData/Local/Arm/Packs/Keil/LPC1700_DFP/2.7.1/Device/Include\LPC17xx.h(251): warning: anonymous unions are a C11 extension [-Wc11-extensions]
  union {
  ^
C:/Users/cleme/AppData/Local/Arm/Packs/Keil/LPC1700_DFP/2.7.1/Device/Include\LPC17xx.h(339): warning: anonymous unions are a C11 extension [-Wc11-extensions]
  union {
  ^
C:/Users/cleme/AppData/Local/Arm/Packs/Keil/LPC1700_DFP/2.7.1/Device/Include\LPC17xx.h(345): warning: anonymous unions are a C11 extension [-Wc11-extensions]
  union {
  ^
C:/Users/cleme/AppData/Local/Arm/Packs/Keil/LPC1700_DFP/2.7.1/Device/Include\LPC17xx.h(349): warning: anonymous unions are a C11 extension [-Wc11-extensions]
  union {
  ^
C:/Users/cleme/AppData/Local/Arm/Packs/Keil/LPC1700_DFP/2.7.1/Device/Include\LPC17xx.h(371): warning: anonymous unions are a C11 extension [-Wc11-extensions]
  union {
  ^
C:/Users/cleme/AppData/Local/Arm/Packs/Keil/LPC1700_DFP/2.7.1/Device/Include\LPC17xx.h(377): warning: anonymous unions are a C11 extension [-Wc11-extensions]
  union {
  ^
C:/Users/cleme/AppData/Local/Arm/Packs/Keil/LPC1700_DFP/2.7.1/Device/Include\LPC17xx.h(382): warning: anonymous unions are a C11 extension [-Wc11-extensions]
  union {
  ^
C:/Users/cleme/AppData/Local/Arm/Packs/Keil/LPC1700_DFP/2.7.1/Device/Include\LPC17xx.h(833): warning: anonymous unions are a C11 extension [-Wc11-extensions]
  union {
  ^
C:/Users/cleme/AppData/Local/Arm/Packs/Keil/LPC1700_DFP/2.7.1/Device/Include\LPC17xx.h(843): warning: anonymous unions are a C11 extension [-Wc11-extensions]
  union {
  ^
C:/Users/cleme/AppData/Local/Arm/Packs/Keil/LPC1700_DFP/2.7.1/Device/Include\LPC17xx.h(847): warning: anonymous unions are a C11 extension [-Wc11-extensions]
  union {
  ^
C:/Users/cleme/AppData/Local/Arm/Packs/Keil/LPC1700_DFP/2.7.1/RTE_Driver/SSP_LPC17xx.c(300): warning: 'RTE_SSP2' is not defined, evaluates to 0 [-Wundef]
#if (RTE_SSP2)
     ^
25 warnings generated.
compiling SSP_LPC17xx.c...
linking...
Program Size: Code=1304 RO-data=256 RW-data=0 ZI-data=832  
".\Objects\Controlle_Moteur.axf" - 0 Error(s), 174 Warning(s).

<h2>Software Packages used:</h2>

Package Vendor: ARM
                http://www.keil.com/pack/ARM.CMSIS.5.8.0.pack
                ARM.CMSIS.5.8.0
                CMSIS (Common Microcontroller Software Interface Standard)
   * Component: SPI Version: 2.3.0
   * Component: CORE Version: 5.5.0

Package Vendor: Keil
                http://www.keil.com/pack/Keil.LPC1700_DFP.2.7.1.pack
                Keil.LPC1700_DFP.2.7.1
                NXP LPC1700 Series Device Support, Drivers and Examples for MCB1700 and LPC1788-32
   * Component: Graphic LCD Version: 1.0.0
   * Component: SSP Version: 2.10.0
   * Component: GPDMA Version: 1.4.0
   * Component: GPIO Version: 1.1.0
   * Component: PIN Version: 1.0.0
   * Component: Startup Version: 1.0.0

Package Vendor: Keil
                http://www.keil.com/pack/Keil.MDK-Middleware.7.13.0.pack
                Keil.MDK-Middleware.7.13.0
                Middleware for Keil MDK-Professional and MDK-Plus
   * Component: Graphic LCD Version: 1.0.0

<h2>Collection of Component include folders:</h2>
  .\RTE\Device\LPC1768
  .\RTE\_Target_1
  C:\Users\cleme\AppData\Local\Arm\Packs\ARM\CMSIS\5.8.0\CMSIS\Core\Include
  C:\Users\cleme\AppData\Local\Arm\Packs\ARM\CMSIS\5.8.0\CMSIS\Driver\Include
  C:\Users\cleme\AppData\Local\Arm\Packs\Keil\LPC1700_DFP\2.7.1\Boards\Keil\MCB1700\Common
  C:\Users\cleme\AppData\Local\Arm\Packs\Keil\LPC1700_DFP\2.7.1\Device\Include
  C:\Users\cleme\AppData\Local\Arm\Packs\Keil\LPC1700_DFP\2.7.1\RTE_Driver
  C:\Users\cleme\AppData\Local\Arm\Packs\Keil\MDK-Middleware\7.13.0\Board

<h2>Collection of Component Files used:</h2>

   * Component: ::Board Support:Graphic LCD:1.0.0 (API)
      Include file:  Board\Board_GLCD.h

   * Component: ::CMSIS Driver:SPI:2.3.0 (API)
      Include file:  CMSIS\Driver\Include\Driver_SPI.h

   * Component: ARM::CMSIS:CORE:5.5.0

   * Component: Keil.MCB1700::Board Support:Graphic LCD:1.0.0
      Source file:   Boards\Keil\MCB1700\Common\GLCD_Fonts.c
      Include file:  Boards\Keil\MCB1700\Common\GLCD_Config.h
      Include file:  Boards\Keil\MCB1700\Common\GLCD_Fonts.h
      Source file:   Boards\Keil\MCB1700\Common\GLCD_MCB1700.c

   * Component: Keil::CMSIS Driver:SPI:SSP:2.10.0
      Source file:   RTE_Driver\SSP_LPC17xx.c

   * Component: Keil::Device:GPDMA:1.4.0
      Include file:  RTE_Driver\GPDMA_LPC17xx.h
      Source file:   RTE_Driver\GPDMA_LPC17xx.c

   * Component: Keil::Device:GPIO:1.1.0
      Include file:  RTE_Driver\GPIO_LPC17xx.h
      Source file:   RTE_Driver\GPIO_LPC17xx.c

   * Component: Keil::Device:PIN:1.0.0
      Include file:  RTE_Driver\PIN_LPC17xx.h
      Source file:   RTE_Driver\PIN_LPC17xx.c

   * Component: Keil::Device:Startup:1.0.0
      Include file:  Device\Include\LPC17xx.h
      Source file:   Device\Source\ARM\startup_LPC17xx.s
      Source file:   Device\Source\system_LPC17xx.c
      Include file:  RTE_Driver\Config\RTE_Device.h
Build Time Elapsed:  00:00:03
</pre>
</body>
</html>
